Archive member included because of file (symbol)

c:/altera/12.1sp1/nios2eds/bin/gnu/h-i686-mingw32/bin/../lib/gcc/nios2-elf/4.1.2/../../../../nios2-elf/lib/mno-hw-mul\libc.a(lib_a-printf.o)
                              obj/default/hello_ucosii.o (printf)
c:/altera/12.1sp1/nios2eds/bin/gnu/h-i686-mingw32/bin/../lib/gcc/nios2-elf/4.1.2/../../../../nios2-elf/lib/mno-hw-mul\libc.a(lib_a-puts.o)
                              obj/default/hello_ucosii.o (puts)
c:/altera/12.1sp1/nios2eds/bin/gnu/h-i686-mingw32/bin/../lib/gcc/nios2-elf/4.1.2/../../../../nios2-elf/lib/mno-hw-mul\libc.a(lib_a-strlen.o)
                              c:/altera/12.1sp1/nios2eds/bin/gnu/h-i686-mingw32/bin/../lib/gcc/nios2-elf/4.1.2/../../../../nios2-elf/lib/mno-hw-mul\libc.a(lib_a-puts.o) (strlen)
c:/altera/12.1sp1/nios2eds/bin/gnu/h-i686-mingw32/bin/../lib/gcc/nios2-elf/4.1.2/../../../../nios2-elf/lib/mno-hw-mul\libc.a(lib_a-vfprintf.o)
                              c:/altera/12.1sp1/nios2eds/bin/gnu/h-i686-mingw32/bin/../lib/gcc/nios2-elf/4.1.2/../../../../nios2-elf/lib/mno-hw-mul\libc.a(lib_a-printf.o) (___vfprintf_internal_r)
c:/altera/12.1sp1/nios2eds/bin/gnu/h-i686-mingw32/bin/../lib/gcc/nios2-elf/4.1.2/../../../../nios2-elf/lib/mno-hw-mul\libc.a(lib_a-wsetup.o)
                              c:/altera/12.1sp1/nios2eds/bin/gnu/h-i686-mingw32/bin/../lib/gcc/nios2-elf/4.1.2/../../../../nios2-elf/lib/mno-hw-mul\libc.a(lib_a-vfprintf.o) (__swsetup_r)
c:/altera/12.1sp1/nios2eds/bin/gnu/h-i686-mingw32/bin/../lib/gcc/nios2-elf/4.1.2/../../../../nios2-elf/lib/mno-hw-mul\libc.a(lib_a-dtoa.o)
                              c:/altera/12.1sp1/nios2eds/bin/gnu/h-i686-mingw32/bin/../lib/gcc/nios2-elf/4.1.2/../../../../nios2-elf/lib/mno-hw-mul\libc.a(lib_a-vfprintf.o) (_dtoa_r)
c:/altera/12.1sp1/nios2eds/bin/gnu/h-i686-mingw32/bin/../lib/gcc/nios2-elf/4.1.2/../../../../nios2-elf/lib/mno-hw-mul\libc.a(lib_a-fflush.o)
                              c:/altera/12.1sp1/nios2eds/bin/gnu/h-i686-mingw32/bin/../lib/gcc/nios2-elf/4.1.2/../../../../nios2-elf/lib/mno-hw-mul\libc.a(lib_a-vfprintf.o) (_fflush_r)
c:/altera/12.1sp1/nios2eds/bin/gnu/h-i686-mingw32/bin/../lib/gcc/nios2-elf/4.1.2/../../../../nios2-elf/lib/mno-hw-mul\libc.a(lib_a-findfp.o)
                              c:/altera/12.1sp1/nios2eds/bin/gnu/h-i686-mingw32/bin/../lib/gcc/nios2-elf/4.1.2/../../../../nios2-elf/lib/mno-hw-mul\libc.a(lib_a-vfprintf.o) (__sinit)
c:/altera/12.1sp1/nios2eds/bin/gnu/h-i686-mingw32/bin/../lib/gcc/nios2-elf/4.1.2/../../../../nios2-elf/lib/mno-hw-mul\libc.a(lib_a-freer.o)
                              c:/altera/12.1sp1/nios2eds/bin/gnu/h-i686-mingw32/bin/../lib/gcc/nios2-elf/4.1.2/../../../../nios2-elf/lib/mno-hw-mul\libc.a(lib_a-wsetup.o) (_free_r)
c:/altera/12.1sp1/nios2eds/bin/gnu/h-i686-mingw32/bin/../lib/gcc/nios2-elf/4.1.2/../../../../nios2-elf/lib/mno-hw-mul\libc.a(lib_a-fvwrite.o)
                              c:/altera/12.1sp1/nios2eds/bin/gnu/h-i686-mingw32/bin/../lib/gcc/nios2-elf/4.1.2/../../../../nios2-elf/lib/mno-hw-mul\libc.a(lib_a-puts.o) (__sfvwrite_r)
c:/altera/12.1sp1/nios2eds/bin/gnu/h-i686-mingw32/bin/../lib/gcc/nios2-elf/4.1.2/../../../../nios2-elf/lib/mno-hw-mul\libc.a(lib_a-fwalk.o)
                              c:/altera/12.1sp1/nios2eds/bin/gnu/h-i686-mingw32/bin/../lib/gcc/nios2-elf/4.1.2/../../../../nios2-elf/lib/mno-hw-mul\libc.a(lib_a-fflush.o) (_fwalk_reent)
c:/altera/12.1sp1/nios2eds/bin/gnu/h-i686-mingw32/bin/../lib/gcc/nios2-elf/4.1.2/../../../../nios2-elf/lib/mno-hw-mul\libc.a(lib_a-impure.o)
                              c:/altera/12.1sp1/nios2eds/bin/gnu/h-i686-mingw32/bin/../lib/gcc/nios2-elf/4.1.2/../../../../nios2-elf/lib/mno-hw-mul\libc.a(lib_a-printf.o) (_impure_ptr)
c:/altera/12.1sp1/nios2eds/bin/gnu/h-i686-mingw32/bin/../lib/gcc/nios2-elf/4.1.2/../../../../nios2-elf/lib/mno-hw-mul\libc.a(lib_a-locale.o)
                              c:/altera/12.1sp1/nios2eds/bin/gnu/h-i686-mingw32/bin/../lib/gcc/nios2-elf/4.1.2/../../../../nios2-elf/lib/mno-hw-mul\libc.a(lib_a-vfprintf.o) (_localeconv_r)
c:/altera/12.1sp1/nios2eds/bin/gnu/h-i686-mingw32/bin/../lib/gcc/nios2-elf/4.1.2/../../../../nios2-elf/lib/mno-hw-mul\libc.a(lib_a-makebuf.o)
                              c:/altera/12.1sp1/nios2eds/bin/gnu/h-i686-mingw32/bin/../lib/gcc/nios2-elf/4.1.2/../../../../nios2-elf/lib/mno-hw-mul\libc.a(lib_a-wsetup.o) (__smakebuf_r)
c:/altera/12.1sp1/nios2eds/bin/gnu/h-i686-mingw32/bin/../lib/gcc/nios2-elf/4.1.2/../../../../nios2-elf/lib/mno-hw-mul\libc.a(lib_a-mallocr.o)
                              c:/altera/12.1sp1/nios2eds/bin/gnu/h-i686-mingw32/bin/../lib/gcc/nios2-elf/4.1.2/../../../../nios2-elf/lib/mno-hw-mul\libc.a(lib_a-findfp.o) (_malloc_r)
c:/altera/12.1sp1/nios2eds/bin/gnu/h-i686-mingw32/bin/../lib/gcc/nios2-elf/4.1.2/../../../../nios2-elf/lib/mno-hw-mul\libc.a(lib_a-memchr.o)
[...]
Memory Configuration

Name             Origin             Length             Attributes
sram_0           0x00080000         0x00080000
reset            0x00104000         0x00000020
onchip_memory2_0 0x00104020         0x00003fe0
*default*        0x00000000         0xffffffff

Linker script and memory map

LOAD ../Tutorial_bsp//obj/HAL/src/crt0.o
LOAD obj/default/hello_ucosii.o
LOAD c:/altera/12.1sp1/nios2eds/bin/gnu/h-i686-mingw32/bin/../lib/gcc/nios2-elf/4.1.2/../../../../nios2-elf/lib/mno-hw-mul\libstdc++.a
LOAD c:/altera/12.1sp1/nios2eds/bin/gnu/h-i686-mingw32/bin/../lib/gcc/nios2-elf/4.1.2/../../../../nios2-elf/lib/mno-hw-mul\libm.a
LOAD c:/altera/12.1sp1/nios2eds/bin/gnu/h-i686-mingw32/bin/../lib/gcc/nios2-elf/4.1.2/mno-hw-mul\libgcc.a
START GROUP
LOAD c:/altera/12.1sp1/nios2eds/bin/gnu/h-i686-mingw32/bin/../lib/gcc/nios2-elf/4.1.2/../../../../nios2-elf/lib/mno-hw-mul\libc.a
LOAD c:/altera/12.1sp1/nios2eds/bin/gnu/h-i686-mingw32/bin/../lib/gcc/nios2-elf/4.1.2/mno-hw-mul\libgcc.a
LOAD ../Tutorial_bsp/\libucosii_bsp.a
END GROUP
LOAD c:/altera/12.1sp1/nios2eds/bin/gnu/h-i686-mingw32/bin/../lib/gcc/nios2-elf/4.1.2/mno-hw-mul\libgcc.a
                0x00080000                __alt_mem_sram_0 = 0x80000
                0x00104000                __alt_mem_onchip_memory2_0 = 0x104000

.entry          0x00104000       0x20
 *(.entry)
 .entry         0x00104000       0x20 ../Tutorial_bsp//obj/HAL/src/crt0.o
                0x00104000                __reset

.exceptions     0x00104020      0x19c load address 0x00080000
                0x00104020                PROVIDE (__ram_exceptions_start, ABSOLUTE (.))
                0x00104020                . = ALIGN (0x20)
 *(.irq)
 *(.exceptions.entry.label)
 .exceptions.entry.label
                0x00104020        0x0 ../Tutorial_bsp/\libucosii_bsp.a(alt_irq_entry.o)
                0x00104020                alt_irq_entry
 .exceptions.entry.label
                0x00104020        0x0 ../Tutorial_bsp/\libucosii_bsp.a(alt_exception_entry.o)
                0x00104020                alt_exception
 *(.exceptions.entry.user)
 *(.exceptions.entry)
 .exceptions.entry
                0x00104020       0x54 ../Tutorial_bsp/\libucosii_bsp.a(alt_exception_entry.o)
 *(.exceptions.irqtest.user)
 *(.exceptions.irqtest)
 .exceptions.irqtest
                0x00104074       0x10 ../Tutorial_bsp/\libucosii_bsp.a(alt_irq_entry.o)
 *(.exceptions.irqhandler.user)
 *(.exceptions.irqhandler)
 .exceptions.irqhandler
                0x00104084        0x4 ../Tutorial_bsp/\libucosii_bsp.a(alt_irq_entry.o)
 *(.exceptions.irqreturn.user)
 *(.exceptions.irqreturn)
 .exceptions.irqreturn
                0x00104088        0x4 ../Tutorial_bsp/\libucosii_bsp.a(alt_irq_entry.o)
 *(.exceptions.notirq.label)
 .exceptions.notirq.label
                0x0010408c        0x0 ../Tutorial_bsp/\libucosii_bsp.a(alt_irq_entry.o)
 *(.exceptions.notirq.user)
 *(.exceptions.notirq)
 .exceptions.notirq
                0x0010408c        0x8 ../Tutorial_bsp/\libucosii_bsp.a(alt_exception_entry.o)
 *(.exceptions.soft.user)
 *(.exceptions.soft)
 *(.exceptions.unknown.user)
 *(.exceptions.unknown)
 .exceptions.unknown
                0x00104094        0x4 ../Tutorial_bsp/\libucosii_bsp.a(alt_exception_entry.o)
 *(.exceptions.exit.label)
 .exceptions.exit.label
                0x00104098        0x0 ../Tutorial_bsp/\libucosii_bsp.a(alt_irq_entry.o)
 .exceptions.exit.label
                0x00104098        0x0 ../Tutorial_bsp/\libucosii_bsp.a(alt_exception_entry.o)
 *(.exceptions.exit.user)
 *(.exceptions.exit)
 .exceptions.exit
                0x00104098       0x54 ../Tutorial_bsp/\libucosii_bsp.a(alt_exception_entry.o)
 *(.exceptions)
 .exceptions    0x001040ec       0xd0 ../Tutorial_bsp/\libucosii_bsp.a(alt_irq_handler.o)
                0x001040ec                alt_irq_handler
                0x001041bc                PROVIDE (__ram_exceptions_end, ABSOLUTE (.))
                0x00080000                PROVIDE (__flash_exceptions_start, LOADADDR (.exceptions))

.text           0x0008019c    0x153a4
                0x0008019c                PROVIDE (stext, ABSOLUTE (.))
 *(.interp)
 *(.hash)
 *(.dynsym)
 *(.dynstr)
 *(.gnu.version)
 *(.gnu.version_d)
 *(.gnu.version_r)
 *(.rel.init)
 *(.rela.init)
 *(.rel.text .rel.text.* .rel.gnu.linkonce.t.*)
 *(.rela.text .rela.text.* .rela.gnu.linkonce.t.*)
 *(.rel.fini)
 *(.rela.fini)
 *(.rel.rodata .rel.rodata.* .rel.gnu.linkonce.r.*)
 *(.rela.rodata .rela.rodata.* .rela.gnu.linkonce.r.*)
 *(.rel.data .rel.data.* .rel.gnu.linkonce.d.*)
 *(.rela.data .rela.data.* .rela.gnu.linkonce.d.*)
 *(.rel.tdata .rel.tdata.* .rel.gnu.linkonce.td.*)
 *(.rela.tdata .rela.tdata.* .rela.gnu.linkonce.td.*)
 *(.rel.tbss .rel.tbss.* .rel.gnu.linkonce.tb.*)
 *(.rela.tbss .rela.tbss.* .rela.gnu.linkonce.tb.*)
 *(.rel.ctors)
 *(.rela.ctors)
 *(.rel.dtors)
 *(.rela.dtors)
 *(.rel.got)
 *(.rela.got)
 *(.rel.sdata .rel.sdata.* .rel.gnu.linkonce.s.*)
 *(.rela.sdata .rela.sdata.* .rela.gnu.linkonce.s.*)
 *(.rel.sbss .rel.sbss.* .rel.gnu.linkonce.sb.*)
 *(.rela.sbss .rela.sbss.* .rela.gnu.linkonce.sb.*)
 *(.rel.sdata2 .rel.sdata2.* .rel.gnu.linkonce.s2.*)
 *(.rela.sdata2 .rela.sdata2.* .rela.gnu.linkonce.s2.*)
 *(.rel.sbss2 .rel.sbss2.* .rel.gnu.linkonce.sb2.*)
 *(.rela.sbss2 .rela.sbss2.* .rela.gnu.linkonce.sb2.*)
 *(.rel.bss .rel.bss.* .rel.gnu.linkonce.b.*)
 *(.rela.bss .rela.bss.* .rela.gnu.linkonce.b.*)
 *(.rel.plt)
 *(.rela.plt)
 *(.rel.dyn)
 *(.init)
 *(.plt)
 *(.text .stub .text.* .gnu.linkonce.t.*)
 .text          0x0008019c       0x3c ../Tutorial_bsp//obj/HAL/src/crt0.o
                0x0008019c                _start
 .text          0x000801d8       0xf8 obj/default/hello_ucosii.o
                0x000801d8                task1
                0x00080240                main
 .text          0x000802d0       0x78 c:/altera/12.1sp1/nios2eds/bin/gnu/h-i686-mingw32/bin/../lib/gcc/nios2-elf/4.1.2/../../../../nios2-elf/lib/mno-hw-mul\libc.a(lib_a-printf.o)
                0x000802d0                printf
                0x00080314                _printf_r
 .text          0x00080348       0xb4 c:/altera/12.1sp1/nios2eds/bin/gnu/h-i686-mingw32/bin/../lib/gcc/nios2-elf/4.1.2/../../../../nios2-elf/lib/mno-hw-mul\libc.a(lib_a-puts.o)
                0x00080348                _puts_r
                0x000803e8                puts
 .text          0x000803fc       0x74 c:/altera/12.1sp1/nios2eds/bin/gnu/h-i686-mingw32/bin/../lib/gcc/nios2-elf/4.1.2/../../../../nios2-elf/lib/mno-hw-mul\libc.a(lib_a-strlen.o)
                0x000803fc                strlen
 .text          0x00080470     0x1f40 c:/altera/12.1sp1/nios2eds/bin/gnu/h-i686-mingw32/bin/../lib/gcc/nios2-elf/4.1.2/../../../../nios2-elf/lib/mno-hw-mul\libc.a(lib_a-vfprintf.o)
                0x000804c8                ___vfprintf_internal_r
                0x0008238c                __vfprintf_internal
 .text          0x000823b0      0x13c c:/altera/12.1sp1/nios2eds/bin/gnu/h-i686-mingw32/bin/../lib/gcc/nios2-elf/4.1.2/../../../../nios2-elf/lib/mno-hw-mul\libc.a(lib_a-wsetup.o)
                0x000823b0                __swsetup_r
 .text          0x000824ec     0x17f8 c:/altera/12.1sp1/nios2eds/bin/gnu/h-i686-mingw32/bin/../lib/gcc/nios2-elf/4.1.2/../../../../nios2-elf/lib/mno-hw-mul\libc.a(lib_a-dtoa.o)
                0x00082730                _dtoa_r
 .text          0x00083ce4      0x230 c:/altera/12.1sp1/nios2eds/bin/gnu/h-i686-mingw32/bin/../lib/gcc/nios2-elf/4.1.2/../../../../nios2-elf/lib/mno-hw-mul\libc.a(lib_a-fflush.o)
                0x00083ce4                _fflush_r
                0x00083ee0                fflush
 .text          0x00083f14      0x2f4 c:/altera/12.1sp1/nios2eds/bin/gnu/h-i686-mingw32/bin/../lib/gcc/nios2-elf/4.1.2/../../../../nios2-elf/lib/mno-hw-mul\libc.a(lib_a-findfp.o)
                0x00083f6c                __sfp_lock_acquire
                0x00083f70                __sfp_lock_release
                0x00083f74                __sinit_lock_acquire
                0x00083f78                __sinit_lock_release
                0x00083f7c                __sinit
                0x00084030                __fp_unlock_all
                0x00084048                __fp_lock_all
                0x00084060                _cleanup_r
                0x0008406c                _cleanup
                0x0008407c                __sfmoreglue
                0x00084118                __sfp
 .text          0x00084208      0x440 c:/altera/12.1sp1/nios2eds/bin/gnu/h-i686-mingw32/bin/../lib/gcc/nios2-elf/4.1.2/../../../../nios2-elf/lib/mno-hw-mul\libc.a(lib_a-freer.o)
                0x00084208                _malloc_trim_r
                0x00084334                _free_r
 .text          0x00084648      0x49c c:/altera/12.1sp1/nios2eds/bin/gnu/h-i686-mingw32/bin/../lib/gcc/nios2-elf/4.1.2/../../../../nios2-elf/lib/mno-hw-mul\libc.a(lib_a-fvwrite.o)
                0x00084648                __sfvwrite_r
 .text          0x00084ae4      0x180 c:/altera/12.1sp1/nios2eds/bin/gnu/h-i686-mingw32/bin/../lib/gcc/nios2-elf/4.1.2/../../../../nios2-elf/lib/mno-hw-mul\libc.a(lib_a-fwalk.o)
                0x00084ae4                _fwalk_reent
                0x00084bac                _fwalk
 .text          0x00084c64        0x0 c:/altera/12.1sp1/nios2eds/bin/gnu/h-i686-mingw32/bin/../lib/gcc/nios2-elf/4.1.2/../../../../nios2-elf/lib/mno-hw-mul\libc.a(lib_a-impure.o)
 .text          0x00084c64       0xc4 c:/altera/12.1sp1/nios2eds/bin/gnu/h-i686-mingw32/bin/../lib/gcc/nios2-elf/4.1.2/../../../../nios2-elf/lib/mno-hw-mul\libc.a(lib_a-locale.o)
                0x00084c64                __locale_charset
                0x00084c6c                _localeconv_r
                0x00084c78                localeconv
                0x00084c88                _setlocale_r
                0x00084d0c                setlocale
 .text          0x00084d28      0x194 c:/altera/12.1sp1/nios2eds/bin/gnu/h-i686-mingw32/bin/../lib/gcc/nios2-elf/4.1.2/../../../../nios2-elf/lib/mno-hw-mul\libc.a(lib_a-makebuf.o)
                0x00084d28                __smakebuf_r
 .text          0x00084ebc      0x740 c:/altera/12.1sp1/nios2eds/bin/gnu/h-i686-mingw32/bin/../lib/gcc/nios2-elf/4.1.2/../../../../nios2-elf/lib/mno-hw-mul\libc.a(lib_a-mallocr.o)
                0x00084ebc                _malloc_r
 .text          0x000855fc       0xe4 c:/altera/12.1sp1/nios2eds/bin/gnu/h-i686-mingw32/bin/../lib/gcc/nios2-elf/4.1.2/../../../../nios2-elf/lib/mno-hw-mul\libc.a(lib_a-memchr.o)
                0x000855fc                memchr
 .text          0x000856e0       0xa0 c:/altera/12.1sp1/nios2eds/bin/gnu/h-i686-mingw32/bin/../lib/gcc/nios2-elf/4.1.2/../../../../nios2-elf/lib/mno-hw-mul\libc.a(lib_a-memcpy.o)
                0x000856e0                memcpy
 .text          0x00085780       0xe0 c:/altera/12.1sp1/nios2eds/bin/gnu/h-i686-mingw32/bin/../lib/gcc/nios2-elf/4.1.2/../../../../nios2-elf/lib/mno-hw-mul\libc.a(lib_a-memmove.o)
                0x00085780                memmove
 .text          0x00085860       0x98 c:/altera/12.1sp1/nios2eds/bin/gnu/h-i686-mingw32/bin/../lib/gcc/nios2-elf/4.1.2/../../../../nios2-elf/lib/mno-hw-mul\libc.a(lib_a-memset.o)
                0x00085860                memset
 .text          0x000858f8     0x108c c:/altera/12.1sp1/nios2eds/bin/gnu/h-i686-mingw32/bin/../lib/gcc/nios2-elf/4.1.2/../../../../nios2-elf/lib/mno-hw-mul\libc.a(lib_a-mprec.o)
                0x000858f8                _Bfree
                0x00085920                __hi0bits
                0x00085990                __lo0bits
                0x00085a54                __mcmp
                0x00085ab4                __ulp
                0x00085b34                __b2d
                0x00085c54                __ratio
                0x00085d04                _mprec_log10
                0x00085d98                __copybits
                0x00085df0                __any_on
                0x00085e78                _Balloc
                0x00085f34                __d2b
                0x000860b0                __mdiff
                0x0008623c                __lshift
                0x00086388                __multiply
                0x000865dc                __i2b
                0x00086618                __multadd
                0x00086744                __pow5mult
                0x00086864                __s2b
 .text          0x00086984      0x5f4 c:/altera/12.1sp1/nios2eds/bin/gnu/h-i686-mingw32/bin/../lib/gcc/nios2-elf/4.1.2/../../../../nios2-elf/lib/mno-hw-mul\libc.a(lib_a-reallocr.o)
                0x00086984                _realloc_r
 .text          0x00086f78       0x40 c:/altera/12.1sp1/nios2eds/bin/gnu/h-i686-mingw32/bin/../lib/gcc/nios2-elf/4.1.2/../../../../nios2-elf/lib/mno-hw-mul\libc.a(lib_a-s_isinfd.o)
                0x00086f78                __isinfd
 .text          0x00086fb8       0x30 c:/altera/12.1sp1/nios2eds/bin/gnu/h-i686-mingw32/bin/../lib/gcc/nios2-elf/4.1.2/../../../../nios2-elf/lib/mno-hw-mul\libc.a(lib_a-s_isnand.o)
                0x00086fb8                __isnand
 .text          0x00086fe8       0x70 c:/altera/12.1sp1/nios2eds/bin/gnu/h-i686-mingw32/bin/../lib/gcc/nios2-elf/4.1.2/../../../../nios2-elf/lib/mno-hw-mul\libc.a(lib_a-sbrkr.o)
                0x00086fe8                _sbrk_r
 .text          0x00087058      0x14c c:/altera/12.1sp1/nios2eds/bin/gnu/h-i686-mingw32/bin/../lib/gcc/nios2-elf/4.1.2/../../../../nios2-elf/lib/mno-hw-mul\libc.a(lib_a-stdio.o)
                0x00087058                __sclose
                0x00087060                __sseek
                0x000870c8                __swrite
                0x00087144                __sread
 .text          0x000871a4       0xbc c:/altera/12.1sp1/nios2eds/bin/gnu/h-i686-mingw32/bin/../lib/gcc/nios2-elf/4.1.2/../../../../nios2-elf/lib/mno-hw-mul\libc.a(lib_a-strcmp.o)
                0x000871a4                strcmp
 .text          0x00087260       0x78 c:/altera/12.1sp1/nios2eds/bin/gnu/h-i686-mingw32/bin/../lib/gcc/nios2-elf/4.1.2/../../../../nios2-elf/lib/mno-hw-mul\libc.a(lib_a-writer.o)
                0x00087260                _write_r
 .text          0x000872d8       0xc8 c:/altera/12.1sp1/nios2eds/bin/gnu/h-i686-mingw32/bin/../lib/gcc/nios2-elf/4.1.2/../../../../nios2-elf/lib/mno-hw-mul\libc.a(lib_a-callocr.o)
                0x000872d8                _calloc_r
 .text          0x000873a0       0x70 c:/altera/12.1sp1/nios2eds/bin/gnu/h-i686-mingw32/bin/../lib/gcc/nios2-elf/4.1.2/../../../../nios2-elf/lib/mno-hw-mul\libc.a(lib_a-closer.o)
                0x000873a0                _close_r
 .text          0x00087410      0x124 c:/altera/12.1sp1/nios2eds/bin/gnu/h-i686-mingw32/bin/../lib/gcc/nios2-elf/4.1.2/../../../../nios2-elf/lib/mno-hw-mul\libc.a(lib_a-fclose.o)
                0x00087410                _fclose_r
                0x00087520                fclose
 .text          0x00087534       0x74 c:/altera/12.1sp1/nios2eds/bin/gnu/h-i686-mingw32/bin/../lib/gcc/nios2-elf/4.1.2/../../../../nios2-elf/lib/mno-hw-mul\libc.a(lib_a-fstatr.o)
                0x00087534                _fstat_r
 .text          0x000875a8        0x0 c:/altera/12.1sp1/nios2eds/bin/gnu/h-i686-mingw32/bin/../lib/gcc/nios2-elf/4.1.2/../../../../nios2-elf/lib/mno-hw-mul\libc.a(lib_a-int_errno.o)
 .text          0x000875a8       0x70 c:/altera/12.1sp1/nios2eds/bin/gnu/h-i686-mingw32/bin/../lib/gcc/nios2-elf/4.1.2/../../../../nios2-elf/lib/mno-hw-mul\libc.a(lib_a-isattyr.o)
                0x000875a8                _isatty_r
 .text          0x00087618       0x78 c:/altera/12.1sp1/nios2eds/bin/gnu/h-i686-mingw32/bin/../lib/gcc/nios2-elf/4.1.2/../../../../nios2-elf/lib/mno-hw-mul\libc.a(lib_a-lseekr.o)
                0x00087618                _lseek_r
 .text          0x00087690       0x78 c:/altera/12.1sp1/nios2eds/bin/gnu/h-i686-mingw32/bin/../lib/gcc/nios2-elf/4.1.2/../../../../nios2-elf/lib/mno-hw-mul\libc.a(lib_a-readr.o)
                0x00087690                _read_r
 .text          0x00087708      0x66c c:/altera/12.1sp1/nios2eds/bin/gnu/h-i686-mingw32/bin/../lib/gcc/nios2-elf/4.1.2/mno-hw-mul\libgcc.a(_udivdi3.o)
                0x00087708                __udivdi3
 .text          0x00087d74      0x660 c:/altera/12.1sp1/nios2eds/bin/gnu/h-i686-mingw32/bin/../lib/gcc/nios2-elf/4.1.2/mno-hw-mul\libgcc.a(_umoddi3.o)
                0x00087d74                __umoddi3
 .text          0x000883d4      0x504 c:/altera/12.1sp1/nios2eds/bin/gnu/h-i686-mingw32/bin/../lib/gcc/nios2-elf/4.1.2/mno-hw-mul\libgcc.a(_addsub_df.o)
                0x000887e4                __subdf3
                0x00088864                __adddf3
 .text          0x000888d8      0x3c4 c:/altera/12.1sp1/nios2eds/bin/gnu/h-i686-mingw32/bin/../lib/gcc/nios2-elf/4.1.2/mno-hw-mul\libgcc.a(_mul_df.o)
                0x000888d8                __muldf3
 .text          0x00088c9c      0x258 c:/altera/12.1sp1/nios2eds/bin/gnu/h-i686-mingw32/bin/../lib/gcc/nios2-elf/4.1.2/mno-hw-mul\libgcc.a(_div_df.o)
                0x00088c9c                __divdf3
 .text          0x00088ef4       0x88 c:/altera/12.1sp1/nios2eds/bin/gnu/h-i686-mingw32/bin/../lib/gcc/nios2-elf/4.1.2/mno-hw-mul\libgcc.a(_eq_df.o)
                0x00088ef4                __eqdf2
 .text          0x00088f7c       0x88 c:/altera/12.1sp1/nios2eds/bin/gnu/h-i686-mingw32/bin/../lib/gcc/nios2-elf/4.1.2/mno-hw-mul\libgcc.a(_ne_df.o)
                0x00088f7c                __nedf2
 .text          0x00089004       0x88 c:/altera/12.1sp1/nios2eds/bin/gnu/h-i686-mingw32/bin/../lib/gcc/nios2-elf/4.1.2/mno-hw-mul\libgcc.a(_gt_df.o)
                0x00089004                __gtdf2
 .text          0x0008908c       0x88 c:/altera/12.1sp1/nios2eds/bin/gnu/h-i686-mingw32/bin/../lib/gcc/nios2-elf/4.1.2/mno-hw-mul\libgcc.a(_ge_df.o)
                0x0008908c                __gedf2
 .text          0x00089114       0x88 c:/altera/12.1sp1/nios2eds/bin/gnu/h-i686-mingw32/bin/../lib/gcc/nios2-elf/4.1.2/mno-hw-mul\libgcc.a(_lt_df.o)
                0x00089114                __ltdf2
 .text          0x0008919c       0xf8 c:/altera/12.1sp1/nios2eds/bin/gnu/h-i686-mingw32/bin/../lib/gcc/nios2-elf/4.1.2/mno-hw-mul\libgcc.a(_si_to_df.o)
                0x0008919c                __floatsidf
 .text          0x00089294       0xd8 c:/altera/12.1sp1/nios2eds/bin/gnu/h-i686-mingw32/bin/../lib/gcc/nios2-elf/4.1.2/mno-hw-mul\libgcc.a(_df_to_si.o)
                0x00089294                __fixdfsi
 .text          0x0008936c        0x0 c:/altera/12.1sp1/nios2eds/bin/gnu/h-i686-mingw32/bin/../lib/gcc/nios2-elf/4.1.2/mno-hw-mul\libgcc.a(_thenan_df.o)
 .text          0x0008936c      0x194 c:/altera/12.1sp1/nios2eds/bin/gnu/h-i686-mingw32/bin/../lib/gcc/nios2-elf/4.1.2/mno-hw-mul\libgcc.a(_usi_to_df.o)
                0x0008936c                __floatunsidf
 .text          0x00089500      0x14c c:/altera/12.1sp1/nios2eds/bin/gnu/h-i686-mingw32/bin/../lib/gcc/nios2-elf/4.1.2/mno-hw-mul\libgcc.a(lib2-divmod.o)
                0x0008957c                __divsi3
                0x000895dc                __modsi3
                0x0008963c                __udivsi3
                0x00089644                __umodsi3
 .text          0x0008964c       0x38 c:/altera/12.1sp1/nios2eds/bin/gnu/h-i686-mingw32/bin/../lib/gcc/nios2-elf/4.1.2/mno-hw-mul\libgcc.a(lib2-mul.o)
                0x0008964c                __mulsi3
 .text          0x00089684      0x124 c:/altera/12.1sp1/nios2eds/bin/gnu/h-i686-mingw32/bin/../lib/gcc/nios2-elf/4.1.2/mno-hw-mul\libgcc.a(_muldi3.o)
                0x00089684                __muldi3
 .text          0x000897a8        0x0 c:/altera/12.1sp1/nios2eds/bin/gnu/h-i686-mingw32/bin/../lib/gcc/nios2-elf/4.1.2/mno-hw-mul\libgcc.a(_clz.o)
 .text          0x000897a8       0x80 c:/altera/12.1sp1/nios2eds/bin/gnu/h-i686-mingw32/bin/../lib/gcc/nios2-elf/4.1.2/mno-hw-mul\libgcc.a(_clzsi2.o)
                0x000897a8                __clzsi2
 .text          0x00089828      0x314 c:/altera/12.1sp1/nios2eds/bin/gnu/h-i686-mingw32/bin/../lib/gcc/nios2-elf/4.1.2/mno-hw-mul\libgcc.a(_pack_df.o)
                0x00089828                __pack_d
 .text          0x00089b3c      0x138 c:/altera/12.1sp1/nios2eds/bin/gnu/h-i686-mingw32/bin/../lib/gcc/nios2-elf/4.1.2/mno-hw-mul\libgcc.a(_unpack_df.o)
                0x00089b3c                __unpack_d
 .text          0x00089c74       0xc8 c:/altera/12.1sp1/nios2eds/bin/gnu/h-i686-mingw32/bin/../lib/gcc/nios2-elf/4.1.2/mno-hw-mul\libgcc.a(_fpcmp_parts_df.o)
                0x00089c74                __fpcmp_parts_d
 .text          0x00089d3c      0x160 ../Tutorial_bsp/\libucosii_bsp.a(alt_close.o)
                0x00089d3c                close
 .text          0x00089e9c       0x2c ../Tutorial_bsp/\libucosii_bsp.a(alt_dev.o)
 .text          0x00089ec8        0x0 ../Tutorial_bsp/\libucosii_bsp.a(alt_errno.o)
 .text          0x00089ec8      0x138 ../Tutorial_bsp/\libucosii_bsp.a(alt_fstat.o)
                0x00089ec8                fstat
 .text          0x0008a000      0x124 ../Tutorial_bsp/\libucosii_bsp.a(alt_isatty.o)
                0x0008a000                isatty
 .text          0x0008a124       0xec ../Tutorial_bsp/\libucosii_bsp.a(alt_load.o)
                0x0008a124                alt_load
 .text          0x0008a210      0x154 ../Tutorial_bsp/\libucosii_bsp.a(alt_lseek.o)
                0x0008a210                lseek
 .text          0x0008a364       0xc8 ../Tutorial_bsp/\libucosii_bsp.a(alt_main.o)
                0x0008a364                alt_main
 .text          0x0008a42c      0x184 ../Tutorial_bsp/\libucosii_bsp.a(alt_read.o)
                0x0008a42c                read
 .text          0x0008a5b0       0x78 ../Tutorial_bsp/\libucosii_bsp.a(alt_release_fd.o)
                0x0008a5b0                alt_release_fd
 .text          0x0008a628       0xbc ../Tutorial_bsp/\libucosii_bsp.a(alt_sbrk.o)
                0x0008a628                sbrk
 .text          0x0008a6e4      0x184 ../Tutorial_bsp/\libucosii_bsp.a(alt_write.o)
                0x0008a6e4                write
 .text          0x0008a868      0x108 ../Tutorial_bsp/\libucosii_bsp.a(alt_env_lock.o)
                0x0008a868                __env_lock
                0x0008a914                __env_unlock
 .text          0x0008a970      0x1d8 ../Tutorial_bsp/\libucosii_bsp.a(alt_malloc_lock.o)
                0x0008a970                __malloc_lock
                0x0008aa78                __malloc_unlock
 .text          0x0008ab48     0x2128 ../Tutorial_bsp/\libucosii_bsp.a(os_core.o)
                0x0008ab48                OSEventNameGet
                0x0008ac78                OSEventNameSet
                0x0008adbc                OSEventPendMulti
                0x0008b470                OSInit
                0x0008b4c4                OSIntEnter
                0x0008b540                OSIntExit
                0x0008b640                OSSchedLock
                0x0008b6cc                OSSchedUnlock
                0x0008b7b0                OSStart
                0x0008b820                OSStatInit
                0x0008b8cc                OSTimeTick
                0x0008bb0c                OSVersion
                0x0008bb2c                OS_Dummy
                0x0008bb48                OS_EventTaskRdy
                0x0008bcdc                OS_EventTaskWait
                0x0008bdec                OS_EventTaskWaitMulti
                0x0008bf40                OS_EventTaskRemove
                0x0008bff8                OS_EventTaskRemoveMulti
                0x0008c0fc                OS_EventWaitListInit
                0x0008c4c8                OS_MemClr
                0x0008c51c                OS_MemCopy
                0x0008c588                OS_Sched
                0x0008c6cc                OS_StrCopy
                0x0008c74c                OS_StrLen
                0x0008c7a4                OS_TaskIdle
                0x0008c800                OS_TaskStat
                0x0008c8c8                OS_TaskStatStkChk
                0x0008c990                OS_TCBInit
 .text          0x0008cc70      0x18c ../Tutorial_bsp/\libucosii_bsp.a(os_dbg.o)
                0x0008cc70                OSDebugInit
 .text          0x0008cdfc     0x193c ../Tutorial_bsp/\libucosii_bsp.a(os_flag.o)
                0x0008cdfc                OSFlagAccept
                0x0008d130                OSFlagCreate
                0x0008d26c                OSFlagDel
                0x0008d514                OSFlagNameGet
                0x0008d658                OSFlagNameSet
                0x0008d7ac                OSFlagPend
                0x0008ddf0                OSFlagPendGetFlagsRdy
                0x0008de58                OSFlagPost
                0x0008e200                OSFlagQuery
                0x0008e498                OS_FlagInit
                0x0008e68c                OS_FlagUnlink
 .text          0x0008e738      0x80c ../Tutorial_bsp/\libucosii_bsp.a(os_mem.o)
                0x0008e738                OSMemCreate
                0x0008e954                OSMemGet
                0x0008ea58                OSMemNameGet
                0x0008eb64                OSMemNameSet
                0x0008ec84                OSMemPut
                0x0008ed74                OSMemQuery
                0x0008ee70                OS_MemInit
 .text          0x0008ef44     0x1334 ../Tutorial_bsp/\libucosii_bsp.a(os_q.o)
                0x0008ef44                OSQAccept
                0x0008f098                OSQCreate
                0x0008f2ac                OSQDel
                0x0008f5ac                OSQFlush
                0x0008f674                OSQPend
                0x0008f994                OSQPendAbort
                0x0008fb10                OSQPost
                0x0008fc90                OSQPostFront
                0x0008fe18                OSQPostOpt
                0x0009004c                OSQQuery
                0x000901cc                OS_QInit
 .text          0x00090278      0xbc8 ../Tutorial_bsp/\libucosii_bsp.a(os_sem.o)
                0x00090278                OSSemAccept
                0x00090338                OSSemCreate
                0x0009044c                OSSemDel
                0x000906ec                OSSemPend
                0x00090968                OSSemPendAbort
                0x00090ae4                OSSemPost
                0x00090c0c                OSSemQuery
                0x00090d3c                OSSemSet
 .text          0x00090e40     0x1a40 ../Tutorial_bsp/\libucosii_bsp.a(os_task.o)
                0x00090e40                OSTaskChangePrio
                0x000913b4                OSTaskCreate
                0x00091588                OSTaskCreateExt
                0x00091788                OSTaskDel
                0x00091b94                OSTaskDelReq
                0x00091d04                OSTaskNameGet
                0x00091ebc                OSTaskNameSet
                0x00092080                OSTaskResume
                0x00092298                OSTaskStkChk
                0x00092494                OSTaskSuspend
                0x000926c0                OSTaskQuery
                0x00092804                OS_TaskStkClr
 .text          0x00092880      0x5b4 ../Tutorial_bsp/\libucosii_bsp.a(os_time.o)
                0x00092880                OSTimeDly
                0x000929cc                OSTimeDlyHMSM
                0x00092b5c                OSTimeDlyResume
                0x00092d6c                OSTimeGet
                0x00092dd0                OSTimeSet
 .text          0x00092e34       0xc8 ../Tutorial_bsp/\libucosii_bsp.a(alt_sys_init.o)
                0x00092e34                alt_irq_init
                0x00092e68                alt_sys_init
 .text          0x00092efc      0x148 ../Tutorial_bsp/\libucosii_bsp.a(altera_avalon_jtag_uart_fd.o)
                0x00092efc                altera_avalon_jtag_uart_read_fd
                0x00092f54                altera_avalon_jtag_uart_write_fd
                0x00092fac                altera_avalon_jtag_uart_close_fd
                0x00092ff4                altera_avalon_jtag_uart_ioctl_fd
 .text          0x00093044      0x584 ../Tutorial_bsp/\libucosii_bsp.a(altera_avalon_jtag_uart_init.o)
                0x00093044                altera_avalon_jtag_uart_init
                0x00093554                altera_avalon_jtag_uart_close
 .text          0x000935c8       0xf4 ../Tutorial_bsp/\libucosii_bsp.a(altera_avalon_jtag_uart_ioctl.o)
                0x000935c8                altera_avalon_jtag_uart_ioctl
 .text          0x000936bc      0x2c0 ../Tutorial_bsp/\libucosii_bsp.a(altera_avalon_jtag_uart_read.o)
                0x000936bc                altera_avalon_jtag_uart_read
 .text          0x0009397c      0x2dc ../Tutorial_bsp/\libucosii_bsp.a(altera_avalon_jtag_uart_write.o)
                0x0009397c                altera_avalon_jtag_uart_write
 .text          0x00093c58      0x100 ../Tutorial_bsp/\libucosii_bsp.a(altera_avalon_timer_sc.o)
                0x00093cc8                alt_avalon_timer_sc_init
 .text          0x00093d58      0x154 ../Tutorial_bsp/\libucosii_bsp.a(alt_alarm_start.o)
                0x00093d58                alt_alarm_start
 .text          0x00093eac       0x1c ../Tutorial_bsp/\libucosii_bsp.a(alt_dcache_flush_all.o)
                0x00093eac                alt_dcache_flush_all
 .text          0x00093ec8      0x114 ../Tutorial_bsp/\libucosii_bsp.a(alt_dev_llist_insert.o)
                0x00093ec8                alt_dev_llist_insert
 .text          0x00093fdc       0x64 ../Tutorial_bsp/\libucosii_bsp.a(alt_do_ctors.o)
                0x00093fdc                _do_ctors
 .text          0x00094040       0x64 ../Tutorial_bsp/\libucosii_bsp.a(alt_do_dtors.o)
                0x00094040                _do_dtors
 .text          0x000940a4       0x1c ../Tutorial_bsp/\libucosii_bsp.a(alt_icache_flush_all.o)
                0x000940a4                alt_icache_flush_all
 .text          0x000940c0      0x1d4 ../Tutorial_bsp/\libucosii_bsp.a(alt_iic.o)
                0x000940c0                alt_ic_isr_register
                0x00094110                alt_ic_irq_enable
                0x000941ac                alt_ic_irq_disable
                0x0009424c                alt_ic_irq_enabled
 .text          0x00094294       0xf8 ../Tutorial_bsp/\libucosii_bsp.a(alt_iic_isr_register.o)
                0x00094294                alt_iic_isr_register
 .text          0x0009438c      0x150 ../Tutorial_bsp/\libucosii_bsp.a(alt_io_redirect.o)
                0x00094464                alt_io_redirect
 .text          0x000944dc        0x0 ../Tutorial_bsp/\libucosii_bsp.a(alt_irq_entry.o)
 .text          0x000944dc        0x0 ../Tutorial_bsp/\libucosii_bsp.a(alt_irq_handler.o)
 .text          0x000944dc        0x0 ../Tutorial_bsp/\libucosii_bsp.a(alt_irq_vars.o)
 .text          0x000944dc      0x2e4 ../Tutorial_bsp/\libucosii_bsp.a(alt_open.o)
                0x000945d4                open
 .text          0x000947c0      0x1a8 ../Tutorial_bsp/\libucosii_bsp.a(alt_tick.o)
                0x000947c0                alt_alarm_stop
                0x00094858                alt_tick
 .text          0x00094968       0x20 ../Tutorial_bsp/\libucosii_bsp.a(altera_nios2_qsys_irq.o)
                0x00094968                altera_nios2_qsys_irq_init
 .text          0x00094988       0xd0 ../Tutorial_bsp/\libucosii_bsp.a(os_cpu_a.o)
                0x00094988                OSCtxSw
                0x00094988                OSIntCtxSw
                0x00094a14                OSStartHighRdy
                0x00094a34                OSStartTsk
 .text          0x00094a58      0x418 ../Tutorial_bsp/\libucosii_bsp.a(os_cpu_c.o)
                0x00094a58                OSTaskStkInit
                0x00094d68                OSTaskCreateHook
                0x00094d88                OSTaskDelHook
                0x00094da8                OSTaskSwHook
                0x00094dc4                OSTaskStatHook
                0x00094de0                OSTimeTickHook
                0x00094dfc                OSInitHookBegin
                0x00094e18                OSInitHookEnd
                0x00094e34                OSTaskIdleHook
                0x00094e50                OSTCBInitHook
 .text          0x00094e70        0x0 ../Tutorial_bsp/\libucosii_bsp.a(alt_exception_entry.o)
 .text          0x00094e70       0x94 ../Tutorial_bsp/\libucosii_bsp.a(alt_find_dev.o)
                0x00094e70                alt_find_dev
 .text          0x00094f04      0x120 ../Tutorial_bsp/\libucosii_bsp.a(alt_find_file.o)
                0x00094f04                alt_find_file
 .text          0x00095024      0x104 ../Tutorial_bsp/\libucosii_bsp.a(alt_get_fd.o)
                0x00095024                alt_get_fd
 .text          0x00095128       0x14 c:/altera/12.1sp1/nios2eds/bin/gnu/h-i686-mingw32/bin/../lib/gcc/nios2-elf/4.1.2/../../../../nios2-elf/lib/mno-hw-mul\libc.a(lib_a-atexit.o)
                0x00095128                atexit
 .text          0x0009513c       0x38 c:/altera/12.1sp1/nios2eds/bin/gnu/h-i686-mingw32/bin/../lib/gcc/nios2-elf/4.1.2/../../../../nios2-elf/lib/mno-hw-mul\libc.a(lib_a-exit.o)
                0x0009513c                exit
 .text          0x00095174       0x74 c:/altera/12.1sp1/nios2eds/bin/gnu/h-i686-mingw32/bin/../lib/gcc/nios2-elf/4.1.2/../../../../nios2-elf/lib/mno-hw-mul\libc.a(lib_a-memcmp.o)
                0x00095174                memcmp
 .text          0x000951e8      0x134 c:/altera/12.1sp1/nios2eds/bin/gnu/h-i686-mingw32/bin/../lib/gcc/nios2-elf/4.1.2/../../../../nios2-elf/lib/mno-hw-mul\libc.a(lib_a-__atexit.o)
                0x000951e8                __register_exitproc
 .text          0x0009531c      0x1b4 c:/altera/12.1sp1/nios2eds/bin/gnu/h-i686-mingw32/bin/../lib/gcc/nios2-elf/4.1.2/../../../../nios2-elf/lib/mno-hw-mul\libc.a(lib_a-__call_atexit.o)
                0x00095320                __call_exitprocs
 .text          0x000954d0       0x6c ../Tutorial_bsp/\libucosii_bsp.a(alt_exit.o)
                0x00095510                _exit
 *(.gnu.warning.*)
 *(.fini)
                0x0009553c                PROVIDE (__etext, ABSOLUTE (.))
                0x0009553c                PROVIDE (_etext, ABSOLUTE (.))
                0x0009553c                PROVIDE (etext, ABSOLUTE (.))
 *(.eh_frame_hdr)
                0x0009553c                . = ALIGN (0x4)
                0x0009553c                PROVIDE (__preinit_array_start, ABSOLUTE (.))
 *(.preinit_array)
                0x0009553c                PROVIDE (__preinit_array_end, ABSOLUTE (.))
                0x0009553c                PROVIDE (__init_array_start, ABSOLUTE (.))
 *(.init_array)
                0x0009553c                PROVIDE (__init_array_end, ABSOLUTE (.))
                0x0009553c                PROVIDE (__fini_array_start, ABSOLUTE (.))
 *(.fini_array)
                0x0009553c                PROVIDE (__fini_array_end, ABSOLUTE (.))
 *(.eh_frame)
 *(.gcc_except_table)
 *(.dynamic)
                0x0009553c                PROVIDE (__CTOR_LIST__, ABSOLUTE (.))
 *(.ctors)
 *(SORT(.ctors.*))
 .ctors.65535   0x0009553c        0x4 c:/altera/12.1sp1/nios2eds/bin/gnu/h-i686-mingw32/bin/../lib/gcc/nios2-elf/4.1.2/../../../../nios2-elf/lib/mno-hw-mul\libc.a(lib_a-__call_atexit.o)
                0x00095540                PROVIDE (__CTOR_END__, ABSOLUTE (.))
                0x00095540                PROVIDE (__DTOR_LIST__, ABSOLUTE (.))
 *(.dtors)
 *(SORT(.dtors.*))
                0x00095540                PROVIDE (__DTOR_END__, ABSOLUTE (.))
 *(.jcr)
                0x00095540                . = ALIGN (0x4)

.rodata         0x00095540      0x4b4
                0x00095540                PROVIDE (__ram_rodata_start, ABSOLUTE (.))
                0x00095540                . = ALIGN (0x4)
 *(.rodata .rodata.* .gnu.linkonce.r.*)
 .rodata        0x00095540       0x4c obj/default/hello_ucosii.o
 .rodata.str1.4
                0x0009558c        0x2 c:/altera/12.1sp1/nios2eds/bin/gnu/h-i686-mingw32/bin/../lib/gcc/nios2-elf/4.1.2/../../../../nios2-elf/lib/mno-hw-mul\libc.a(lib_a-puts.o)
                                  0x4 (size before relaxing)
 *fill*         0x0009558e        0x2 00
 .rodata.str1.4
                0x00095590       0x5e c:/altera/12.1sp1/nios2eds/bin/gnu/h-i686-mingw32/bin/../lib/gcc/nios2-elf/4.1.2/../../../../nios2-elf/lib/mno-hw-mul\libc.a(lib_a-vfprintf.o)
                                 0x60 (size before relaxing)
 .rodata        0x000955ee       0x20 c:/altera/12.1sp1/nios2eds/bin/gnu/h-i686-mingw32/bin/../lib/gcc/nios2-elf/4.1.2/../../../../nios2-elf/lib/mno-hw-mul\libc.a(lib_a-vfprintf.o)
 *fill*         0x0009560e        0x2 00
 .rodata.str1.4
                0x00095610       0x10 c:/altera/12.1sp1/nios2eds/bin/gnu/h-i686-mingw32/bin/../lib/gcc/nios2-elf/4.1.2/../../../../nios2-elf/lib/mno-hw-mul\libc.a(lib_a-dtoa.o)
                                 0x14 (size before relaxing)
 .rodata.str1.4
                0x00095620        0x2 c:/altera/12.1sp1/nios2eds/bin/gnu/h-i686-mingw32/bin/../lib/gcc/nios2-elf/4.1.2/../../../../nios2-elf/lib/mno-hw-mul\libc.a(lib_a-impure.o)
                                  0x4 (size before relaxing)
 *fill*         0x00095622        0x2 00
 .rodata.str1.4
                0x00095624       0x10 c:/altera/12.1sp1/nios2eds/bin/gnu/h-i686-mingw32/bin/../lib/gcc/nios2-elf/4.1.2/../../../../nios2-elf/lib/mno-hw-mul\libc.a(lib_a-locale.o)
                                 0x18 (size before relaxing)
 .rodata        0x00095634       0x30 c:/altera/12.1sp1/nios2eds/bin/gnu/h-i686-mingw32/bin/../lib/gcc/nios2-elf/4.1.2/../../../../nios2-elf/lib/mno-hw-mul\libc.a(lib_a-locale.o)
 .rodata        0x00095664      0x124 c:/altera/12.1sp1/nios2eds/bin/gnu/h-i686-mingw32/bin/../lib/gcc/nios2-elf/4.1.2/../../../../nios2-elf/lib/mno-hw-mul\libc.a(lib_a-mprec.o)
                0x00095664                __mprec_tens
                0x0009572c                __mprec_bigtens
                0x00095754                __mprec_tinytens
 .rodata        0x00095788       0x14 c:/altera/12.1sp1/nios2eds/bin/gnu/h-i686-mingw32/bin/../lib/gcc/nios2-elf/4.1.2/mno-hw-mul\libgcc.a(_thenan_df.o)
                0x00095788                __thenan_df
 .rodata        0x0009579c      0x100 c:/altera/12.1sp1/nios2eds/bin/gnu/h-i686-mingw32/bin/../lib/gcc/nios2-elf/4.1.2/mno-hw-mul\libgcc.a(_clz.o)
                0x0009579c                __clz_tab
 .rodata        0x0009589c        0xc ../Tutorial_bsp/\libucosii_bsp.a(alt_dev.o)
 .rodata        0x000958a8       0x14 ../Tutorial_bsp/\libucosii_bsp.a(alt_main.o)
 .rodata        0x000958bc      0x120 ../Tutorial_bsp/\libucosii_bsp.a(os_core.o)
                0x000958bc                OSUnMapTbl
 .rodata        0x000959dc       0x14 ../Tutorial_bsp/\libucosii_bsp.a(alt_sys_init.o)
 .rodata        0x000959f0        0x4 ../Tutorial_bsp/\libucosii_bsp.a(os_cpu_c.o)
 *(.rodata1)
                0x000959f4                . = ALIGN (0x4)
                0x000959f4                PROVIDE (__ram_rodata_end, ABSOLUTE (.))
                0x00095540                PROVIDE (__flash_rodata_start, LOADADDR (.rodata))

.rwdata         0x000959f4     0x1ae4 load address 0x000974d8
                0x000959f4                PROVIDE (__ram_rwdata_start, ABSOLUTE (.))
                0x000959f4                . = ALIGN (0x4)
 *(.got.plt)
 *(.got)
 *(.data1)
 *(.data .data.* .gnu.linkonce.d.*)
 .data          0x000959f4        0x0 ../Tutorial_bsp//obj/HAL/src/crt0.o
 .data          0x000959f4        0x0 obj/default/hello_ucosii.o
 .data          0x000959f4        0x0 c:/altera/12.1sp1/nios2eds/bin/gnu/h-i686-mingw32/bin/../lib/gcc/nios2-elf/4.1.2/../../../../nios2-elf/lib/mno-hw-mul\libc.a(lib_a-printf.o)
 .data          0x000959f4        0x0 c:/altera/12.1sp1/nios2eds/bin/gnu/h-i686-mingw32/bin/../lib/gcc/nios2-elf/4.1.2/../../../../nios2-elf/lib/mno-hw-mul\libc.a(lib_a-puts.o)
 .data          0x000959f4        0x0 c:/altera/12.1sp1/nios2eds/bin/gnu/h-i686-mingw32/bin/../lib/gcc/nios2-elf/4.1.2/../../../../nios2-elf/lib/mno-hw-mul\libc.a(lib_a-strlen.o)
 .data          0x000959f4        0x0 c:/altera/12.1sp1/nios2eds/bin/gnu/h-i686-mingw32/bin/../lib/gcc/nios2-elf/4.1.2/../../../../nios2-elf/lib/mno-hw-mul\libc.a(lib_a-vfprintf.o)
 .data          0x000959f4        0x0 c:/altera/12.1sp1/nios2eds/bin/gnu/h-i686-mingw32/bin/../lib/gcc/nios2-elf/4.1.2/../../../../nios2-elf/lib/mno-hw-mul\libc.a(lib_a-wsetup.o)
 .data          0x000959f4        0x0 c:/altera/12.1sp1/nios2eds/bin/gnu/h-i686-mingw32/bin/../lib/gcc/nios2-elf/4.1.2/../../../../nios2-elf/lib/mno-hw-mul\libc.a(lib_a-dtoa.o)
 .data          0x000959f4        0x0 c:/altera/12.1sp1/nios2eds/bin/gnu/h-i686-mingw32/bin/../lib/gcc/nios2-elf/4.1.2/../../../../nios2-elf/lib/mno-hw-mul\libc.a(lib_a-fflush.o)
 .data          0x000959f4        0x0 c:/altera/12.1sp1/nios2eds/bin/gnu/h-i686-mingw32/bin/../lib/gcc/nios2-elf/4.1.2/../../../../nios2-elf/lib/mno-hw-mul\libc.a(lib_a-findfp.o)
 .data          0x000959f4        0x0 c:/altera/12.1sp1/nios2eds/bin/gnu/h-i686-mingw32/bin/../lib/gcc/nios2-elf/4.1.2/../../../../nios2-elf/lib/mno-hw-mul\libc.a(lib_a-freer.o)
 .data          0x000959f4        0x0 c:/altera/12.1sp1/nios2eds/bin/gnu/h-i686-mingw32/bin/../lib/gcc/nios2-elf/4.1.2/../../../../nios2-elf/lib/mno-hw-mul\libc.a(lib_a-fvwrite.o)
 .data          0x000959f4        0x0 c:/altera/12.1sp1/nios2eds/bin/gnu/h-i686-mingw32/bin/../lib/gcc/nios2-elf/4.1.2/../../../../nios2-elf/lib/mno-hw-mul\libc.a(lib_a-fwalk.o)
 .data          0x000959f4      0x400 c:/altera/12.1sp1/nios2eds/bin/gnu/h-i686-mingw32/bin/../lib/gcc/nios2-elf/4.1.2/../../../../nios2-elf/lib/mno-hw-mul\libc.a(lib_a-impure.o)
 .data          0x00095df4        0xc c:/altera/12.1sp1/nios2eds/bin/gnu/h-i686-mingw32/bin/../lib/gcc/nios2-elf/4.1.2/../../../../nios2-elf/lib/mno-hw-mul\libc.a(lib_a-locale.o)
                0x00095df4                __lc_ctype
 .data          0x00095e00        0x0 c:/altera/12.1sp1/nios2eds/bin/gnu/h-i686-mingw32/bin/../lib/gcc/nios2-elf/4.1.2/../../../../nios2-elf/lib/mno-hw-mul\libc.a(lib_a-makebuf.o)
 .data          0x00095e00      0x408 c:/altera/12.1sp1/nios2eds/bin/gnu/h-i686-mingw32/bin/../lib/gcc/nios2-elf/4.1.2/../../../../nios2-elf/lib/mno-hw-mul\libc.a(lib_a-mallocr.o)
                0x00095e00                __malloc_av_
 .data          0x00096208        0x0 c:/altera/12.1sp1/nios2eds/bin/gnu/h-i686-mingw32/bin/../lib/gcc/nios2-elf/4.1.2/../../../../nios2-elf/lib/mno-hw-mul\libc.a(lib_a-memchr.o)
 .data          0x00096208        0x0 c:/altera/12.1sp1/nios2eds/bin/gnu/h-i686-mingw32/bin/../lib/gcc/nios2-elf/4.1.2/../../../../nios2-elf/lib/mno-hw-mul\libc.a(lib_a-memcpy.o)
 .data          0x00096208        0x0 c:/altera/12.1sp1/nios2eds/bin/gnu/h-i686-mingw32/bin/../lib/gcc/nios2-elf/4.1.2/../../../../nios2-elf/lib/mno-hw-mul\libc.a(lib_a-memmove.o)
 .data          0x00096208        0x0 c:/altera/12.1sp1/nios2eds/bin/gnu/h-i686-mingw32/bin/../lib/gcc/nios2-elf/4.1.2/../../../../nios2-elf/lib/mno-hw-mul\libc.a(lib_a-memset.o)
 .data          0x00096208        0x0 c:/altera/12.1sp1/nios2eds/bin/gnu/h-i686-mingw32/bin/../lib/gcc/nios2-elf/4.1.2/../../../../nios2-elf/lib/mno-hw-mul\libc.a(lib_a-mprec.o)
 .data          0x00096208        0x0 c:/altera/12.1sp1/nios2eds/bin/gnu/h-i686-mingw32/bin/../lib/gcc/nios2-elf/4.1.2/../../../../nios2-elf/lib/mno-hw-mul\libc.a(lib_a-reallocr.o)
 .data          0x00096208        0x0 c:/altera/12.1sp1/nios2eds/bin/gnu/h-i686-mingw32/bin/../lib/gcc/nios2-elf/4.1.2/../../../../nios2-elf/lib/mno-hw-mul\libc.a(lib_a-s_isinfd.o)
 .data          0x00096208        0x0 c:/altera/12.1sp1/nios2eds/bin/gnu/h-i686-mingw32/bin/../lib/gcc/nios2-elf/4.1.2/../../../../nios2-elf/lib/mno-hw-mul\libc.a(lib_a-s_isnand.o)
 .data          0x00096208        0x0 c:/altera/12.1sp1/nios2eds/bin/gnu/h-i686-mingw32/bin/../lib/gcc/nios2-elf/4.1.2/../../../../nios2-elf/lib/mno-hw-mul\libc.a(lib_a-sbrkr.o)
 .data          0x00096208        0x0 c:/altera/12.1sp1/nios2eds/bin/gnu/h-i686-mingw32/bin/../lib/gcc/nios2-elf/4.1.2/../../../../nios2-elf/lib/mno-hw-mul\libc.a(lib_a-stdio.o)
 .data          0x00096208        0x0 c:/altera/12.1sp1/nios2eds/bin/gnu/h-i686-mingw32/bin/../lib/gcc/nios2-elf/4.1.2/../../../../nios2-elf/lib/mno-hw-mul\libc.a(lib_a-strcmp.o)
 .data          0x00096208        0x0 c:/altera/12.1sp1/nios2eds/bin/gnu/h-i686-mingw32/bin/../lib/gcc/nios2-elf/4.1.2/../../../../nios2-elf/lib/mno-hw-mul\libc.a(lib_a-writer.o)
 .data          0x00096208        0x0 c:/altera/12.1sp1/nios2eds/bin/gnu/h-i686-mingw32/bin/../lib/gcc/nios2-elf/4.1.2/../../../../nios2-elf/lib/mno-hw-mul\libc.a(lib_a-callocr.o)
 .data          0x00096208        0x0 c:/altera/12.1sp1/nios2eds/bin/gnu/h-i686-mingw32/bin/../lib/gcc/nios2-elf/4.1.2/../../../../nios2-elf/lib/mno-hw-mul\libc.a(lib_a-closer.o)
 .data          0x00096208        0x0 c:/altera/12.1sp1/nios2eds/bin/gnu/h-i686-mingw32/bin/../lib/gcc/nios2-elf/4.1.2/../../../../nios2-elf/lib/mno-hw-mul\libc.a(lib_a-fclose.o)
 .data          0x00096208        0x0 c:/altera/12.1sp1/nios2eds/bin/gnu/h-i686-mingw32/bin/../lib/gcc/nios2-elf/4.1.2/../../../../nios2-elf/lib/mno-hw-mul\libc.a(lib_a-fstatr.o)
 .data          0x00096208        0x0 c:/altera/12.1sp1/nios2eds/bin/gnu/h-i686-mingw32/bin/../lib/gcc/nios2-elf/4.1.2/../../../../nios2-elf/lib/mno-hw-mul\libc.a(lib_a-int_errno.o)
 .data          0x00096208        0x0 c:/altera/12.1sp1/nios2eds/bin/gnu/h-i686-mingw32/bin/../lib/gcc/nios2-elf/4.1.2/../../../../nios2-elf/lib/mno-hw-mul\libc.a(lib_a-isattyr.o)
 .data          0x00096208        0x0 c:/altera/12.1sp1/nios2eds/bin/gnu/h-i686-mingw32/bin/../lib/gcc/nios2-elf/4.1.2/../../../../nios2-elf/lib/mno-hw-mul\libc.a(lib_a-lseekr.o)
 .data          0x00096208        0x0 c:/altera/12.1sp1/nios2eds/bin/gnu/h-i686-mingw32/bin/../lib/gcc/nios2-elf/4.1.2/../../../../nios2-elf/lib/mno-hw-mul\libc.a(lib_a-readr.o)
 .data          0x00096208        0x0 c:/altera/12.1sp1/nios2eds/bin/gnu/h-i686-mingw32/bin/../lib/gcc/nios2-elf/4.1.2/mno-hw-mul\libgcc.a(_udivdi3.o)
 .data          0x00096208        0x0 c:/altera/12.1sp1/nios2eds/bin/gnu/h-i686-mingw32/bin/../lib/gcc/nios2-elf/4.1.2/mno-hw-mul\libgcc.a(_umoddi3.o)
 .data          0x00096208        0x0 c:/altera/12.1sp1/nios2eds/bin/gnu/h-i686-mingw32/bin/../lib/gcc/nios2-elf/4.1.2/mno-hw-mul\libgcc.a(_addsub_df.o)
 .data          0x00096208        0x0 c:/altera/12.1sp1/nios2eds/bin/gnu/h-i686-mingw32/bin/../lib/gcc/nios2-elf/4.1.2/mno-hw-mul\libgcc.a(_mul_df.o)
 .data          0x00096208        0x0 c:/altera/12.1sp1/nios2eds/bin/gnu/h-i686-mingw32/bin/../lib/gcc/nios2-elf/4.1.2/mno-hw-mul\libgcc.a(_div_df.o)
 .data          0x00096208        0x0 c:/altera/12.1sp1/nios2eds/bin/gnu/h-i686-mingw32/bin/../lib/gcc/nios2-elf/4.1.2/mno-hw-mul\libgcc.a(_eq_df.o)
 .data          0x00096208        0x0 c:/altera/12.1sp1/nios2eds/bin/gnu/h-i686-mingw32/bin/../lib/gcc/nios2-elf/4.1.2/mno-hw-mul\libgcc.a(_ne_df.o)
 .data          0x00096208        0x0 c:/altera/12.1sp1/nios2eds/bin/gnu/h-i686-mingw32/bin/../lib/gcc/nios2-elf/4.1.2/mno-hw-mul\libgcc.a(_gt_df.o)
 .data          0x00096208        0x0 c:/altera/12.1sp1/nios2eds/bin/gnu/h-i686-mingw32/bin/../lib/gcc/nios2-elf/4.1.2/mno-hw-mul\libgcc.a(_ge_df.o)
 .data          0x00096208        0x0 c:/altera/12.1sp1/nios2eds/bin/gnu/h-i686-mingw32/bin/../lib/gcc/nios2-elf/4.1.2/mno-hw-mul\libgcc.a(_lt_df.o)
 .data          0x00096208        0x0 c:/altera/12.1sp1/nios2eds/bin/gnu/h-i686-mingw32/bin/../lib/gcc/nios2-elf/4.1.2/mno-hw-mul\libgcc.a(_si_to_df.o)
 .data          0x00096208        0x0 c:/altera/12.1sp1/nios2eds/bin/gnu/h-i686-mingw32/bin/../lib/gcc/nios2-elf/4.1.2/mno-hw-mul\libgcc.a(_df_to_si.o)
 .data          0x00096208        0x0 c:/altera/12.1sp1/nios2eds/bin/gnu/h-i686-mingw32/bin/../lib/gcc/nios2-elf/4.1.2/mno-hw-mul\libgcc.a(_thenan_df.o)
 .data          0x00096208        0x0 c:/altera/12.1sp1/nios2eds/bin/gnu/h-i686-mingw32/bin/../lib/gcc/nios2-elf/4.1.2/mno-hw-mul\libgcc.a(_usi_to_df.o)
 .data          0x00096208        0x0 c:/altera/12.1sp1/nios2eds/bin/gnu/h-i686-mingw32/bin/../lib/gcc/nios2-elf/4.1.2/mno-hw-mul\libgcc.a(lib2-divmod.o)
 .data          0x00096208        0x0 c:/altera/12.1sp1/nios2eds/bin/gnu/h-i686-mingw32/bin/../lib/gcc/nios2-elf/4.1.2/mno-hw-mul\libgcc.a(lib2-mul.o)
 .data          0x00096208        0x0 c:/altera/12.1sp1/nios2eds/bin/gnu/h-i686-mingw32/bin/../lib/gcc/nios2-elf/4.1.2/mno-hw-mul\libgcc.a(_muldi3.o)
 .data          0x00096208        0x0 c:/altera/12.1sp1/nios2eds/bin/gnu/h-i686-mingw32/bin/../lib/gcc/nios2-elf/4.1.2/mno-hw-mul\libgcc.a(_clz.o)
 .data          0x00096208        0x0 c:/altera/12.1sp1/nios2eds/bin/gnu/h-i686-mingw32/bin/../lib/gcc/nios2-elf/4.1.2/mno-hw-mul\libgcc.a(_clzsi2.o)
 .data          0x00096208        0x0 c:/altera/12.1sp1/nios2eds/bin/gnu/h-i686-mingw32/bin/../lib/gcc/nios2-elf/4.1.2/mno-hw-mul\libgcc.a(_pack_df.o)
 .data          0x00096208        0x0 c:/altera/12.1sp1/nios2eds/bin/gnu/h-i686-mingw32/bin/../lib/gcc/nios2-elf/4.1.2/mno-hw-mul\libgcc.a(_unpack_df.o)
 .data          0x00096208        0x0 c:/altera/12.1sp1/nios2eds/bin/gnu/h-i686-mingw32/bin/../lib/gcc/nios2-elf/4.1.2/mno-hw-mul\libgcc.a(_fpcmp_parts_df.o)
 .data          0x00096208        0x0 ../Tutorial_bsp/\libucosii_bsp.a(alt_close.o)
 .data          0x00096208      0x1a8 ../Tutorial_bsp/\libucosii_bsp.a(alt_dev.o)
                0x00096208                alt_dev_null
                0x00096230                alt_fd_list
 .data          0x000963b0        0x0 ../Tutorial_bsp/\libucosii_bsp.a(alt_errno.o)
 .data          0x000963b0        0x0 ../Tutorial_bsp/\libucosii_bsp.a(alt_fstat.o)
 .data          0x000963b0        0x0 ../Tutorial_bsp/\libucosii_bsp.a(alt_isatty.o)
 .data          0x000963b0        0x0 ../Tutorial_bsp/\libucosii_bsp.a(alt_load.o)
 .data          0x000963b0        0x0 ../Tutorial_bsp/\libucosii_bsp.a(alt_lseek.o)
 .data          0x000963b0        0x0 ../Tutorial_bsp/\libucosii_bsp.a(alt_main.o)
 .data          0x000963b0        0x0 ../Tutorial_bsp/\libucosii_bsp.a(alt_read.o)
 .data          0x000963b0        0x0 ../Tutorial_bsp/\libucosii_bsp.a(alt_release_fd.o)
 .data          0x000963b0        0x0 ../Tutorial_bsp/\libucosii_bsp.a(alt_sbrk.o)
 .data          0x000963b0        0x0 ../Tutorial_bsp/\libucosii_bsp.a(alt_write.o)
 .data          0x000963b0        0x0 ../Tutorial_bsp/\libucosii_bsp.a(alt_env_lock.o)
 .data          0x000963b0        0x0 ../Tutorial_bsp/\libucosii_bsp.a(alt_malloc_lock.o)
 .data          0x000963b0        0x0 ../Tutorial_bsp/\libucosii_bsp.a(os_core.o)
 .data          0x000963b0        0x0 ../Tutorial_bsp/\libucosii_bsp.a(os_dbg.o)
 .data          0x000963b0        0x0 ../Tutorial_bsp/\libucosii_bsp.a(os_flag.o)
 .data          0x000963b0        0x0 ../Tutorial_bsp/\libucosii_bsp.a(os_mem.o)
 .data          0x000963b0        0x0 ../Tutorial_bsp/\libucosii_bsp.a(os_q.o)
 .data          0x000963b0        0x0 ../Tutorial_bsp/\libucosii_bsp.a(os_sem.o)
 .data          0x000963b0        0x0 ../Tutorial_bsp/\libucosii_bsp.a(os_task.o)
 .data          0x000963b0        0x0 ../Tutorial_bsp/\libucosii_bsp.a(os_time.o)
 .data          0x000963b0     0x106c ../Tutorial_bsp/\libucosii_bsp.a(alt_sys_init.o)
 .data          0x0009741c        0x0 ../Tutorial_bsp/\libucosii_bsp.a(altera_avalon_jtag_uart_fd.o)
 .data          0x0009741c        0x0 ../Tutorial_bsp/\libucosii_bsp.a(altera_avalon_jtag_uart_init.o)
 .data          0x0009741c        0x0 ../Tutorial_bsp/\libucosii_bsp.a(altera_avalon_jtag_uart_ioctl.o)
 .data          0x0009741c        0x0 ../Tutorial_bsp/\libucosii_bsp.a(altera_avalon_jtag_uart_read.o)
 .data          0x0009741c        0x0 ../Tutorial_bsp/\libucosii_bsp.a(altera_avalon_jtag_uart_write.o)
 .data          0x0009741c        0x0 ../Tutorial_bsp/\libucosii_bsp.a(altera_avalon_timer_sc.o)
 .data          0x0009741c        0x0 ../Tutorial_bsp/\libucosii_bsp.a(alt_alarm_start.o)
 .data          0x0009741c        0x0 ../Tutorial_bsp/\libucosii_bsp.a(alt_dcache_flush_all.o)
 .data          0x0009741c        0x0 ../Tutorial_bsp/\libucosii_bsp.a(alt_dev_llist_insert.o)
 .data          0x0009741c        0x0 ../Tutorial_bsp/\libucosii_bsp.a(alt_do_ctors.o)
 .data          0x0009741c        0x0 ../Tutorial_bsp/\libucosii_bsp.a(alt_do_dtors.o)
 .data          0x0009741c        0x0 ../Tutorial_bsp/\libucosii_bsp.a(alt_icache_flush_all.o)
 .data          0x0009741c        0x0 ../Tutorial_bsp/\libucosii_bsp.a(alt_iic.o)
 .data          0x0009741c        0x0 ../Tutorial_bsp/\libucosii_bsp.a(alt_iic_isr_register.o)
 .data          0x0009741c        0x0 ../Tutorial_bsp/\libucosii_bsp.a(alt_io_redirect.o)
 .data          0x0009741c        0x0 ../Tutorial_bsp/\libucosii_bsp.a(alt_irq_entry.o)
 .data          0x0009741c        0x0 ../Tutorial_bsp/\libucosii_bsp.a(alt_irq_handler.o)
 .data          0x0009741c        0x0 ../Tutorial_bsp/\libucosii_bsp.a(alt_irq_vars.o)
 .data          0x0009741c        0x0 ../Tutorial_bsp/\libucosii_bsp.a(alt_open.o)
 .data          0x0009741c        0x0 ../Tutorial_bsp/\libucosii_bsp.a(alt_tick.o)
 .data          0x0009741c        0x0 ../Tutorial_bsp/\libucosii_bsp.a(altera_nios2_qsys_irq.o)
 .data          0x0009741c        0x0 ../Tutorial_bsp/\libucosii_bsp.a(os_cpu_a.o)
 .data          0x0009741c        0x0 ../Tutorial_bsp/\libucosii_bsp.a(os_cpu_c.o)
 .data          0x0009741c        0x0 ../Tutorial_bsp/\libucosii_bsp.a(alt_exception_entry.o)
 .data          0x0009741c        0x0 ../Tutorial_bsp/\libucosii_bsp.a(alt_find_dev.o)
 .data          0x0009741c        0x0 ../Tutorial_bsp/\libucosii_bsp.a(alt_find_file.o)
 .data          0x0009741c        0x0 ../Tutorial_bsp/\libucosii_bsp.a(alt_get_fd.o)
 .data          0x0009741c        0x0 c:/altera/12.1sp1/nios2eds/bin/gnu/h-i686-mingw32/bin/../lib/gcc/nios2-elf/4.1.2/../../../../nios2-elf/lib/mno-hw-mul\libc.a(lib_a-atexit.o)
 .data          0x0009741c        0x0 c:/altera/12.1sp1/nios2eds/bin/gnu/h-i686-mingw32/bin/../lib/gcc/nios2-elf/4.1.2/../../../../nios2-elf/lib/mno-hw-mul\libc.a(lib_a-exit.o)
 .data          0x0009741c        0x0 c:/altera/12.1sp1/nios2eds/bin/gnu/h-i686-mingw32/bin/../lib/gcc/nios2-elf/4.1.2/../../../../nios2-elf/lib/mno-hw-mul\libc.a(lib_a-memcmp.o)
 .data          0x0009741c        0x0 c:/altera/12.1sp1/nios2eds/bin/gnu/h-i686-mingw32/bin/../lib/gcc/nios2-elf/4.1.2/../../../../nios2-elf/lib/mno-hw-mul\libc.a(lib_a-__atexit.o)
 .data          0x0009741c        0x0 c:/altera/12.1sp1/nios2eds/bin/gnu/h-i686-mingw32/bin/../lib/gcc/nios2-elf/4.1.2/../../../../nios2-elf/lib/mno-hw-mul\libc.a(lib_a-__call_atexit.o)
 .data          0x0009741c        0x0 ../Tutorial_bsp/\libucosii_bsp.a(alt_exit.o)
                0x0009f41c                _gp = ABSOLUTE ((. + 0x8000))
                0x0009f41c                PROVIDE (gp, _gp)
 *(.rwdata .rwdata.*)
 *(.sdata .sdata.* .gnu.linkonce.s.*)
 .sdata         0x0009741c        0x8 c:/altera/12.1sp1/nios2eds/bin/gnu/h-i686-mingw32/bin/../lib/gcc/nios2-elf/4.1.2/../../../../nios2-elf/lib/mno-hw-mul\libc.a(lib_a-impure.o)
                0x0009741c                _impure_ptr
                0x00097420                _global_impure_ptr
 .sdata         0x00097424        0x8 c:/altera/12.1sp1/nios2eds/bin/gnu/h-i686-mingw32/bin/../lib/gcc/nios2-elf/4.1.2/../../../../nios2-elf/lib/mno-hw-mul\libc.a(lib_a-locale.o)
                0x00097424                __mb_cur_max
 .sdata         0x0009742c        0x8 c:/altera/12.1sp1/nios2eds/bin/gnu/h-i686-mingw32/bin/../lib/gcc/nios2-elf/4.1.2/../../../../nios2-elf/lib/mno-hw-mul\libc.a(lib_a-mallocr.o)
                0x0009742c                __malloc_trim_threshold
                0x00097430                __malloc_sbrk_base
 .sdata         0x00097434       0x14 ../Tutorial_bsp/\libucosii_bsp.a(alt_dev.o)
                0x00097434                alt_fs_list
                0x0009743c                alt_dev_list
                0x00097444                alt_max_fd
 .sdata         0x00097448        0x4 ../Tutorial_bsp/\libucosii_bsp.a(alt_errno.o)
                0x00097448                alt_errno
 .sdata         0x0009744c        0x4 ../Tutorial_bsp/\libucosii_bsp.a(alt_sbrk.o)
 .sdata         0x00097450        0x4 ../Tutorial_bsp/\libucosii_bsp.a(alt_env_lock.o)
 .sdata         0x00097454        0x4 ../Tutorial_bsp/\libucosii_bsp.a(alt_malloc_lock.o)
 .sdata         0x00097458       0x74 ../Tutorial_bsp/\libucosii_bsp.a(os_dbg.o)
                0x00097458                OSDebugEn
                0x0009745c                OSEndiannessTest
                0x00097460                OSEventEn
                0x00097462                OSEventMax
                0x00097464                OSEventNameSize
                0x00097466                OSEventSize
                0x00097468                OSEventTblSize
                0x0009746a                OSEventMultiEn
                0x0009746c                OSFlagEn
                0x0009746e                OSFlagGrpSize
                0x00097470                OSFlagNodeSize
                0x00097472                OSFlagWidth
                0x00097474                OSFlagMax
                0x00097476                OSFlagNameSize
                0x00097478                OSLowestPrio
                0x0009747a                OSMboxEn
                0x0009747c                OSMemEn
                0x0009747e                OSMemMax
                0x00097480                OSMemNameSize
                0x00097482                OSMemSize
                0x00097484                OSMemTblSize
                0x00097486                OSMutexEn
                0x00097488                OSPtrSize
                0x0009748a                OSQEn
                0x0009748c                OSQMax
                0x0009748e                OSQSize
                0x00097490                OSRdyTblSize
                0x00097492                OSSemEn
                0x00097494                OSStkWidth
                0x00097496                OSTaskCreateEn
                0x00097498                OSTaskCreateExtEn
                0x0009749a                OSTaskDelEn
                0x0009749c                OSTaskIdleStkSize
                0x0009749e                OSTaskProfileEn
                0x000974a0                OSTaskMax
                0x000974a2                OSTaskNameSize
                0x000974a4                OSTaskStatEn
                0x000974a6                OSTaskStatStkSize
                0x000974a8                OSTaskStatStkChkEn
                0x000974aa                OSTaskSwHookEn
                0x000974ac                OSTCBPrioTblMax
                0x000974ae                OSTCBSize
                0x000974b0                OSTicksPerSec
                0x000974b2                OSTimeTickHookEn
                0x000974b4                OSVersionNbr
                0x000974b6                OSTmrEn
                0x000974b8                OSTmrCfgMax
                0x000974ba                OSTmrCfgNameSize
                0x000974bc                OSTmrCfgWheelSize
                0x000974be                OSTmrCfgTicksPerSec
                0x000974c0                OSTmrSize
                0x000974c2                OSTmrTblSize
                0x000974c4                OSTmrWheelSize
                0x000974c6                OSTmrWheelTblSize
                0x000974c8                OSDataSize
 .sdata         0x000974cc        0x4 ../Tutorial_bsp/\libucosii_bsp.a(alt_irq_vars.o)
                0x000974cc                alt_priority_mask
 .sdata         0x000974d0        0x8 ../Tutorial_bsp/\libucosii_bsp.a(alt_tick.o)
                0x000974d0                alt_alarm_list
 *(.sdata2 .sdata2.* .gnu.linkonce.s2.*)
                0x000974d8                . = ALIGN (0x4)
                0x000974d8                _edata = ABSOLUTE (.)
                0x000974d8                PROVIDE (edata, ABSOLUTE (.))
                0x000974d8                PROVIDE (__ram_rwdata_end, ABSOLUTE (.))
                0x000974d8                PROVIDE (__flash_rwdata_start, LOADADDR (.rwdata))

.bss            0x00098fbc     0x5574
                0x00098fbc                __bss_start = ABSOLUTE (.)
                0x00098fbc                PROVIDE (__sbss_start, ABSOLUTE (.))
                0x00098fbc                PROVIDE (___sbss_start, ABSOLUTE (.))
 *(.dynsbss)
 *(.sbss .sbss.* .gnu.linkonce.sb.*)
 .sbss          0x00098fbc        0xc c:/altera/12.1sp1/nios2eds/bin/gnu/h-i686-mingw32/bin/../lib/gcc/nios2-elf/4.1.2/../../../../nios2-elf/lib/mno-hw-mul\libc.a(lib_a-locale.o)
                0x00098fbc                __nlocale_changed
                0x00098fc0                __mlocale_changed
                0x00098fc4                _PathLocale
 .sbss          0x00098fc8        0xc c:/altera/12.1sp1/nios2eds/bin/gnu/h-i686-mingw32/bin/../lib/gcc/nios2-elf/4.1.2/../../../../nios2-elf/lib/mno-hw-mul\libc.a(lib_a-mallocr.o)
                0x00098fc8                __malloc_top_pad
                0x00098fcc                __malloc_max_sbrked_mem
                0x00098fd0                __malloc_max_total_mem
 .sbss          0x00098fd4        0x4 c:/altera/12.1sp1/nios2eds/bin/gnu/h-i686-mingw32/bin/../lib/gcc/nios2-elf/4.1.2/../../../../nios2-elf/lib/mno-hw-mul\libc.a(lib_a-int_errno.o)
                0x00098fd4                errno
 .sbss          0x00098fd8        0x4 ../Tutorial_bsp/\libucosii_bsp.a(alt_dev.o)
                0x00098fd8                alt_fd_list_lock
 .sbss          0x00098fdc        0xc ../Tutorial_bsp/\libucosii_bsp.a(alt_main.o)
                0x00098fdc                alt_argc
                0x00098fe0                alt_argv
                0x00098fe4                alt_envp
 .sbss          0x00098fe8        0x8 ../Tutorial_bsp/\libucosii_bsp.a(alt_env_lock.o)
                0x00098fec                alt_envsem
 .sbss          0x00098ff0        0x8 ../Tutorial_bsp/\libucosii_bsp.a(alt_malloc_lock.o)
                0x00098ff4                alt_heapsem
 .sbss          0x00098ff8       0x50 ../Tutorial_bsp/\libucosii_bsp.a(os_core.o)
                0x00098ff8                OSLockNesting
                0x00098ff9                OSRunning
                0x00098ffc                OSIdleCtr
                0x00099000                OSPrioHighRdy
                0x00099001                OSPrioCur
                0x00099004                OSTCBList
                0x00099008                OSTickStepState
                0x0009900c                OSCtxSwCtr
                0x00099010                OSIdleCtrMax
                0x00099014                OSTCBFreeList
                0x00099018                OSCPUUsage
                0x00099019                OSTaskCtr
                0x0009901c                OSMemFreeList
                0x00099020                OSTCBHighRdy
                0x00099024                OSQFreeList
                0x00099028                OSRdyGrp
                0x00099029                OSRdyTbl
                0x0009902c                OSEventFreeList
                0x00099030                OSIntNesting
                0x00099034                OSTCBCur
                0x00099038                OSTime
                0x0009903c                OSFlagFreeList
                0x00099040                OSStatRdy
                0x00099044                OSIdleCtrRun
 .sbss          0x00099048        0x4 ../Tutorial_bsp/\libucosii_bsp.a(alt_irq_vars.o)
                0x00099048                alt_irq_active
 .sbss          0x0009904c        0x8 ../Tutorial_bsp/\libucosii_bsp.a(alt_tick.o)
                0x0009904c                _alt_tick_rate
                0x00099050                _alt_nticks
 *(.sbss2 .sbss2.* .gnu.linkonce.sb2.*)
 *(.scommon)
                0x00099054                PROVIDE (__sbss_end, ABSOLUTE (.))
                0x00099054                PROVIDE (___sbss_end, ABSOLUTE (.))
 *(.dynbss)
 *(.bss .bss.* .gnu.linkonce.b.*)
 .bss           0x00099054        0x0 ../Tutorial_bsp//obj/HAL/src/crt0.o
 .bss           0x00099054        0x0 obj/default/hello_ucosii.o
 .bss           0x00099054        0x0 c:/altera/12.1sp1/nios2eds/bin/gnu/h-i686-mingw32/bin/../lib/gcc/nios2-elf/4.1.2/../../../../nios2-elf/lib/mno-hw-mul\libc.a(lib_a-printf.o)
 .bss           0x00099054        0x0 c:/altera/12.1sp1/nios2eds/bin/gnu/h-i686-mingw32/bin/../lib/gcc/nios2-elf/4.1.2/../../../../nios2-elf/lib/mno-hw-mul\libc.a(lib_a-puts.o)
 .bss           0x00099054        0x0 c:/altera/12.1sp1/nios2eds/bin/gnu/h-i686-mingw32/bin/../lib/gcc/nios2-elf/4.1.2/../../../../nios2-elf/lib/mno-hw-mul\libc.a(lib_a-strlen.o)
 .bss           0x00099054        0x0 c:/altera/12.1sp1/nios2eds/bin/gnu/h-i686-mingw32/bin/../lib/gcc/nios2-elf/4.1.2/../../../../nios2-elf/lib/mno-hw-mul\libc.a(lib_a-vfprintf.o)
 .bss           0x00099054        0x0 c:/altera/12.1sp1/nios2eds/bin/gnu/h-i686-mingw32/bin/../lib/gcc/nios2-elf/4.1.2/../../../../nios2-elf/lib/mno-hw-mul\libc.a(lib_a-wsetup.o)
 .bss           0x00099054        0x0 c:/altera/12.1sp1/nios2eds/bin/gnu/h-i686-mingw32/bin/../lib/gcc/nios2-elf/4.1.2/../../../../nios2-elf/lib/mno-hw-mul\libc.a(lib_a-dtoa.o)
 .bss           0x00099054        0x0 c:/altera/12.1sp1/nios2eds/bin/gnu/h-i686-mingw32/bin/../lib/gcc/nios2-elf/4.1.2/../../../../nios2-elf/lib/mno-hw-mul\libc.a(lib_a-fflush.o)
 .bss           0x00099054        0x0 c:/altera/12.1sp1/nios2eds/bin/gnu/h-i686-mingw32/bin/../lib/gcc/nios2-elf/4.1.2/../../../../nios2-elf/lib/mno-hw-mul\libc.a(lib_a-findfp.o)
 .bss           0x00099054        0x0 c:/altera/12.1sp1/nios2eds/bin/gnu/h-i686-mingw32/bin/../lib/gcc/nios2-elf/4.1.2/../../../../nios2-elf/lib/mno-hw-mul\libc.a(lib_a-freer.o)
 .bss           0x00099054        0x0 c:/altera/12.1sp1/nios2eds/bin/gnu/h-i686-mingw32/bin/../lib/gcc/nios2-elf/4.1.2/../../../../nios2-elf/lib/mno-hw-mul\libc.a(lib_a-fvwrite.o)
 .bss           0x00099054        0x0 c:/altera/12.1sp1/nios2eds/bin/gnu/h-i686-mingw32/bin/../lib/gcc/nios2-elf/4.1.2/../../../../nios2-elf/lib/mno-hw-mul\libc.a(lib_a-fwalk.o)
 .bss           0x00099054        0x0 c:/altera/12.1sp1/nios2eds/bin/gnu/h-i686-mingw32/bin/../lib/gcc/nios2-elf/4.1.2/../../../../nios2-elf/lib/mno-hw-mul\libc.a(lib_a-impure.o)
 .bss           0x00099054        0x0 c:/altera/12.1sp1/nios2eds/bin/gnu/h-i686-mingw32/bin/../lib/gcc/nios2-elf/4.1.2/../../../../nios2-elf/lib/mno-hw-mul\libc.a(lib_a-locale.o)
 .bss           0x00099054        0x0 c:/altera/12.1sp1/nios2eds/bin/gnu/h-i686-mingw32/bin/../lib/gcc/nios2-elf/4.1.2/../../../../nios2-elf/lib/mno-hw-mul\libc.a(lib_a-makebuf.o)
 .bss           0x00099054       0x28 c:/altera/12.1sp1/nios2eds/bin/gnu/h-i686-mingw32/bin/../lib/gcc/nios2-elf/4.1.2/../../../../nios2-elf/lib/mno-hw-mul\libc.a(lib_a-mallocr.o)
                0x00099054                __malloc_current_mallinfo
 .bss           0x0009907c        0x0 c:/altera/12.1sp1/nios2eds/bin/gnu/h-i686-mingw32/bin/../lib/gcc/nios2-elf/4.1.2/../../../../nios2-elf/lib/mno-hw-mul\libc.a(lib_a-memchr.o)
 .bss           0x0009907c        0x0 c:/altera/12.1sp1/nios2eds/bin/gnu/h-i686-mingw32/bin/../lib/gcc/nios2-elf/4.1.2/../../../../nios2-elf/lib/mno-hw-mul\libc.a(lib_a-memcpy.o)
 .bss           0x0009907c        0x0 c:/altera/12.1sp1/nios2eds/bin/gnu/h-i686-mingw32/bin/../lib/gcc/nios2-elf/4.1.2/../../../../nios2-elf/lib/mno-hw-mul\libc.a(lib_a-memmove.o)
 .bss           0x0009907c        0x0 c:/altera/12.1sp1/nios2eds/bin/gnu/h-i686-mingw32/bin/../lib/gcc/nios2-elf/4.1.2/../../../../nios2-elf/lib/mno-hw-mul\libc.a(lib_a-memset.o)
 .bss           0x0009907c        0x0 c:/altera/12.1sp1/nios2eds/bin/gnu/h-i686-mingw32/bin/../lib/gcc/nios2-elf/4.1.2/../../../../nios2-elf/lib/mno-hw-mul\libc.a(lib_a-mprec.o)
 .bss           0x0009907c        0x0 c:/altera/12.1sp1/nios2eds/bin/gnu/h-i686-mingw32/bin/../lib/gcc/nios2-elf/4.1.2/../../../../nios2-elf/lib/mno-hw-mul\libc.a(lib_a-reallocr.o)
 .bss           0x0009907c        0x0 c:/altera/12.1sp1/nios2eds/bin/gnu/h-i686-mingw32/bin/../lib/gcc/nios2-elf/4.1.2/../../../../nios2-elf/lib/mno-hw-mul\libc.a(lib_a-s_isinfd.o)
 .bss           0x0009907c        0x0 c:/altera/12.1sp1/nios2eds/bin/gnu/h-i686-mingw32/bin/../lib/gcc/nios2-elf/4.1.2/../../../../nios2-elf/lib/mno-hw-mul\libc.a(lib_a-s_isnand.o)
 .bss           0x0009907c        0x0 c:/altera/12.1sp1/nios2eds/bin/gnu/h-i686-mingw32/bin/../lib/gcc/nios2-elf/4.1.2/../../../../nios2-elf/lib/mno-hw-mul\libc.a(lib_a-sbrkr.o)
 .bss           0x0009907c        0x0 c:/altera/12.1sp1/nios2eds/bin/gnu/h-i686-mingw32/bin/../lib/gcc/nios2-elf/4.1.2/../../../../nios2-elf/lib/mno-hw-mul\libc.a(lib_a-stdio.o)
 .bss           0x0009907c        0x0 c:/altera/12.1sp1/nios2eds/bin/gnu/h-i686-mingw32/bin/../lib/gcc/nios2-elf/4.1.2/../../../../nios2-elf/lib/mno-hw-mul\libc.a(lib_a-strcmp.o)
 .bss           0x0009907c        0x0 c:/altera/12.1sp1/nios2eds/bin/gnu/h-i686-mingw32/bin/../lib/gcc/nios2-elf/4.1.2/../../../../nios2-elf/lib/mno-hw-mul\libc.a(lib_a-writer.o)
 .bss           0x0009907c        0x0 c:/altera/12.1sp1/nios2eds/bin/gnu/h-i686-mingw32/bin/../lib/gcc/nios2-elf/4.1.2/../../../../nios2-elf/lib/mno-hw-mul\libc.a(lib_a-callocr.o)
 .bss           0x0009907c        0x0 c:/altera/12.1sp1/nios2eds/bin/gnu/h-i686-mingw32/bin/../lib/gcc/nios2-elf/4.1.2/../../../../nios2-elf/lib/mno-hw-mul\libc.a(lib_a-closer.o)
 .bss           0x0009907c        0x0 c:/altera/12.1sp1/nios2eds/bin/gnu/h-i686-mingw32/bin/../lib/gcc/nios2-elf/4.1.2/../../../../nios2-elf/lib/mno-hw-mul\libc.a(lib_a-fclose.o)
 .bss           0x0009907c        0x0 c:/altera/12.1sp1/nios2eds/bin/gnu/h-i686-mingw32/bin/../lib/gcc/nios2-elf/4.1.2/../../../../nios2-elf/lib/mno-hw-mul\libc.a(lib_a-fstatr.o)
 .bss           0x0009907c        0x0 c:/altera/12.1sp1/nios2eds/bin/gnu/h-i686-mingw32/bin/../lib/gcc/nios2-elf/4.1.2/../../../../nios2-elf/lib/mno-hw-mul\libc.a(lib_a-int_errno.o)
 .bss           0x0009907c        0x0 c:/altera/12.1sp1/nios2eds/bin/gnu/h-i686-mingw32/bin/../lib/gcc/nios2-elf/4.1.2/../../../../nios2-elf/lib/mno-hw-mul\libc.a(lib_a-isattyr.o)
 .bss           0x0009907c        0x0 c:/altera/12.1sp1/nios2eds/bin/gnu/h-i686-mingw32/bin/../lib/gcc/nios2-elf/4.1.2/../../../../nios2-elf/lib/mno-hw-mul\libc.a(lib_a-lseekr.o)
 .bss           0x0009907c        0x0 c:/altera/12.1sp1/nios2eds/bin/gnu/h-i686-mingw32/bin/../lib/gcc/nios2-elf/4.1.2/../../../../nios2-elf/lib/mno-hw-mul\libc.a(lib_a-readr.o)
 .bss           0x0009907c        0x0 c:/altera/12.1sp1/nios2eds/bin/gnu/h-i686-mingw32/bin/../lib/gcc/nios2-elf/4.1.2/mno-hw-mul\libgcc.a(_udivdi3.o)
 .bss           0x0009907c        0x0 c:/altera/12.1sp1/nios2eds/bin/gnu/h-i686-mingw32/bin/../lib/gcc/nios2-elf/4.1.2/mno-hw-mul\libgcc.a(_umoddi3.o)
 .bss           0x0009907c        0x0 c:/altera/12.1sp1/nios2eds/bin/gnu/h-i686-mingw32/bin/../lib/gcc/nios2-elf/4.1.2/mno-hw-mul\libgcc.a(_addsub_df.o)
 .bss           0x0009907c        0x0 c:/altera/12.1sp1/nios2eds/bin/gnu/h-i686-mingw32/bin/../lib/gcc/nios2-elf/4.1.2/mno-hw-mul\libgcc.a(_mul_df.o)
 .bss           0x0009907c        0x0 c:/altera/12.1sp1/nios2eds/bin/gnu/h-i686-mingw32/bin/../lib/gcc/nios2-elf/4.1.2/mno-hw-mul\libgcc.a(_div_df.o)
 .bss           0x0009907c        0x0 c:/altera/12.1sp1/nios2eds/bin/gnu/h-i686-mingw32/bin/../lib/gcc/nios2-elf/4.1.2/mno-hw-mul\libgcc.a(_eq_df.o)
 .bss           0x0009907c        0x0 c:/altera/12.1sp1/nios2eds/bin/gnu/h-i686-mingw32/bin/../lib/gcc/nios2-elf/4.1.2/mno-hw-mul\libgcc.a(_ne_df.o)
 .bss           0x0009907c        0x0 c:/altera/12.1sp1/nios2eds/bin/gnu/h-i686-mingw32/bin/../lib/gcc/nios2-elf/4.1.2/mno-hw-mul\libgcc.a(_gt_df.o)
 .bss           0x0009907c        0x0 c:/altera/12.1sp1/nios2eds/bin/gnu/h-i686-mingw32/bin/../lib/gcc/nios2-elf/4.1.2/mno-hw-mul\libgcc.a(_ge_df.o)
 .bss           0x0009907c        0x0 c:/altera/12.1sp1/nios2eds/bin/gnu/h-i686-mingw32/bin/../lib/gcc/nios2-elf/4.1.2/mno-hw-mul\libgcc.a(_lt_df.o)
 .bss           0x0009907c        0x0 c:/altera/12.1sp1/nios2eds/bin/gnu/h-i686-mingw32/bin/../lib/gcc/nios2-elf/4.1.2/mno-hw-mul\libgcc.a(_si_to_df.o)
 .bss           0x0009907c        0x0 c:/altera/12.1sp1/nios2eds/bin/gnu/h-i686-mingw32/bin/../lib/gcc/nios2-elf/4.1.2/mno-hw-mul\libgcc.a(_df_to_si.o)
 .bss           0x0009907c        0x0 c:/altera/12.1sp1/nios2eds/bin/gnu/h-i686-mingw32/bin/../lib/gcc/nios2-elf/4.1.2/mno-hw-mul\libgcc.a(_thenan_df.o)
 .bss           0x0009907c        0x0 c:/altera/12.1sp1/nios2eds/bin/gnu/h-i686-mingw32/bin/../lib/gcc/nios2-elf/4.1.2/mno-hw-mul\libgcc.a(_usi_to_df.o)
 .bss           0x0009907c        0x0 c:/altera/12.1sp1/nios2eds/bin/gnu/h-i686-mingw32/bin/../lib/gcc/nios2-elf/4.1.2/mno-hw-mul\libgcc.a(lib2-divmod.o)
 .bss           0x0009907c        0x0 c:/altera/12.1sp1/nios2eds/bin/gnu/h-i686-mingw32/bin/../lib/gcc/nios2-elf/4.1.2/mno-hw-mul\libgcc.a(lib2-mul.o)
 .bss           0x0009907c        0x0 c:/altera/12.1sp1/nios2eds/bin/gnu/h-i686-mingw32/bin/../lib/gcc/nios2-elf/4.1.2/mno-hw-mul\libgcc.a(_muldi3.o)
 .bss           0x0009907c        0x0 c:/altera/12.1sp1/nios2eds/bin/gnu/h-i686-mingw32/bin/../lib/gcc/nios2-elf/4.1.2/mno-hw-mul\libgcc.a(_clz.o)
 .bss           0x0009907c        0x0 c:/altera/12.1sp1/nios2eds/bin/gnu/h-i686-mingw32/bin/../lib/gcc/nios2-elf/4.1.2/mno-hw-mul\libgcc.a(_clzsi2.o)
 .bss           0x0009907c        0x0 c:/altera/12.1sp1/nios2eds/bin/gnu/h-i686-mingw32/bin/../lib/gcc/nios2-elf/4.1.2/mno-hw-mul\libgcc.a(_pack_df.o)
 .bss           0x0009907c        0x0 c:/altera/12.1sp1/nios2eds/bin/gnu/h-i686-mingw32/bin/../lib/gcc/nios2-elf/4.1.2/mno-hw-mul\libgcc.a(_unpack_df.o)
 .bss           0x0009907c        0x0 c:/altera/12.1sp1/nios2eds/bin/gnu/h-i686-mingw32/bin/../lib/gcc/nios2-elf/4.1.2/mno-hw-mul\libgcc.a(_fpcmp_parts_df.o)
 .bss           0x0009907c        0x0 ../Tutorial_bsp/\libucosii_bsp.a(alt_close.o)
 .bss           0x0009907c        0x0 ../Tutorial_bsp/\libucosii_bsp.a(alt_dev.o)
 .bss           0x0009907c        0x0 ../Tutorial_bsp/\libucosii_bsp.a(alt_errno.o)
 .bss           0x0009907c        0x0 ../Tutorial_bsp/\libucosii_bsp.a(alt_fstat.o)
 .bss           0x0009907c        0x0 ../Tutorial_bsp/\libucosii_bsp.a(alt_isatty.o)
 .bss           0x0009907c        0x0 ../Tutorial_bsp/\libucosii_bsp.a(alt_load.o)
 .bss           0x0009907c        0x0 ../Tutorial_bsp/\libucosii_bsp.a(alt_lseek.o)
 .bss           0x0009907c        0x0 ../Tutorial_bsp/\libucosii_bsp.a(alt_main.o)
 .bss           0x0009907c        0x0 ../Tutorial_bsp/\libucosii_bsp.a(alt_read.o)
 .bss           0x0009907c        0x0 ../Tutorial_bsp/\libucosii_bsp.a(alt_release_fd.o)
 .bss           0x0009907c        0x0 ../Tutorial_bsp/\libucosii_bsp.a(alt_sbrk.o)
 .bss           0x0009907c        0x0 ../Tutorial_bsp/\libucosii_bsp.a(alt_write.o)
 .bss           0x0009907c        0x0 ../Tutorial_bsp/\libucosii_bsp.a(alt_env_lock.o)
 .bss           0x0009907c        0x0 ../Tutorial_bsp/\libucosii_bsp.a(alt_malloc_lock.o)
 .bss           0x0009907c        0x0 ../Tutorial_bsp/\libucosii_bsp.a(os_core.o)
 .bss           0x0009907c        0x0 ../Tutorial_bsp/\libucosii_bsp.a(os_dbg.o)
 .bss           0x0009907c        0x0 ../Tutorial_bsp/\libucosii_bsp.a(os_flag.o)
 .bss           0x0009907c        0x0 ../Tutorial_bsp/\libucosii_bsp.a(os_mem.o)
 .bss           0x0009907c        0x0 ../Tutorial_bsp/\libucosii_bsp.a(os_q.o)
 .bss           0x0009907c        0x0 ../Tutorial_bsp/\libucosii_bsp.a(os_sem.o)
 .bss           0x0009907c        0x0 ../Tutorial_bsp/\libucosii_bsp.a(os_task.o)
 .bss           0x0009907c        0x0 ../Tutorial_bsp/\libucosii_bsp.a(os_time.o)
 .bss           0x0009907c        0x0 ../Tutorial_bsp/\libucosii_bsp.a(alt_sys_init.o)
 .bss           0x0009907c        0x0 ../Tutorial_bsp/\libucosii_bsp.a(altera_avalon_jtag_uart_fd.o)
 .bss           0x0009907c        0x0 ../Tutorial_bsp/\libucosii_bsp.a(altera_avalon_jtag_uart_init.o)
 .bss           0x0009907c        0x0 ../Tutorial_bsp/\libucosii_bsp.a(altera_avalon_jtag_uart_ioctl.o)
 .bss           0x0009907c        0x0 ../Tutorial_bsp/\libucosii_bsp.a(altera_avalon_jtag_uart_read.o)
 .bss           0x0009907c        0x0 ../Tutorial_bsp/\libucosii_bsp.a(altera_avalon_jtag_uart_write.o)
 .bss           0x0009907c        0x0 ../Tutorial_bsp/\libucosii_bsp.a(altera_avalon_timer_sc.o)
 .bss           0x0009907c        0x0 ../Tutorial_bsp/\libucosii_bsp.a(alt_alarm_start.o)
 .bss           0x0009907c        0x0 ../Tutorial_bsp/\libucosii_bsp.a(alt_dcache_flush_all.o)
 .bss           0x0009907c        0x0 ../Tutorial_bsp/\libucosii_bsp.a(alt_dev_llist_insert.o)
 .bss           0x0009907c        0x0 ../Tutorial_bsp/\libucosii_bsp.a(alt_do_ctors.o)
 .bss           0x0009907c        0x0 ../Tutorial_bsp/\libucosii_bsp.a(alt_do_dtors.o)
 .bss           0x0009907c        0x0 ../Tutorial_bsp/\libucosii_bsp.a(alt_icache_flush_all.o)
 .bss           0x0009907c        0x0 ../Tutorial_bsp/\libucosii_bsp.a(alt_iic.o)
 .bss           0x0009907c        0x0 ../Tutorial_bsp/\libucosii_bsp.a(alt_iic_isr_register.o)
 .bss           0x0009907c        0x0 ../Tutorial_bsp/\libucosii_bsp.a(alt_io_redirect.o)
 .bss           0x0009907c        0x0 ../Tutorial_bsp/\libucosii_bsp.a(alt_irq_entry.o)
 .bss           0x0009907c        0x0 ../Tutorial_bsp/\libucosii_bsp.a(alt_irq_handler.o)
 .bss           0x0009907c        0x0 ../Tutorial_bsp/\libucosii_bsp.a(alt_irq_vars.o)
 .bss           0x0009907c        0x0 ../Tutorial_bsp/\libucosii_bsp.a(alt_open.o)
 .bss           0x0009907c        0x0 ../Tutorial_bsp/\libucosii_bsp.a(alt_tick.o)
 .bss           0x0009907c        0x0 ../Tutorial_bsp/\libucosii_bsp.a(altera_nios2_qsys_irq.o)
 .bss           0x0009907c        0x0 ../Tutorial_bsp/\libucosii_bsp.a(os_cpu_a.o)
 .bss           0x0009907c        0x0 ../Tutorial_bsp/\libucosii_bsp.a(os_cpu_c.o)
 .bss           0x0009907c        0x0 ../Tutorial_bsp/\libucosii_bsp.a(alt_exception_entry.o)
 .bss           0x0009907c        0x0 ../Tutorial_bsp/\libucosii_bsp.a(alt_find_dev.o)
 .bss           0x0009907c        0x0 ../Tutorial_bsp/\libucosii_bsp.a(alt_find_file.o)
 .bss           0x0009907c        0x0 ../Tutorial_bsp/\libucosii_bsp.a(alt_get_fd.o)
 .bss           0x0009907c        0x0 c:/altera/12.1sp1/nios2eds/bin/gnu/h-i686-mingw32/bin/../lib/gcc/nios2-elf/4.1.2/../../../../nios2-elf/lib/mno-hw-mul\libc.a(lib_a-atexit.o)
 .bss           0x0009907c        0x0 c:/altera/12.1sp1/nios2eds/bin/gnu/h-i686-mingw32/bin/../lib/gcc/nios2-elf/4.1.2/../../../../nios2-elf/lib/mno-hw-mul\libc.a(lib_a-exit.o)
 .bss           0x0009907c        0x0 c:/altera/12.1sp1/nios2eds/bin/gnu/h-i686-mingw32/bin/../lib/gcc/nios2-elf/4.1.2/../../../../nios2-elf/lib/mno-hw-mul\libc.a(lib_a-memcmp.o)
 .bss           0x0009907c        0x0 c:/altera/12.1sp1/nios2eds/bin/gnu/h-i686-mingw32/bin/../lib/gcc/nios2-elf/4.1.2/../../../../nios2-elf/lib/mno-hw-mul\libc.a(lib_a-__atexit.o)
 .bss           0x0009907c        0x0 c:/altera/12.1sp1/nios2eds/bin/gnu/h-i686-mingw32/bin/../lib/gcc/nios2-elf/4.1.2/../../../../nios2-elf/lib/mno-hw-mul\libc.a(lib_a-__call_atexit.o)
 .bss           0x0009907c        0x0 ../Tutorial_bsp/\libucosii_bsp.a(alt_exit.o)
 *(COMMON)
 COMMON         0x0009907c     0x2000 obj/default/hello_ucosii.o
                0x0009907c                task1_stk
 COMMON         0x0009b07c     0x3224 ../Tutorial_bsp/\libucosii_bsp.a(os_core.o)
                0x0009b07c                OSFlagTbl
                0x0009b3ec                OSMemTbl
                0x0009c01c                OSTaskStatStk
                0x0009c81c                OSQTbl
                0x0009c9fc                OSTaskIdleStk
                0x0009d1fc                OSEventTbl
                0x0009dd3c                OSTCBTbl
                0x0009e24c                OSTCBPrioTbl
 COMMON         0x0009e2a0      0x100 ../Tutorial_bsp/\libucosii_bsp.a(alt_irq_handler.o)
                0x0009e2a0                alt_irq
 COMMON         0x0009e3a0      0x190 c:/altera/12.1sp1/nios2eds/bin/gnu/h-i686-mingw32/bin/../lib/gcc/nios2-elf/4.1.2/../../../../nios2-elf/lib/mno-hw-mul\libc.a(lib_a-atexit.o)
                0x0009e3a0                _atexit0
                0x0009e530                . = ALIGN (0x4)
                0x0009e530                __bss_end = ABSOLUTE (.)

.sram_0         0x0009e530        0x0
                0x0009e530                PROVIDE (_alt_partition_sram_0_start, ABSOLUTE (.))
 *(.sram_0. sram_0.*)
                0x0009e530                . = ALIGN (0x4)
                0x0009e530                PROVIDE (_alt_partition_sram_0_end, ABSOLUTE (.))
                0x0009e530                _end = ABSOLUTE (.)
                0x0009e530                end = ABSOLUTE (.)
                0x0009e530                __alt_stack_base = ABSOLUTE (.)
                0x0009e530                PROVIDE (_alt_partition_sram_0_load_addr, LOADADDR (.sram_0))

.onchip_memory2_0
                0x001041bc        0x0 load address 0x0009e530
                0x001041bc                PROVIDE (_alt_partition_onchip_memory2_0_start, ABSOLUTE (.))
 *(.onchip_memory2_0. onchip_memory2_0.*)
                0x001041bc                . = ALIGN (0x4)
                0x001041bc                PROVIDE (_alt_partition_onchip_memory2_0_end, ABSOLUTE (.))
                0x0009e530                PROVIDE (_alt_partition_onchip_memory2_0_load_addr, LOADADDR (.onchip_memory2_0))

.stab
 *(.stab)

.stabstr
 *(.stabstr)

.stab.excl
 *(.stab.excl)

.stab.exclstr
 *(.stab.exclstr)

.stab.index
 *(.stab.index)

.stab.indexstr
 *(.stab.indexstr)

.comment        0x00000000       0x26
 *(.comment)
 .comment       0x00000000       0x26 obj/default/hello_ucosii.o
                                 0x27 (size before relaxing)
 .comment       0x00000000       0x27 c:/altera/12.1sp1/nios2eds/bin/gnu/h-i686-mingw32/bin/../lib/gcc/nios2-elf/4.1.2/../../../../nios2-elf/lib/mno-hw-mul\libc.a(lib_a-printf.o)
 .comment       0x00000000       0x27 c:/altera/12.1sp1/nios2eds/bin/gnu/h-i686-mingw32/bin/../lib/gcc/nios2-elf/4.1.2/../../../../nios2-elf/lib/mno-hw-mul\libc.a(lib_a-puts.o)
 .comment       0x00000000       0x27 c:/altera/12.1sp1/nios2eds/bin/gnu/h-i686-mingw32/bin/../lib/gcc/nios2-elf/4.1.2/../../../../nios2-elf/lib/mno-hw-mul\libc.a(lib_a-strlen.o)
 .comment       0x00000000       0x27 c:/altera/12.1sp1/nios2eds/bin/gnu/h-i686-mingw32/bin/../lib/gcc/nios2-elf/4.1.2/../../../../nios2-elf/lib/mno-hw-mul\libc.a(lib_a-vfprintf.o)
 .comment       0x00000000       0x27 c:/altera/12.1sp1/nios2eds/bin/gnu/h-i686-mingw32/bin/../lib/gcc/nios2-elf/4.1.2/../../../../nios2-elf/lib/mno-hw-mul\libc.a(lib_a-wsetup.o)
 .comment       0x00000000       0x27 c:/altera/12.1sp1/nios2eds/bin/gnu/h-i686-mingw32/bin/../lib/gcc/nios2-elf/4.1.2/../../../../nios2-elf/lib/mno-hw-mul\libc.a(lib_a-dtoa.o)
 .comment       0x00000000       0x27 c:/altera/12.1sp1/nios2eds/bin/gnu/h-i686-mingw32/bin/../lib/gcc/nios2-elf/4.1.2/../../../../nios2-elf/lib/mno-hw-mul\libc.a(lib_a-fflush.o)
 .comment       0x00000000       0x27 c:/altera/12.1sp1/nios2eds/bin/gnu/h-i686-mingw32/bin/../lib/gcc/nios2-elf/4.1.2/../../../../nios2-elf/lib/mno-hw-mul\libc.a(lib_a-findfp.o)
 .comment       0x00000000       0x27 c:/altera/12.1sp1/nios2eds/bin/gnu/h-i686-mingw32/bin/../lib/gcc/nios2-elf/4.1.2/../../../../nios2-elf/lib/mno-hw-mul\libc.a(lib_a-freer.o)
 .comment       0x00000000       0x27 c:/altera/12.1sp1/nios2eds/bin/gnu/h-i686-mingw32/bin/../lib/gcc/nios2-elf/4.1.2/../../../../nios2-elf/lib/mno-hw-mul\libc.a(lib_a-fvwrite.o)
 .comment       0x00000000       0x27 c:/altera/12.1sp1/nios2eds/bin/gnu/h-i686-mingw32/bin/../lib/gcc/nios2-elf/4.1.2/../../../../nios2-elf/lib/mno-hw-mul\libc.a(lib_a-fwalk.o)
 .comment       0x00000000       0x27 c:/altera/12.1sp1/nios2eds/bin/gnu/h-i686-mingw32/bin/../lib/gcc/nios2-elf/4.1.2/../../../../nios2-elf/lib/mno-hw-mul\libc.a(lib_a-impure.o)
 .comment       0x00000000       0x27 c:/altera/12.1sp1/nios2eds/bin/gnu/h-i686-mingw32/bin/../lib/gcc/nios2-elf/4.1.2/../../../../nios2-elf/lib/mno-hw-mul\libc.a(lib_a-locale.o)
 .comment       0x00000000       0x27 c:/altera/12.1sp1/nios2eds/bin/gnu/h-i686-mingw32/bin/../lib/gcc/nios2-elf/4.1.2/../../../../nios2-elf/lib/mno-hw-mul\libc.a(lib_a-makebuf.o)
 .comment       0x00000000       0x27 c:/altera/12.1sp1/nios2eds/bin/gnu/h-i686-mingw32/bin/../lib/gcc/nios2-elf/4.1.2/../../../../nios2-elf/lib/mno-hw-mul\libc.a(lib_a-mallocr.o)
 .comment       0x00000000       0x27 c:/altera/12.1sp1/nios2eds/bin/gnu/h-i686-mingw32/bin/../lib/gcc/nios2-elf/4.1.2/../../../../nios2-elf/lib/mno-hw-mul\libc.a(lib_a-memchr.o)
 .comment       0x00000000       0x27 c:/altera/12.1sp1/nios2eds/bin/gnu/h-i686-mingw32/bin/../lib/gcc/nios2-elf/4.1.2/../../../../nios2-elf/lib/mno-hw-mul\libc.a(lib_a-memcpy.o)
 .comment       0x00000000       0x27 c:/altera/12.1sp1/nios2eds/bin/gnu/h-i686-mingw32/bin/../lib/gcc/nios2-elf/4.1.2/../../../../nios2-elf/lib/mno-hw-mul\libc.a(lib_a-memmove.o)
 .comment       0x00000000       0x27 c:/altera/12.1sp1/nios2eds/bin/gnu/h-i686-mingw32/bin/../lib/gcc/nios2-elf/4.1.2/../../../../nios2-elf/lib/mno-hw-mul\libc.a(lib_a-memset.o)
 .comment       0x00000000       0x27 c:/altera/12.1sp1/nios2eds/bin/gnu/h-i686-mingw32/bin/../lib/gcc/nios2-elf/4.1.2/../../../../nios2-elf/lib/mno-hw-mul\libc.a(lib_a-mprec.o)
 .comment       0x00000000       0x27 c:/altera/12.1sp1/nios2eds/bin/gnu/h-i686-mingw32/bin/../lib/gcc/nios2-elf/4.1.2/../../../../nios2-elf/lib/mno-hw-mul\libc.a(lib_a-reallocr.o)
 .comment       0x00000000       0x27 c:/altera/12.1sp1/nios2eds/bin/gnu/h-i686-mingw32/bin/../lib/gcc/nios2-elf/4.1.2/../../../../nios2-elf/lib/mno-hw-mul\libc.a(lib_a-s_isinfd.o)
 .comment       0x00000000       0x27 c:/altera/12.1sp1/nios2eds/bin/gnu/h-i686-mingw32/bin/../lib/gcc/nios2-elf/4.1.2/../../../../nios2-elf/lib/mno-hw-mul\libc.a(lib_a-s_isnand.o)
 .comment       0x00000000       0x27 c:/altera/12.1sp1/nios2eds/bin/gnu/h-i686-mingw32/bin/../lib/gcc/nios2-elf/4.1.2/../../../../nios2-elf/lib/mno-hw-mul\libc.a(lib_a-sbrkr.o)
 .comment       0x00000000       0x27 c:/altera/12.1sp1/nios2eds/bin/gnu/h-i686-mingw32/bin/../lib/gcc/nios2-elf/4.1.2/../../../../nios2-elf/lib/mno-hw-mul\libc.a(lib_a-stdio.o)
 .comment       0x00000000       0x27 c:/altera/12.1sp1/nios2eds/bin/gnu/h-i686-mingw32/bin/../lib/gcc/nios2-elf/4.1.2/../../../../nios2-elf/lib/mno-hw-mul\libc.a(lib_a-strcmp.o)
 .comment       0x00000000       0x27 c:/altera/12.1sp1/nios2eds/bin/gnu/h-i686-mingw32/bin/../lib/gcc/nios2-elf/4.1.2/../../../../nios2-elf/lib/mno-hw-mul\libc.a(lib_a-writer.o)
 .comment       0x00000000       0x27 c:/altera/12.1sp1/nios2eds/bin/gnu/h-i686-mingw32/bin/../lib/gcc/nios2-elf/4.1.2/../../../../nios2-elf/lib/mno-hw-mul\libc.a(lib_a-callocr.o)
 .comment       0x00000000       0x27 c:/altera/12.1sp1/nios2eds/bin/gnu/h-i686-mingw32/bin/../lib/gcc/nios2-elf/4.1.2/../../../../nios2-elf/lib/mno-hw-mul\libc.a(lib_a-closer.o)
 .comment       0x00000000       0x27 c:/altera/12.1sp1/nios2eds/bin/gnu/h-i686-mingw32/bin/../lib/gcc/nios2-elf/4.1.2/../../../../nios2-elf/lib/mno-hw-mul\libc.a(lib_a-fclose.o)
 .comment       0x00000000       0x27 c:/altera/12.1sp1/nios2eds/bin/gnu/h-i686-mingw32/bin/../lib/gcc/nios2-elf/4.1.2/../../../../nios2-elf/lib/mno-hw-mul\libc.a(lib_a-fstatr.o)
 .comment       0x00000000       0x27 c:/altera/12.1sp1/nios2eds/bin/gnu/h-i686-mingw32/bin/../lib/gcc/nios2-elf/4.1.2/../../../../nios2-elf/lib/mno-hw-mul\libc.a(lib_a-int_errno.o)
 .comment       0x00000000       0x27 c:/altera/12.1sp1/nios2eds/bin/gnu/h-i686-mingw32/bin/../lib/gcc/nios2-elf/4.1.2/../../../../nios2-elf/lib/mno-hw-mul\libc.a(lib_a-isattyr.o)
 .comment       0x00000000       0x27 c:/altera/12.1sp1/nios2eds/bin/gnu/h-i686-mingw32/bin/../lib/gcc/nios2-elf/4.1.2/../../../../nios2-elf/lib/mno-hw-mul\libc.a(lib_a-lseekr.o)
 .comment       0x00000000       0x27 c:/altera/12.1sp1/nios2eds/bin/gnu/h-i686-mingw32/bin/../lib/gcc/nios2-elf/4.1.2/../../../../nios2-elf/lib/mno-hw-mul\libc.a(lib_a-readr.o)
 .comment       0x00000000       0x27 c:/altera/12.1sp1/nios2eds/bin/gnu/h-i686-mingw32/bin/../lib/gcc/nios2-elf/4.1.2/mno-hw-mul\libgcc.a(_udivdi3.o)
 .comment       0x00000000       0x27 c:/altera/12.1sp1/nios2eds/bin/gnu/h-i686-mingw32/bin/../lib/gcc/nios2-elf/4.1.2/mno-hw-mul\libgcc.a(_umoddi3.o)
 .comment       0x00000000       0x27 c:/altera/12.1sp1/nios2eds/bin/gnu/h-i686-mingw32/bin/../lib/gcc/nios2-elf/4.1.2/mno-hw-mul\libgcc.a(_addsub_df.o)
 .comment       0x00000000       0x27 c:/altera/12.1sp1/nios2eds/bin/gnu/h-i686-mingw32/bin/../lib/gcc/nios2-elf/4.1.2/mno-hw-mul\libgcc.a(_mul_df.o)
 .comment       0x00000000       0x27 c:/altera/12.1sp1/nios2eds/bin/gnu/h-i686-mingw32/bin/../lib/gcc/nios2-elf/4.1.2/mno-hw-mul\libgcc.a(_div_df.o)
 .comment       0x00000000       0x27 c:/altera/12.1sp1/nios2eds/bin/gnu/h-i686-mingw32/bin/../lib/gcc/nios2-elf/4.1.2/mno-hw-mul\libgcc.a(_eq_df.o)
 .comment       0x00000000       0x27 c:/altera/12.1sp1/nios2eds/bin/gnu/h-i686-mingw32/bin/../lib/gcc/nios2-elf/4.1.2/mno-hw-mul\libgcc.a(_ne_df.o)
 .comment       0x00000000       0x27 c:/altera/12.1sp1/nios2eds/bin/gnu/h-i686-mingw32/bin/../lib/gcc/nios2-elf/4.1.2/mno-hw-mul\libgcc.a(_gt_df.o)
 .comment       0x00000000       0x27 c:/altera/12.1sp1/nios2eds/bin/gnu/h-i686-mingw32/bin/../lib/gcc/nios2-elf/4.1.2/mno-hw-mul\libgcc.a(_ge_df.o)
 .comment       0x00000000       0x27 c:/altera/12.1sp1/nios2eds/bin/gnu/h-i686-mingw32/bin/../lib/gcc/nios2-elf/4.1.2/mno-hw-mul\libgcc.a(_lt_df.o)
 .comment       0x00000000       0x27 c:/altera/12.1sp1/nios2eds/bin/gnu/h-i686-mingw32/bin/../lib/gcc/nios2-elf/4.1.2/mno-hw-mul\libgcc.a(_si_to_df.o)
 .comment       0x00000000       0x27 c:/altera/12.1sp1/nios2eds/bin/gnu/h-i686-mingw32/bin/../lib/gcc/nios2-elf/4.1.2/mno-hw-mul\libgcc.a(_df_to_si.o)
 .comment       0x00000000       0x27 c:/altera/12.1sp1/nios2eds/bin/gnu/h-i686-mingw32/bin/../lib/gcc/nios2-elf/4.1.2/mno-hw-mul\libgcc.a(_thenan_df.o)
 .comment       0x00000000       0x27 c:/altera/12.1sp1/nios2eds/bin/gnu/h-i686-mingw32/bin/../lib/gcc/nios2-elf/4.1.2/mno-hw-mul\libgcc.a(_usi_to_df.o)
 .comment       0x00000000       0x27 c:/altera/12.1sp1/nios2eds/bin/gnu/h-i686-mingw32/bin/../lib/gcc/nios2-elf/4.1.2/mno-hw-mul\libgcc.a(lib2-divmod.o)
 .comment       0x00000000       0x27 c:/altera/12.1sp1/nios2eds/bin/gnu/h-i686-mingw32/bin/../lib/gcc/nios2-elf/4.1.2/mno-hw-mul\libgcc.a(lib2-mul.o)
 .comment       0x00000000       0x27 c:/altera/12.1sp1/nios2eds/bin/gnu/h-i686-mingw32/bin/../lib/gcc/nios2-elf/4.1.2/mno-hw-mul\libgcc.a(_muldi3.o)
 .comment       0x00000000       0x27 c:/altera/12.1sp1/nios2eds/bin/gnu/h-i686-mingw32/bin/../lib/gcc/nios2-elf/4.1.2/mno-hw-mul\libgcc.a(_clz.o)
 .comment       0x00000000       0x27 c:/altera/12.1sp1/nios2eds/bin/gnu/h-i686-mingw32/bin/../lib/gcc/nios2-elf/4.1.2/mno-hw-mul\libgcc.a(_clzsi2.o)
 .comment       0x00000000       0x27 c:/altera/12.1sp1/nios2eds/bin/gnu/h-i686-mingw32/bin/../lib/gcc/nios2-elf/4.1.2/mno-hw-mul\libgcc.a(_pack_df.o)
 .comment       0x00000000       0x27 c:/altera/12.1sp1/nios2eds/bin/gnu/h-i686-mingw32/bin/../lib/gcc/nios2-elf/4.1.2/mno-hw-mul\libgcc.a(_unpack_df.o)
 .comment       0x00000000       0x27 c:/altera/12.1sp1/nios2eds/bin/gnu/h-i686-mingw32/bin/../lib/gcc/nios2-elf/4.1.2/mno-hw-mul\libgcc.a(_fpcmp_parts_df.o)
 .comment       0x00000000       0x27 ../Tutorial_bsp/\libucosii_bsp.a(alt_close.o)
 .comment       0x00000000       0x27 ../Tutorial_bsp/\libucosii_bsp.a(alt_dev.o)
 .comment       0x00000000       0x27 ../Tutorial_bsp/\libucosii_bsp.a(alt_errno.o)
 .comment       0x00000000       0x27 ../Tutorial_bsp/\libucosii_bsp.a(alt_fstat.o)
 .comment       0x00000000       0x27 ../Tutorial_bsp/\libucosii_bsp.a(alt_isatty.o)
 .comment       0x00000000       0x27 ../Tutorial_bsp/\libucosii_bsp.a(alt_load.o)
 .comment       0x00000000       0x27 ../Tutorial_bsp/\libucosii_bsp.a(alt_lseek.o)
 .comment       0x00000000       0x27 ../Tutorial_bsp/\libucosii_bsp.a(alt_main.o)
 .comment       0x00000000       0x27 ../Tutorial_bsp/\libucosii_bsp.a(alt_read.o)
 .comment       0x00000000       0x27 ../Tutorial_bsp/\libucosii_bsp.a(alt_release_fd.o)
 .comment       0x00000000       0x27 ../Tutorial_bsp/\libucosii_bsp.a(alt_sbrk.o)
 .comment       0x00000000       0x27 ../Tutorial_bsp/\libucosii_bsp.a(alt_write.o)
 .comment       0x00000000       0x27 ../Tutorial_bsp/\libucosii_bsp.a(alt_env_lock.o)
 .comment       0x00000000       0x27 ../Tutorial_bsp/\libucosii_bsp.a(alt_malloc_lock.o)
 .comment       0x00000000       0x27 ../Tutorial_bsp/\libucosii_bsp.a(os_core.o)
 .comment       0x00000000       0x27 ../Tutorial_bsp/\libucosii_bsp.a(os_dbg.o)
 .comment       0x00000000       0x27 ../Tutorial_bsp/\libucosii_bsp.a(os_flag.o)
 .comment       0x00000000       0x27 ../Tutorial_bsp/\libucosii_bsp.a(os_mem.o)
 .comment       0x00000000       0x27 ../Tutorial_bsp/\libucosii_bsp.a(os_q.o)
 .comment       0x00000000       0x27 ../Tutorial_bsp/\libucosii_bsp.a(os_sem.o)
 .comment       0x00000000       0x27 ../Tutorial_bsp/\libucosii_bsp.a(os_task.o)
 .comment       0x00000000       0x27 ../Tutorial_bsp/\libucosii_bsp.a(os_time.o)
 .comment       0x00000000       0x27 ../Tutorial_bsp/\libucosii_bsp.a(alt_sys_init.o)
 .comment       0x00000000       0x27 ../Tutorial_bsp/\libucosii_bsp.a(altera_avalon_jtag_uart_fd.o)
 .comment       0x00000000       0x27 ../Tutorial_bsp/\libucosii_bsp.a(altera_avalon_jtag_uart_init.o)
 .comment       0x00000000       0x27 ../Tutorial_bsp/\libucosii_bsp.a(altera_avalon_jtag_uart_ioctl.o)
 .comment       0x00000000       0x27 ../Tutorial_bsp/\libucosii_bsp.a(altera_avalon_jtag_uart_read.o)
 .comment       0x00000000       0x27 ../Tutorial_bsp/\libucosii_bsp.a(altera_avalon_jtag_uart_write.o)
 .comment       0x00000000       0x27 ../Tutorial_bsp/\libucosii_bsp.a(altera_avalon_timer_sc.o)
 .comment       0x00000000       0x27 ../Tutorial_bsp/\libucosii_bsp.a(alt_alarm_start.o)
 .comment       0x00000000       0x27 ../Tutorial_bsp/\libucosii_bsp.a(alt_dcache_flush_all.o)
 .comment       0x00000000       0x27 ../Tutorial_bsp/\libucosii_bsp.a(alt_dev_llist_insert.o)
 .comment       0x00000000       0x27 ../Tutorial_bsp/\libucosii_bsp.a(alt_do_ctors.o)
 .comment       0x00000000       0x27 ../Tutorial_bsp/\libucosii_bsp.a(alt_do_dtors.o)
 .comment       0x00000000       0x27 ../Tutorial_bsp/\libucosii_bsp.a(alt_icache_flush_all.o)
 .comment       0x00000000       0x27 ../Tutorial_bsp/\libucosii_bsp.a(alt_iic.o)
 .comment       0x00000000       0x27 ../Tutorial_bsp/\libucosii_bsp.a(alt_iic_isr_register.o)
 .comment       0x00000000       0x27 ../Tutorial_bsp/\libucosii_bsp.a(alt_io_redirect.o)