Archive member included because of file (symbol)

c:/altera/12.1sp1/nios2eds/bin/gnu/h-i686-mingw32/bin/../lib/gcc/nios2-elf/4.1.2/../../../../nios2-elf/lib\libc.a(lib_a-puts.o)
                              obj/default/hello_ucosii.o (puts)
c:/altera/12.1sp1/nios2eds/bin/gnu/h-i686-mingw32/bin/../lib/gcc/nios2-elf/4.1.2/../../../../nios2-elf/lib\libc.a(lib_a-strlen.o)
                              c:/altera/12.1sp1/nios2eds/bin/gnu/h-i686-mingw32/bin/../lib/gcc/nios2-elf/4.1.2/../../../../nios2-elf/lib\libc.a(lib_a-puts.o) (strlen)
c:/altera/12.1sp1/nios2eds/bin/gnu/h-i686-mingw32/bin/../lib/gcc/nios2-elf/4.1.2/../../../../nios2-elf/lib\libc.a(lib_a-fvwrite.o)
                              c:/altera/12.1sp1/nios2eds/bin/gnu/h-i686-mingw32/bin/../lib/gcc/nios2-elf/4.1.2/../../../../nios2-elf/lib\libc.a(lib_a-puts.o) (__sfvwrite_r)
c:/altera/12.1sp1/nios2eds/bin/gnu/h-i686-mingw32/bin/../lib/gcc/nios2-elf/4.1.2/../../../../nios2-elf/lib\libc.a(lib_a-impure.o)
                              c:/altera/12.1sp1/nios2eds/bin/gnu/h-i686-mingw32/bin/../lib/gcc/nios2-elf/4.1.2/../../../../nios2-elf/lib\libc.a(lib_a-puts.o) (_impure_ptr)
c:/altera/12.1sp1/nios2eds/bin/gnu/h-i686-mingw32/bin/../lib/gcc/nios2-elf/4.1.2/../../../../nios2-elf/lib\libc.a(lib_a-mallocr.o)
                              c:/altera/12.1sp1/nios2eds/bin/gnu/h-i686-mingw32/bin/../lib/gcc/nios2-elf/4.1.2/../../../../nios2-elf/lib\libc.a(lib_a-fvwrite.o) (_malloc_r)
c:/altera/12.1sp1/nios2eds/bin/gnu/h-i686-mingw32/bin/../lib/gcc/nios2-elf/4.1.2/../../../../nios2-elf/lib\libc.a(lib_a-memchr.o)
                              c:/altera/12.1sp1/nios2eds/bin/gnu/h-i686-mingw32/bin/../lib/gcc/nios2-elf/4.1.2/../../../../nios2-elf/lib\libc.a(lib_a-fvwrite.o) (memchr)
c:/altera/12.1sp1/nios2eds/bin/gnu/h-i686-mingw32/bin/../lib/gcc/nios2-elf/4.1.2/../../../../nios2-elf/lib\libc.a(lib_a-memcpy.o)
                              c:/altera/12.1sp1/nios2eds/bin/gnu/h-i686-mingw32/bin/../lib/gcc/nios2-elf/4.1.2/../../../../nios2-elf/lib\libc.a(lib_a-fvwrite.o) (memcpy)
c:/altera/12.1sp1/nios2eds/bin/gnu/h-i686-mingw32/bin/../lib/gcc/nios2-elf/4.1.2/../../../../nios2-elf/lib\libc.a(lib_a-memmove.o)
                              c:/altera/12.1sp1/nios2eds/bin/gnu/h-i686-mingw32/bin/../lib/gcc/nios2-elf/4.1.2/../../../../nios2-elf/lib\libc.a(lib_a-fvwrite.o) (memmove)
c:/altera/12.1sp1/nios2eds/bin/gnu/h-i686-mingw32/bin/../lib/gcc/nios2-elf/4.1.2/../../../../nios2-elf/lib\libc.a(lib_a-reallocr.o)
                              c:/altera/12.1sp1/nios2eds/bin/gnu/h-i686-mingw32/bin/../lib/gcc/nios2-elf/4.1.2/../../../../nios2-elf/lib\libc.a(lib_a-fvwrite.o) (_realloc_r)
c:/altera/12.1sp1/nios2eds/bin/gnu/h-i686-mingw32/bin/../lib/gcc/nios2-elf/4.1.2/../../../../nios2-elf/lib\libc.a(lib_a-sbrkr.o)
                              c:/altera/12.1sp1/nios2eds/bin/gnu/h-i686-mingw32/bin/../lib/gcc/nios2-elf/4.1.2/../../../../nios2-elf/lib\libc.a(lib_a-mallocr.o) (_sbrk_r)
c:/altera/12.1sp1/nios2eds/bin/gnu/h-i686-mingw32/bin/../lib/gcc/nios2-elf/4.1.2/../../../../nios2-elf/lib\libc.a(lib_a-wsetup.o)
                              c:/altera/12.1sp1/nios2eds/bin/gnu/h-i686-mingw32/bin/../lib/gcc/nios2-elf/4.1.2/../../../../nios2-elf/lib\libc.a(lib_a-fvwrite.o) (__swsetup_r)
c:/altera/12.1sp1/nios2eds/bin/gnu/h-i686-mingw32/bin/../lib/gcc/nios2-elf/4.1.2/../../../../nios2-elf/lib\libc.a(lib_a-fflush.o)
                              c:/altera/12.1sp1/nios2eds/bin/gnu/h-i686-mingw32/bin/../lib/gcc/nios2-elf/4.1.2/../../../../nios2-elf/lib\libc.a(lib_a-fvwrite.o) (_fflush_r)
c:/altera/12.1sp1/nios2eds/bin/gnu/h-i686-mingw32/bin/../lib/gcc/nios2-elf/4.1.2/../../../../nios2-elf/lib\libc.a(lib_a-findfp.o)
                              c:/altera/12.1sp1/nios2eds/bin/gnu/h-i686-mingw32/bin/../lib/gcc/nios2-elf/4.1.2/../../../../nios2-elf/lib\libc.a(lib_a-wsetup.o) (__sinit)
c:/altera/12.1sp1/nios2eds/bin/gnu/h-i686-mingw32/bin/../lib/gcc/nios2-elf/4.1.2/../../../../nios2-elf/lib\libc.a(lib_a-freer.o)
                              c:/altera/12.1sp1/nios2eds/bin/gnu/h-i686-mingw32/bin/../lib/gcc/nios2-elf/4.1.2/../../../../nios2-elf/lib\libc.a(lib_a-fvwrite.o) (_free_r)
c:/altera/12.1sp1/nios2eds/bin/gnu/h-i686-mingw32/bin/../lib/gcc/nios2-elf/4.1.2/../../../../nios2-elf/lib\libc.a(lib_a-fwalk.o)
                              c:/altera/12.1sp1/nios2eds/bin/gnu/h-i686-mingw32/bin/../lib/gcc/nios2-elf/4.1.2/../../../../nios2-elf/lib\libc.a(lib_a-fflush.o) (_fwalk_reent)
c:/altera/12.1sp1/nios2eds/bin/gnu/h-i686-mingw32/bin/../lib/gcc/nios2-elf/4.1.2/../../../../nios2-elf/lib\libc.a(lib_a-int_errno.o)
                              c:/altera/12.1sp1/nios2eds/bin/gnu/h-i686-mingw32/bin/../lib/gcc/nios2-elf/4.1.2/../../../../nios2-elf/lib\libc.a(lib_a-sbrkr.o) (errno)
c:/altera/12.1sp1/nios2eds/bin/gnu/h-i686-mingw32/bin/../lib/gcc/nios2-elf/4.1.2/../../../../nios2-elf/lib\libc.a(lib_a-makebuf.o)
[...]
Memory Configuration

Name             Origin             Length             Attributes
sdram_0          0x00800000         0x00800000
sram_0           0x01080000         0x00080000
reset            0x01104000         0x00000020
onchip_memory2_0 0x01104020         0x00003fe0
*default*        0x00000000         0xffffffff

Linker script and memory map

LOAD ../AudioTest_bsp//obj/HAL/src/crt0.o
LOAD obj/default/hello_ucosii.o
LOAD c:/altera/12.1sp1/nios2eds/bin/gnu/h-i686-mingw32/bin/../lib/gcc/nios2-elf/4.1.2/../../../../nios2-elf/lib\libstdc++.a
LOAD c:/altera/12.1sp1/nios2eds/bin/gnu/h-i686-mingw32/bin/../lib/gcc/nios2-elf/4.1.2/../../../../nios2-elf/lib\libm.a
LOAD c:/altera/12.1sp1/nios2eds/bin/gnu/h-i686-mingw32/bin/../lib/gcc/nios2-elf/4.1.2\libgcc.a
START GROUP
LOAD c:/altera/12.1sp1/nios2eds/bin/gnu/h-i686-mingw32/bin/../lib/gcc/nios2-elf/4.1.2/../../../../nios2-elf/lib\libc.a
LOAD c:/altera/12.1sp1/nios2eds/bin/gnu/h-i686-mingw32/bin/../lib/gcc/nios2-elf/4.1.2\libgcc.a
LOAD ../AudioTest_bsp/\libucosii_bsp.a
END GROUP
LOAD c:/altera/12.1sp1/nios2eds/bin/gnu/h-i686-mingw32/bin/../lib/gcc/nios2-elf/4.1.2\libgcc.a
                0x00800000                __alt_mem_sdram_0 = 0x800000
                0x01080000                __alt_mem_sram_0 = 0x1080000
                0x01104000                __alt_mem_onchip_memory2_0 = 0x1104000

.entry          0x01104000       0x20
 *(.entry)
 .entry         0x01104000       0x20 ../AudioTest_bsp//obj/HAL/src/crt0.o
                0x01104000                __reset

.exceptions     0x01104020      0x1a0 load address 0x00800000
                0x01104020                PROVIDE (__ram_exceptions_start, ABSOLUTE (.))
                0x01104020                . = ALIGN (0x20)
 *(.irq)
 *(.exceptions.entry.label)
 .exceptions.entry.label
                0x01104020        0x0 ../AudioTest_bsp/\libucosii_bsp.a(alt_irq_entry.o)
                0x01104020                alt_irq_entry
 .exceptions.entry.label
                0x01104020        0x0 ../AudioTest_bsp/\libucosii_bsp.a(alt_exception_entry.o)
                0x01104020                alt_exception
 *(.exceptions.entry.user)
 *(.exceptions.entry)
 .exceptions.entry
                0x01104020       0x54 ../AudioTest_bsp/\libucosii_bsp.a(alt_exception_entry.o)
 *(.exceptions.irqtest.user)
 *(.exceptions.irqtest)
 .exceptions.irqtest
                0x01104074       0x10 ../AudioTest_bsp/\libucosii_bsp.a(alt_irq_entry.o)
 *(.exceptions.irqhandler.user)
 *(.exceptions.irqhandler)
 .exceptions.irqhandler
                0x01104084        0x4 ../AudioTest_bsp/\libucosii_bsp.a(alt_irq_entry.o)
 *(.exceptions.irqreturn.user)
 *(.exceptions.irqreturn)
 .exceptions.irqreturn
                0x01104088        0x4 ../AudioTest_bsp/\libucosii_bsp.a(alt_irq_entry.o)
 *(.exceptions.notirq.label)
 .exceptions.notirq.label
                0x0110408c        0x0 ../AudioTest_bsp/\libucosii_bsp.a(alt_irq_entry.o)
 *(.exceptions.notirq.user)
 *(.exceptions.notirq)
 .exceptions.notirq
                0x0110408c        0x8 ../AudioTest_bsp/\libucosii_bsp.a(alt_exception_entry.o)
 *(.exceptions.soft.user)
 *(.exceptions.soft)
 *(.exceptions.unknown.user)
 *(.exceptions.unknown)
 .exceptions.unknown
                0x01104094        0x4 ../AudioTest_bsp/\libucosii_bsp.a(alt_exception_entry.o)
 *(.exceptions.exit.label)
 .exceptions.exit.label
                0x01104098        0x0 ../AudioTest_bsp/\libucosii_bsp.a(alt_irq_entry.o)
 .exceptions.exit.label
                0x01104098        0x0 ../AudioTest_bsp/\libucosii_bsp.a(alt_exception_entry.o)
 *(.exceptions.exit.user)
 *(.exceptions.exit)
 .exceptions.exit
                0x01104098       0x54 ../AudioTest_bsp/\libucosii_bsp.a(alt_exception_entry.o)
 *(.exceptions)
 .exceptions    0x011040ec       0xd4 ../AudioTest_bsp/\libucosii_bsp.a(alt_irq_handler.o)
                0x011040ec                alt_irq_handler
                0x011041c0                PROVIDE (__ram_exceptions_end, ABSOLUTE (.))
                0x00800000                PROVIDE (__flash_exceptions_start, LOADADDR (.exceptions))

.text           0x008001a0     0xf8dc
                0x008001a0                PROVIDE (stext, ABSOLUTE (.))
 *(.interp)
 *(.hash)
 *(.dynsym)
 *(.dynstr)
 *(.gnu.version)
 *(.gnu.version_d)
 *(.gnu.version_r)
 *(.rel.init)
 *(.rela.init)
 *(.rel.text .rel.text.* .rel.gnu.linkonce.t.*)
 *(.rela.text .rela.text.* .rela.gnu.linkonce.t.*)
 *(.rel.fini)
 *(.rela.fini)
 *(.rel.rodata .rel.rodata.* .rel.gnu.linkonce.r.*)
 *(.rela.rodata .rela.rodata.* .rela.gnu.linkonce.r.*)
 *(.rel.data .rel.data.* .rel.gnu.linkonce.d.*)
 *(.rela.data .rela.data.* .rela.gnu.linkonce.d.*)
 *(.rel.tdata .rel.tdata.* .rel.gnu.linkonce.td.*)
 *(.rela.tdata .rela.tdata.* .rela.gnu.linkonce.td.*)
 *(.rel.tbss .rel.tbss.* .rel.gnu.linkonce.tb.*)
 *(.rela.tbss .rela.tbss.* .rela.gnu.linkonce.tb.*)
 *(.rel.ctors)
 *(.rela.ctors)
 *(.rel.dtors)
 *(.rela.dtors)
 *(.rel.got)
 *(.rela.got)
 *(.rel.sdata .rel.sdata.* .rel.gnu.linkonce.s.*)
 *(.rela.sdata .rela.sdata.* .rela.gnu.linkonce.s.*)
 *(.rel.sbss .rel.sbss.* .rel.gnu.linkonce.sb.*)
 *(.rela.sbss .rela.sbss.* .rela.gnu.linkonce.sb.*)
 *(.rel.sdata2 .rel.sdata2.* .rel.gnu.linkonce.s2.*)
 *(.rela.sdata2 .rela.sdata2.* .rela.gnu.linkonce.s2.*)
 *(.rel.sbss2 .rel.sbss2.* .rel.gnu.linkonce.sb2.*)
 *(.rela.sbss2 .rela.sbss2.* .rela.gnu.linkonce.sb2.*)
 *(.rel.bss .rel.bss.* .rel.gnu.linkonce.b.*)
 *(.rela.bss .rela.bss.* .rela.gnu.linkonce.b.*)
 *(.rel.plt)
 *(.rela.plt)
 *(.rel.dyn)
 *(.init)
 *(.plt)
 *(.text .stub .text.* .gnu.linkonce.t.*)
 .text          0x008001a0       0x4c ../AudioTest_bsp//obj/HAL/src/crt0.o
                0x008001a0                _start
 .text          0x008001ec      0x218 obj/default/hello_ucosii.o
                0x008001ec                audio_data_task
                0x00800398                main
 .text          0x00800404       0xb4 c:/altera/12.1sp1/nios2eds/bin/gnu/h-i686-mingw32/bin/../lib/gcc/nios2-elf/4.1.2/../../../../nios2-elf/lib\libc.a(lib_a-puts.o)
                0x00800404                _puts_r
                0x008004a4                puts
 .text          0x008004b8       0x74 c:/altera/12.1sp1/nios2eds/bin/gnu/h-i686-mingw32/bin/../lib/gcc/nios2-elf/4.1.2/../../../../nios2-elf/lib\libc.a(lib_a-strlen.o)
                0x008004b8                strlen
 .text          0x0080052c      0x49c c:/altera/12.1sp1/nios2eds/bin/gnu/h-i686-mingw32/bin/../lib/gcc/nios2-elf/4.1.2/../../../../nios2-elf/lib\libc.a(lib_a-fvwrite.o)
                0x0080052c                __sfvwrite_r
 .text          0x008009c8        0x0 c:/altera/12.1sp1/nios2eds/bin/gnu/h-i686-mingw32/bin/../lib/gcc/nios2-elf/4.1.2/../../../../nios2-elf/lib\libc.a(lib_a-impure.o)
 .text          0x008009c8      0x740 c:/altera/12.1sp1/nios2eds/bin/gnu/h-i686-mingw32/bin/../lib/gcc/nios2-elf/4.1.2/../../../../nios2-elf/lib\libc.a(lib_a-mallocr.o)
                0x008009c8                _malloc_r
 .text          0x00801108       0xe4 c:/altera/12.1sp1/nios2eds/bin/gnu/h-i686-mingw32/bin/../lib/gcc/nios2-elf/4.1.2/../../../../nios2-elf/lib\libc.a(lib_a-memchr.o)
                0x00801108                memchr
 .text          0x008011ec       0xa0 c:/altera/12.1sp1/nios2eds/bin/gnu/h-i686-mingw32/bin/../lib/gcc/nios2-elf/4.1.2/../../../../nios2-elf/lib\libc.a(lib_a-memcpy.o)
                0x008011ec                memcpy
 .text          0x0080128c       0xe0 c:/altera/12.1sp1/nios2eds/bin/gnu/h-i686-mingw32/bin/../lib/gcc/nios2-elf/4.1.2/../../../../nios2-elf/lib\libc.a(lib_a-memmove.o)
                0x0080128c                memmove
 .text          0x0080136c      0x5f4 c:/altera/12.1sp1/nios2eds/bin/gnu/h-i686-mingw32/bin/../lib/gcc/nios2-elf/4.1.2/../../../../nios2-elf/lib\libc.a(lib_a-reallocr.o)
                0x0080136c                _realloc_r
 .text          0x00801960       0x70 c:/altera/12.1sp1/nios2eds/bin/gnu/h-i686-mingw32/bin/../lib/gcc/nios2-elf/4.1.2/../../../../nios2-elf/lib\libc.a(lib_a-sbrkr.o)
                0x00801960                _sbrk_r
 .text          0x008019d0      0x13c c:/altera/12.1sp1/nios2eds/bin/gnu/h-i686-mingw32/bin/../lib/gcc/nios2-elf/4.1.2/../../../../nios2-elf/lib\libc.a(lib_a-wsetup.o)
                0x008019d0                __swsetup_r
 .text          0x00801b0c      0x230 c:/altera/12.1sp1/nios2eds/bin/gnu/h-i686-mingw32/bin/../lib/gcc/nios2-elf/4.1.2/../../../../nios2-elf/lib\libc.a(lib_a-fflush.o)
                0x00801b0c                _fflush_r
                0x00801d08                fflush
 .text          0x00801d3c      0x2c0 c:/altera/12.1sp1/nios2eds/bin/gnu/h-i686-mingw32/bin/../lib/gcc/nios2-elf/4.1.2/../../../../nios2-elf/lib\libc.a(lib_a-findfp.o)
                0x00801d94                __sfp_lock_acquire
                0x00801d98                __sfp_lock_release
                0x00801d9c                __sinit_lock_acquire
                0x00801da0                __sinit_lock_release
                0x00801da4                __sinit
                0x00801e58                __fp_unlock_all
                0x00801e70                __fp_lock_all
                0x00801e88                _cleanup_r
                0x00801e94                _cleanup
                0x00801ea4                __sfmoreglue
                0x00801f0c                __sfp
 .text          0x00801ffc      0x440 c:/altera/12.1sp1/nios2eds/bin/gnu/h-i686-mingw32/bin/../lib/gcc/nios2-elf/4.1.2/../../../../nios2-elf/lib\libc.a(lib_a-freer.o)
                0x00801ffc                _malloc_trim_r
                0x00802128                _free_r
 .text          0x0080243c      0x180 c:/altera/12.1sp1/nios2eds/bin/gnu/h-i686-mingw32/bin/../lib/gcc/nios2-elf/4.1.2/../../../../nios2-elf/lib\libc.a(lib_a-fwalk.o)
                0x0080243c                _fwalk_reent
                0x00802504                _fwalk
 .text          0x008025bc        0x0 c:/altera/12.1sp1/nios2eds/bin/gnu/h-i686-mingw32/bin/../lib/gcc/nios2-elf/4.1.2/../../../../nios2-elf/lib\libc.a(lib_a-int_errno.o)
 .text          0x008025bc      0x194 c:/altera/12.1sp1/nios2eds/bin/gnu/h-i686-mingw32/bin/../lib/gcc/nios2-elf/4.1.2/../../../../nios2-elf/lib\libc.a(lib_a-makebuf.o)
                0x008025bc                __smakebuf_r
 .text          0x00802750       0x98 c:/altera/12.1sp1/nios2eds/bin/gnu/h-i686-mingw32/bin/../lib/gcc/nios2-elf/4.1.2/../../../../nios2-elf/lib\libc.a(lib_a-memset.o)
                0x00802750                memset
 .text          0x008027e8      0x14c c:/altera/12.1sp1/nios2eds/bin/gnu/h-i686-mingw32/bin/../lib/gcc/nios2-elf/4.1.2/../../../../nios2-elf/lib\libc.a(lib_a-stdio.o)
                0x008027e8                __sclose
                0x008027f0                __sseek
                0x00802858                __swrite
                0x008028d4                __sread
 .text          0x00802934       0x78 c:/altera/12.1sp1/nios2eds/bin/gnu/h-i686-mingw32/bin/../lib/gcc/nios2-elf/4.1.2/../../../../nios2-elf/lib\libc.a(lib_a-writer.o)
                0x00802934                _write_r
 .text          0x008029ac       0x70 c:/altera/12.1sp1/nios2eds/bin/gnu/h-i686-mingw32/bin/../lib/gcc/nios2-elf/4.1.2/../../../../nios2-elf/lib\libc.a(lib_a-closer.o)
                0x008029ac                _close_r
 .text          0x00802a1c      0x124 c:/altera/12.1sp1/nios2eds/bin/gnu/h-i686-mingw32/bin/../lib/gcc/nios2-elf/4.1.2/../../../../nios2-elf/lib\libc.a(lib_a-fclose.o)
                0x00802a1c                _fclose_r
                0x00802b2c                fclose
 .text          0x00802b40       0x74 c:/altera/12.1sp1/nios2eds/bin/gnu/h-i686-mingw32/bin/../lib/gcc/nios2-elf/4.1.2/../../../../nios2-elf/lib\libc.a(lib_a-fstatr.o)
                0x00802b40                _fstat_r
 .text          0x00802bb4       0x70 c:/altera/12.1sp1/nios2eds/bin/gnu/h-i686-mingw32/bin/../lib/gcc/nios2-elf/4.1.2/../../../../nios2-elf/lib\libc.a(lib_a-isattyr.o)
                0x00802bb4                _isatty_r
 .text          0x00802c24       0x78 c:/altera/12.1sp1/nios2eds/bin/gnu/h-i686-mingw32/bin/../lib/gcc/nios2-elf/4.1.2/../../../../nios2-elf/lib\libc.a(lib_a-lseekr.o)
                0x00802c24                _lseek_r
 .text          0x00802c9c       0x78 c:/altera/12.1sp1/nios2eds/bin/gnu/h-i686-mingw32/bin/../lib/gcc/nios2-elf/4.1.2/../../../../nios2-elf/lib\libc.a(lib_a-readr.o)
                0x00802c9c                _read_r
 .text          0x00802d14      0x15c ../AudioTest_bsp/\libucosii_bsp.a(alt_close.o)
                0x00802d14                close
 .text          0x00802e70       0x2c ../AudioTest_bsp/\libucosii_bsp.a(alt_dev.o)
 .text          0x00802e9c        0x0 ../AudioTest_bsp/\libucosii_bsp.a(alt_errno.o)
 .text          0x00802e9c      0x134 ../AudioTest_bsp/\libucosii_bsp.a(alt_fstat.o)
                0x00802e9c                fstat
 .text          0x00802fd0      0x120 ../AudioTest_bsp/\libucosii_bsp.a(alt_isatty.o)
                0x00802fd0                isatty
 .text          0x008030f0       0xec ../AudioTest_bsp/\libucosii_bsp.a(alt_load.o)
                0x008030f0                alt_load
 .text          0x008031dc      0x150 ../AudioTest_bsp/\libucosii_bsp.a(alt_lseek.o)
                0x008031dc                lseek
 .text          0x0080332c       0xc8 ../AudioTest_bsp/\libucosii_bsp.a(alt_main.o)
                0x0080332c                alt_main
 .text          0x008033f4      0x180 ../AudioTest_bsp/\libucosii_bsp.a(alt_read.o)
                0x008033f4                read
 .text          0x00803574       0x60 ../AudioTest_bsp/\libucosii_bsp.a(alt_release_fd.o)
                0x00803574                alt_release_fd
 .text          0x008035d4       0xbc ../AudioTest_bsp/\libucosii_bsp.a(alt_sbrk.o)
                0x008035d4                sbrk
 .text          0x00803690      0x180 ../AudioTest_bsp/\libucosii_bsp.a(alt_write.o)
                0x00803690                write
 .text          0x00803810      0x108 ../AudioTest_bsp/\libucosii_bsp.a(alt_env_lock.o)
                0x00803810                __env_lock
                0x008038bc                __env_unlock
 .text          0x00803918      0x1d8 ../AudioTest_bsp/\libucosii_bsp.a(alt_malloc_lock.o)
                0x00803918                __malloc_lock
                0x00803a20                __malloc_unlock
 .text          0x00803af0     0x2128 ../AudioTest_bsp/\libucosii_bsp.a(os_core.o)
                0x00803af0                OSEventNameGet
                0x00803c20                OSEventNameSet
                0x00803d64                OSEventPendMulti
                0x00804418                OSInit
                0x0080446c                OSIntEnter
                0x008044e8                OSIntExit
                0x008045e8                OSSchedLock
                0x00804674                OSSchedUnlock
                0x00804758                OSStart
                0x008047c8                OSStatInit
                0x00804874                OSTimeTick
                0x00804ab4                OSVersion
                0x00804ad4                OS_Dummy
                0x00804af0                OS_EventTaskRdy
                0x00804c84                OS_EventTaskWait
                0x00804d94                OS_EventTaskWaitMulti
                0x00804ee8                OS_EventTaskRemove
                0x00804fa0                OS_EventTaskRemoveMulti
                0x008050a4                OS_EventWaitListInit
                0x00805470                OS_MemClr
                0x008054c4                OS_MemCopy
                0x00805530                OS_Sched
                0x00805674                OS_StrCopy
                0x008056f4                OS_StrLen
                0x0080574c                OS_TaskIdle
                0x008057a8                OS_TaskStat
                0x00805870                OS_TaskStatStkChk
                0x00805938                OS_TCBInit
 .text          0x00805c18      0x18c ../AudioTest_bsp/\libucosii_bsp.a(os_dbg.o)
                0x00805c18                OSDebugInit
 .text          0x00805da4     0x193c ../AudioTest_bsp/\libucosii_bsp.a(os_flag.o)
                0x00805da4                OSFlagAccept
                0x008060d8                OSFlagCreate
                0x00806214                OSFlagDel
                0x008064bc                OSFlagNameGet
                0x00806600                OSFlagNameSet
                0x00806754                OSFlagPend
                0x00806d98                OSFlagPendGetFlagsRdy
                0x00806e00                OSFlagPost
                0x008071a8                OSFlagQuery
                0x00807440                OS_FlagInit
                0x00807634                OS_FlagUnlink
 .text          0x008076e0      0x808 ../AudioTest_bsp/\libucosii_bsp.a(os_mem.o)
                0x008076e0                OSMemCreate
                0x008078fc                OSMemGet
                0x00807a00                OSMemNameGet
                0x00807b0c                OSMemNameSet
                0x00807c2c                OSMemPut
                0x00807d1c                OSMemQuery
                0x00807e18                OS_MemInit
 .text          0x00807ee8     0x1334 ../AudioTest_bsp/\libucosii_bsp.a(os_q.o)
                0x00807ee8                OSQAccept
                0x0080803c                OSQCreate
                0x00808250                OSQDel
                0x00808550                OSQFlush
                0x00808618                OSQPend
                0x00808938                OSQPendAbort
                0x00808ab4                OSQPost
                0x00808c34                OSQPostFront
                0x00808dbc                OSQPostOpt
                0x00808ff0                OSQQuery
                0x00809170                OS_QInit
 .text          0x0080921c      0xbc8 ../AudioTest_bsp/\libucosii_bsp.a(os_sem.o)
                0x0080921c                OSSemAccept
                0x008092dc                OSSemCreate
                0x008093f0                OSSemDel
                0x00809690                OSSemPend
                0x0080990c                OSSemPendAbort
                0x00809a88                OSSemPost
                0x00809bb0                OSSemQuery
                0x00809ce0                OSSemSet
 .text          0x00809de4     0x1a40 ../AudioTest_bsp/\libucosii_bsp.a(os_task.o)
                0x00809de4                OSTaskChangePrio
                0x0080a358                OSTaskCreate
                0x0080a52c                OSTaskCreateExt
                0x0080a72c                OSTaskDel
                0x0080ab38                OSTaskDelReq
                0x0080aca8                OSTaskNameGet
                0x0080ae60                OSTaskNameSet
                0x0080b024                OSTaskResume
                0x0080b23c                OSTaskStkChk
                0x0080b438                OSTaskSuspend
                0x0080b664                OSTaskQuery
                0x0080b7a8                OS_TaskStkClr
 .text          0x0080b824      0x598 ../AudioTest_bsp/\libucosii_bsp.a(os_time.o)
                0x0080b824                OSTimeDly
                0x0080b970                OSTimeDlyHMSM
                0x0080bae4                OSTimeDlyResume
                0x0080bcf4                OSTimeGet
                0x0080bd58                OSTimeSet
 .text          0x0080bdbc       0xf8 ../AudioTest_bsp/\libucosii_bsp.a(alt_sys_init.o)
                0x0080bdbc                alt_irq_init
                0x0080bdf0                alt_sys_init
 .text          0x0080beb4      0x148 ../AudioTest_bsp/\libucosii_bsp.a(altera_avalon_jtag_uart_fd.o)
                0x0080beb4                altera_avalon_jtag_uart_read_fd
                0x0080bf0c                altera_avalon_jtag_uart_write_fd
                0x0080bf64                altera_avalon_jtag_uart_close_fd
                0x0080bfac                altera_avalon_jtag_uart_ioctl_fd
 .text          0x0080bffc      0x580 ../AudioTest_bsp/\libucosii_bsp.a(altera_avalon_jtag_uart_init.o)
                0x0080bffc                altera_avalon_jtag_uart_init
                0x0080c508                altera_avalon_jtag_uart_close
 .text          0x0080c57c       0xf4 ../AudioTest_bsp/\libucosii_bsp.a(altera_avalon_jtag_uart_ioctl.o)
                0x0080c57c                altera_avalon_jtag_uart_ioctl
 .text          0x0080c670      0x2c0 ../AudioTest_bsp/\libucosii_bsp.a(altera_avalon_jtag_uart_read.o)
                0x0080c670                altera_avalon_jtag_uart_read
 .text          0x0080c930      0x2dc ../AudioTest_bsp/\libucosii_bsp.a(altera_avalon_jtag_uart_write.o)
                0x0080c930                altera_avalon_jtag_uart_write
 .text          0x0080cc0c       0xfc ../AudioTest_bsp/\libucosii_bsp.a(altera_avalon_timer_sc.o)
                0x0080cc80                alt_avalon_timer_sc_init
 .text          0x0080cd08      0x80c ../AudioTest_bsp/\libucosii_bsp.a(altera_up_avalon_audio.o)
                0x0080cd08                alt_up_audio_open_dev
                0x0080cd48                alt_up_audio_enable_read_interrupt
                0x0080cd94                alt_up_audio_disable_read_interrupt
                0x0080cde4                alt_up_audio_enable_write_interrupt
                0x0080ce30                alt_up_audio_disable_write_interrupt
                0x0080ce80                alt_up_audio_read_interrupt_pending
                0x0080cebc                alt_up_audio_write_interrupt_pending
                0x0080cef8                alt_up_audio_reset_audio_core
                0x0080cf80                alt_up_audio_read_fifo_avail
                0x0080cff0                alt_up_audio_record_r
                0x0080d060                alt_up_audio_record_l
                0x0080d0d0                alt_up_audio_write_fifo_space
                0x0080d144                alt_up_audio_play_r
                0x0080d1b4                alt_up_audio_play_l
                0x0080d224                alt_up_audio_read_fifo
                0x0080d328                alt_up_audio_write_fifo
                0x0080d454                alt_up_audio_read_fifo_head
                0x0080d4b4                alt_up_audio_write_fifo_head
 .text          0x0080d514      0x788 ../AudioTest_bsp/\libucosii_bsp.a(altera_up_avalon_audio_and_video_config.o)
                0x0080d514                alt_up_av_config_open_dev
                0x0080d578                alt_up_av_config_write_data
                0x0080d5dc                alt_up_av_config_read_data
                0x0080d668                alt_up_av_config_reset
                0x0080d6a0                alt_up_av_config_enable_interrupt
                0x0080d6d8                alt_up_av_config_disable_interrupt
                0x0080d708                alt_up_av_config_read_acknowledge
                0x0080d770                alt_up_av_config_read_ready
                0x0080d7a8                alt_up_av_config_write_audio_cfg_register
                0x0080d854                alt_up_av_config_read_video_cfg_register
                0x0080d94c                alt_up_av_config_write_video_cfg_register
                0x0080da44                alt_up_av_config_read_DC2_cfg_register
                0x0080daa8                alt_up_av_config_write_DC2_cfg_register
                0x0080db0c                alt_up_av_config_read_D5M_cfg_register
                0x0080db70                alt_up_av_config_write_D5M_cfg_register
                0x0080dbd4                alt_up_av_config_read_LTM_cfg_register
                0x0080dc38                alt_up_av_config_write_LTM_cfg_register
 .text          0x0080dc9c      0x530 ../AudioTest_bsp/\libucosii_bsp.a(altera_up_avalon_character_lcd.o)
                0x0080dc9c                get_DDRAM_addr
                0x0080dd18                alt_up_character_lcd_send_cmd
                0x0080dd4c                alt_up_character_lcd_init
                0x0080dd80                alt_up_character_lcd_open_dev
                0x0080ddc0                alt_up_character_lcd_write
                0x0080de38                alt_up_character_lcd_string
                0x0080deb0                alt_up_character_lcd_write_fd
                0x0080defc                alt_up_character_lcd_set_cursor_pos
                0x0080df74                alt_up_character_lcd_shift_cursor
                0x0080e024                alt_up_character_lcd_shift_display
                0x0080e0d4                alt_up_character_lcd_erase_pos
                0x0080e164                alt_up_character_lcd_cursor_off
                0x0080e198                alt_up_character_lcd_cursor_blink_on
 .text          0x0080e1cc      0x154 ../AudioTest_bsp/\libucosii_bsp.a(alt_alarm_start.o)
                0x0080e1cc                alt_alarm_start
 .text          0x0080e320       0x44 ../AudioTest_bsp/\libucosii_bsp.a(alt_dcache_flush_all.o)
                0x0080e320                alt_dcache_flush_all
 .text          0x0080e364      0x114 ../AudioTest_bsp/\libucosii_bsp.a(alt_dev_llist_insert.o)
                0x0080e364                alt_dev_llist_insert
 .text          0x0080e478       0x64 ../AudioTest_bsp/\libucosii_bsp.a(alt_do_ctors.o)
                0x0080e478                _do_ctors
 .text          0x0080e4dc       0x64 ../AudioTest_bsp/\libucosii_bsp.a(alt_do_dtors.o)
                0x0080e4dc                _do_dtors
 .text          0x0080e540       0x94 ../AudioTest_bsp/\libucosii_bsp.a(alt_find_dev.o)
                0x0080e540                alt_find_dev
 .text          0x0080e5d4       0x30 ../AudioTest_bsp/\libucosii_bsp.a(alt_icache_flush_all.o)
                0x0080e5d4                alt_icache_flush_all
 .text          0x0080e604      0x13c ../AudioTest_bsp/\libucosii_bsp.a(alt_io_redirect.o)
                0x0080e6c8                alt_io_redirect
 .text          0x0080e740      0x1c0 ../AudioTest_bsp/\libucosii_bsp.a(alt_irq_register.o)
                0x0080e740                alt_irq_register
 .text          0x0080e900        0x0 ../AudioTest_bsp/\libucosii_bsp.a(alt_irq_vars.o)
 .text          0x0080e900      0x2c4 ../AudioTest_bsp/\libucosii_bsp.a(alt_open.o)
                0x0080e9dc                open
 .text          0x0080ebc4      0x1a8 ../AudioTest_bsp/\libucosii_bsp.a(alt_tick.o)
                0x0080ebc4                alt_alarm_stop
                0x0080ec5c                alt_tick
 .text          0x0080ed6c       0x20 ../AudioTest_bsp/\libucosii_bsp.a(altera_nios2_qsys_irq.o)
                0x0080ed6c                altera_nios2_qsys_irq_init
 .text          0x0080ed8c       0xd0 ../AudioTest_bsp/\libucosii_bsp.a(os_cpu_a.o)
                0x0080ed8c                OSCtxSw
                0x0080ed8c                OSIntCtxSw
                0x0080ee18                OSStartHighRdy
                0x0080ee38                OSStartTsk
 .text          0x0080ee5c      0x418 ../AudioTest_bsp/\libucosii_bsp.a(os_cpu_c.o)
                0x0080ee5c                OSTaskStkInit
                0x0080f16c                OSTaskCreateHook
                0x0080f18c                OSTaskDelHook
                0x0080f1ac                OSTaskSwHook
                0x0080f1c8                OSTaskStatHook
                0x0080f1e4                OSTimeTickHook
                0x0080f200                OSInitHookBegin
                0x0080f21c                OSInitHookEnd
                0x0080f238                OSTaskIdleHook
                0x0080f254                OSTCBInitHook
 .text          0x0080f274      0x120 ../AudioTest_bsp/\libucosii_bsp.a(alt_find_file.o)
                0x0080f274                alt_find_file
 .text          0x0080f394       0xf4 ../AudioTest_bsp/\libucosii_bsp.a(alt_get_fd.o)
                0x0080f394                alt_get_fd
 .text          0x0080f488       0x90 ../AudioTest_bsp/\libucosii_bsp.a(alt_icache_flush.o)
                0x0080f488                alt_icache_flush
 .text          0x0080f518        0x0 ../AudioTest_bsp/\libucosii_bsp.a(alt_irq_entry.o)
 .text          0x0080f518        0x0 ../AudioTest_bsp/\libucosii_bsp.a(alt_irq_handler.o)
 .text          0x0080f518        0x0 ../AudioTest_bsp/\libucosii_bsp.a(alt_exception_entry.o)
 .text          0x0080f518       0x14 c:/altera/12.1sp1/nios2eds/bin/gnu/h-i686-mingw32/bin/../lib/gcc/nios2-elf/4.1.2/../../../../nios2-elf/lib\libc.a(lib_a-atexit.o)
                0x0080f518                atexit
 .text          0x0080f52c       0x38 c:/altera/12.1sp1/nios2eds/bin/gnu/h-i686-mingw32/bin/../lib/gcc/nios2-elf/4.1.2/../../../../nios2-elf/lib\libc.a(lib_a-exit.o)
                0x0080f52c                exit
 .text          0x0080f564       0x74 c:/altera/12.1sp1/nios2eds/bin/gnu/h-i686-mingw32/bin/../lib/gcc/nios2-elf/4.1.2/../../../../nios2-elf/lib\libc.a(lib_a-memcmp.o)
                0x0080f564                memcmp
 .text          0x0080f5d8      0x134 c:/altera/12.1sp1/nios2eds/bin/gnu/h-i686-mingw32/bin/../lib/gcc/nios2-elf/4.1.2/../../../../nios2-elf/lib\libc.a(lib_a-__atexit.o)
                0x0080f5d8                __register_exitproc
 .text          0x0080f70c      0x1b4 c:/altera/12.1sp1/nios2eds/bin/gnu/h-i686-mingw32/bin/../lib/gcc/nios2-elf/4.1.2/../../../../nios2-elf/lib\libc.a(lib_a-__call_atexit.o)
                0x0080f710                __call_exitprocs
 .text          0x0080f8c0      0x14c c:/altera/12.1sp1/nios2eds/bin/gnu/h-i686-mingw32/bin/../lib/gcc/nios2-elf/4.1.2\libgcc.a(lib2-divmod.o)
                0x0080f93c                __divsi3
                0x0080f99c                __modsi3
                0x0080f9fc                __udivsi3
                0x0080fa04                __umodsi3
 .text          0x0080fa0c       0x6c ../AudioTest_bsp/\libucosii_bsp.a(alt_exit.o)
                0x0080fa4c                _exit
 *(.gnu.warning.*)
 *(.fini)
                0x0080fa78                PROVIDE (__etext, ABSOLUTE (.))
                0x0080fa78                PROVIDE (_etext, ABSOLUTE (.))
                0x0080fa78                PROVIDE (etext, ABSOLUTE (.))
 *(.eh_frame_hdr)
                0x0080fa78                . = ALIGN (0x4)
                0x0080fa78                PROVIDE (__preinit_array_start, ABSOLUTE (.))
 *(.preinit_array)
                0x0080fa78                PROVIDE (__preinit_array_end, ABSOLUTE (.))
                0x0080fa78                PROVIDE (__init_array_start, ABSOLUTE (.))
 *(.init_array)
                0x0080fa78                PROVIDE (__init_array_end, ABSOLUTE (.))
                0x0080fa78                PROVIDE (__fini_array_start, ABSOLUTE (.))
 *(.fini_array)
                0x0080fa78                PROVIDE (__fini_array_end, ABSOLUTE (.))
 *(.eh_frame)
 *(.gcc_except_table)
 *(.dynamic)
                0x0080fa78                PROVIDE (__CTOR_LIST__, ABSOLUTE (.))
 *(.ctors)
 *(SORT(.ctors.*))
 .ctors.65535   0x0080fa78        0x4 c:/altera/12.1sp1/nios2eds/bin/gnu/h-i686-mingw32/bin/../lib/gcc/nios2-elf/4.1.2/../../../../nios2-elf/lib\libc.a(lib_a-__call_atexit.o)
                0x0080fa7c                PROVIDE (__CTOR_END__, ABSOLUTE (.))
                0x0080fa7c                PROVIDE (__DTOR_LIST__, ABSOLUTE (.))
 *(.dtors)
 *(SORT(.dtors.*))
                0x0080fa7c                PROVIDE (__DTOR_END__, ABSOLUTE (.))
 *(.jcr)
                0x0080fa7c                . = ALIGN (0x4)

.rodata         0x0080fa7c      0x25c
                0x0080fa7c                PROVIDE (__ram_rodata_start, ABSOLUTE (.))
                0x0080fa7c                . = ALIGN (0x4)
 *(.rodata .rodata.* .gnu.linkonce.r.*)
 .rodata        0x0080fa7c       0xb4 obj/default/hello_ucosii.o
 .rodata.str1.4
                0x0080fb30        0x2 c:/altera/12.1sp1/nios2eds/bin/gnu/h-i686-mingw32/bin/../lib/gcc/nios2-elf/4.1.2/../../../../nios2-elf/lib\libc.a(lib_a-puts.o)
                                  0x4 (size before relaxing)
 *fill*         0x0080fb32        0x2 00
 .rodata.str1.4
                0x0080fb34        0x4 c:/altera/12.1sp1/nios2eds/bin/gnu/h-i686-mingw32/bin/../lib/gcc/nios2-elf/4.1.2/../../../../nios2-elf/lib\libc.a(lib_a-impure.o)
 .rodata        0x0080fb38        0xc ../AudioTest_bsp/\libucosii_bsp.a(alt_dev.o)
 .rodata        0x0080fb44       0x14 ../AudioTest_bsp/\libucosii_bsp.a(alt_main.o)
 .rodata        0x0080fb58      0x120 ../AudioTest_bsp/\libucosii_bsp.a(os_core.o)
                0x0080fb58                OSUnMapTbl
 .rodata        0x0080fc78       0x5c ../AudioTest_bsp/\libucosii_bsp.a(alt_sys_init.o)
 .rodata        0x0080fcd4        0x4 ../AudioTest_bsp/\libucosii_bsp.a(os_cpu_c.o)
 *(.rodata1)
                0x0080fcd8                . = ALIGN (0x4)
                0x0080fcd8                PROVIDE (__ram_rodata_end, ABSOLUTE (.))
                0x0080fa7c                PROVIDE (__flash_rodata_start, LOADADDR (.rodata))

.rwdata         0x0080fcd8     0x1b5c load address 0x00811834
                0x0080fcd8                PROVIDE (__ram_rwdata_start, ABSOLUTE (.))
                0x0080fcd8                . = ALIGN (0x4)
 *(.got.plt)
 *(.got)
 *(.data1)
 *(.data .data.* .gnu.linkonce.d.*)
 .data          0x0080fcd8        0x0 ../AudioTest_bsp//obj/HAL/src/crt0.o
 .data          0x0080fcd8        0x0 obj/default/hello_ucosii.o
 .data          0x0080fcd8        0x0 c:/altera/12.1sp1/nios2eds/bin/gnu/h-i686-mingw32/bin/../lib/gcc/nios2-elf/4.1.2/../../../../nios2-elf/lib\libc.a(lib_a-puts.o)
 .data          0x0080fcd8        0x0 c:/altera/12.1sp1/nios2eds/bin/gnu/h-i686-mingw32/bin/../lib/gcc/nios2-elf/4.1.2/../../../../nios2-elf/lib\libc.a(lib_a-strlen.o)
 .data          0x0080fcd8        0x0 c:/altera/12.1sp1/nios2eds/bin/gnu/h-i686-mingw32/bin/../lib/gcc/nios2-elf/4.1.2/../../../../nios2-elf/lib\libc.a(lib_a-fvwrite.o)
 .data          0x0080fcd8      0x400 c:/altera/12.1sp1/nios2eds/bin/gnu/h-i686-mingw32/bin/../lib/gcc/nios2-elf/4.1.2/../../../../nios2-elf/lib\libc.a(lib_a-impure.o)
 .data          0x008100d8      0x408 c:/altera/12.1sp1/nios2eds/bin/gnu/h-i686-mingw32/bin/../lib/gcc/nios2-elf/4.1.2/../../../../nios2-elf/lib\libc.a(lib_a-mallocr.o)
                0x008100d8                __malloc_av_
 .data          0x008104e0        0x0 c:/altera/12.1sp1/nios2eds/bin/gnu/h-i686-mingw32/bin/../lib/gcc/nios2-elf/4.1.2/../../../../nios2-elf/lib\libc.a(lib_a-memchr.o)
 .data          0x008104e0        0x0 c:/altera/12.1sp1/nios2eds/bin/gnu/h-i686-mingw32/bin/../lib/gcc/nios2-elf/4.1.2/../../../../nios2-elf/lib\libc.a(lib_a-memcpy.o)
 .data          0x008104e0        0x0 c:/altera/12.1sp1/nios2eds/bin/gnu/h-i686-mingw32/bin/../lib/gcc/nios2-elf/4.1.2/../../../../nios2-elf/lib\libc.a(lib_a-memmove.o)
 .data          0x008104e0        0x0 c:/altera/12.1sp1/nios2eds/bin/gnu/h-i686-mingw32/bin/../lib/gcc/nios2-elf/4.1.2/../../../../nios2-elf/lib\libc.a(lib_a-reallocr.o)
 .data          0x008104e0        0x0 c:/altera/12.1sp1/nios2eds/bin/gnu/h-i686-mingw32/bin/../lib/gcc/nios2-elf/4.1.2/../../../../nios2-elf/lib\libc.a(lib_a-sbrkr.o)
 .data          0x008104e0        0x0 c:/altera/12.1sp1/nios2eds/bin/gnu/h-i686-mingw32/bin/../lib/gcc/nios2-elf/4.1.2/../../../../nios2-elf/lib\libc.a(lib_a-wsetup.o)
 .data          0x008104e0        0x0 c:/altera/12.1sp1/nios2eds/bin/gnu/h-i686-mingw32/bin/../lib/gcc/nios2-elf/4.1.2/../../../../nios2-elf/lib\libc.a(lib_a-fflush.o)
 .data          0x008104e0        0x0 c:/altera/12.1sp1/nios2eds/bin/gnu/h-i686-mingw32/bin/../lib/gcc/nios2-elf/4.1.2/../../../../nios2-elf/lib\libc.a(lib_a-findfp.o)
 .data          0x008104e0        0x0 c:/altera/12.1sp1/nios2eds/bin/gnu/h-i686-mingw32/bin/../lib/gcc/nios2-elf/4.1.2/../../../../nios2-elf/lib\libc.a(lib_a-freer.o)
 .data          0x008104e0        0x0 c:/altera/12.1sp1/nios2eds/bin/gnu/h-i686-mingw32/bin/../lib/gcc/nios2-elf/4.1.2/../../../../nios2-elf/lib\libc.a(lib_a-fwalk.o)
 .data          0x008104e0        0x0 c:/altera/12.1sp1/nios2eds/bin/gnu/h-i686-mingw32/bin/../lib/gcc/nios2-elf/4.1.2/../../../../nios2-elf/lib\libc.a(lib_a-int_errno.o)
 .data          0x008104e0        0x0 c:/altera/12.1sp1/nios2eds/bin/gnu/h-i686-mingw32/bin/../lib/gcc/nios2-elf/4.1.2/../../../../nios2-elf/lib\libc.a(lib_a-makebuf.o)
 .data          0x008104e0        0x0 c:/altera/12.1sp1/nios2eds/bin/gnu/h-i686-mingw32/bin/../lib/gcc/nios2-elf/4.1.2/../../../../nios2-elf/lib\libc.a(lib_a-memset.o)
 .data          0x008104e0        0x0 c:/altera/12.1sp1/nios2eds/bin/gnu/h-i686-mingw32/bin/../lib/gcc/nios2-elf/4.1.2/../../../../nios2-elf/lib\libc.a(lib_a-stdio.o)
 .data          0x008104e0        0x0 c:/altera/12.1sp1/nios2eds/bin/gnu/h-i686-mingw32/bin/../lib/gcc/nios2-elf/4.1.2/../../../../nios2-elf/lib\libc.a(lib_a-writer.o)
 .data          0x008104e0        0x0 c:/altera/12.1sp1/nios2eds/bin/gnu/h-i686-mingw32/bin/../lib/gcc/nios2-elf/4.1.2/../../../../nios2-elf/lib\libc.a(lib_a-closer.o)
 .data          0x008104e0        0x0 c:/altera/12.1sp1/nios2eds/bin/gnu/h-i686-mingw32/bin/../lib/gcc/nios2-elf/4.1.2/../../../../nios2-elf/lib\libc.a(lib_a-fclose.o)
 .data          0x008104e0        0x0 c:/altera/12.1sp1/nios2eds/bin/gnu/h-i686-mingw32/bin/../lib/gcc/nios2-elf/4.1.2/../../../../nios2-elf/lib\libc.a(lib_a-fstatr.o)
 .data          0x008104e0        0x0 c:/altera/12.1sp1/nios2eds/bin/gnu/h-i686-mingw32/bin/../lib/gcc/nios2-elf/4.1.2/../../../../nios2-elf/lib\libc.a(lib_a-isattyr.o)
 .data          0x008104e0        0x0 c:/altera/12.1sp1/nios2eds/bin/gnu/h-i686-mingw32/bin/../lib/gcc/nios2-elf/4.1.2/../../../../nios2-elf/lib\libc.a(lib_a-lseekr.o)
 .data          0x008104e0        0x0 c:/altera/12.1sp1/nios2eds/bin/gnu/h-i686-mingw32/bin/../lib/gcc/nios2-elf/4.1.2/../../../../nios2-elf/lib\libc.a(lib_a-readr.o)
 .data          0x008104e0        0x0 ../AudioTest_bsp/\libucosii_bsp.a(alt_close.o)
 .data          0x008104e0      0x1a8 ../AudioTest_bsp/\libucosii_bsp.a(alt_dev.o)
                0x008104e0                alt_dev_null
                0x00810508                alt_fd_list
 .data          0x00810688        0x0 ../AudioTest_bsp/\libucosii_bsp.a(alt_errno.o)
 .data          0x00810688        0x0 ../AudioTest_bsp/\libucosii_bsp.a(alt_fstat.o)
 .data          0x00810688        0x0 ../AudioTest_bsp/\libucosii_bsp.a(alt_isatty.o)
 .data          0x00810688        0x0 ../AudioTest_bsp/\libucosii_bsp.a(alt_load.o)
 .data          0x00810688        0x0 ../AudioTest_bsp/\libucosii_bsp.a(alt_lseek.o)
 .data          0x00810688        0x0 ../AudioTest_bsp/\libucosii_bsp.a(alt_main.o)
 .data          0x00810688        0x0 ../AudioTest_bsp/\libucosii_bsp.a(alt_read.o)
 .data          0x00810688        0x0 ../AudioTest_bsp/\libucosii_bsp.a(alt_release_fd.o)
 .data          0x00810688        0x0 ../AudioTest_bsp/\libucosii_bsp.a(alt_sbrk.o)
 .data          0x00810688        0x0 ../AudioTest_bsp/\libucosii_bsp.a(alt_write.o)
 .data          0x00810688        0x0 ../AudioTest_bsp/\libucosii_bsp.a(alt_env_lock.o)
 .data          0x00810688        0x0 ../AudioTest_bsp/\libucosii_bsp.a(alt_malloc_lock.o)
 .data          0x00810688        0x0 ../AudioTest_bsp/\libucosii_bsp.a(os_core.o)
 .data          0x00810688        0x0 ../AudioTest_bsp/\libucosii_bsp.a(os_dbg.o)
 .data          0x00810688        0x0 ../AudioTest_bsp/\libucosii_bsp.a(os_flag.o)
 .data          0x00810688        0x0 ../AudioTest_bsp/\libucosii_bsp.a(os_mem.o)
 .data          0x00810688        0x0 ../AudioTest_bsp/\libucosii_bsp.a(os_q.o)
 .data          0x00810688        0x0 ../AudioTest_bsp/\libucosii_bsp.a(os_sem.o)
 .data          0x00810688        0x0 ../AudioTest_bsp/\libucosii_bsp.a(os_task.o)
 .data          0x00810688        0x0 ../AudioTest_bsp/\libucosii_bsp.a(os_time.o)
 .data          0x00810688     0x10f8 ../AudioTest_bsp/\libucosii_bsp.a(alt_sys_init.o)
 .data          0x00811780        0x0 ../AudioTest_bsp/\libucosii_bsp.a(altera_avalon_jtag_uart_fd.o)
 .data          0x00811780        0x0 ../AudioTest_bsp/\libucosii_bsp.a(altera_avalon_jtag_uart_init.o)
 .data          0x00811780        0x0 ../AudioTest_bsp/\libucosii_bsp.a(altera_avalon_jtag_uart_ioctl.o)
 .data          0x00811780        0x0 ../AudioTest_bsp/\libucosii_bsp.a(altera_avalon_jtag_uart_read.o)
 .data          0x00811780        0x0 ../AudioTest_bsp/\libucosii_bsp.a(altera_avalon_jtag_uart_write.o)
 .data          0x00811780        0x0 ../AudioTest_bsp/\libucosii_bsp.a(altera_avalon_timer_sc.o)
 .data          0x00811780        0x0 ../AudioTest_bsp/\libucosii_bsp.a(altera_up_avalon_audio.o)
 .data          0x00811780        0x0 ../AudioTest_bsp/\libucosii_bsp.a(altera_up_avalon_audio_and_video_config.o)
 .data          0x00811780        0x0 ../AudioTest_bsp/\libucosii_bsp.a(altera_up_avalon_character_lcd.o)
 .data          0x00811780        0x0 ../AudioTest_bsp/\libucosii_bsp.a(alt_alarm_start.o)
 .data          0x00811780        0x0 ../AudioTest_bsp/\libucosii_bsp.a(alt_dcache_flush_all.o)
 .data          0x00811780        0x0 ../AudioTest_bsp/\libucosii_bsp.a(alt_dev_llist_insert.o)
 .data          0x00811780        0x0 ../AudioTest_bsp/\libucosii_bsp.a(alt_do_ctors.o)
 .data          0x00811780        0x0 ../AudioTest_bsp/\libucosii_bsp.a(alt_do_dtors.o)
 .data          0x00811780        0x0 ../AudioTest_bsp/\libucosii_bsp.a(alt_find_dev.o)
 .data          0x00811780        0x0 ../AudioTest_bsp/\libucosii_bsp.a(alt_icache_flush_all.o)
 .data          0x00811780        0x0 ../AudioTest_bsp/\libucosii_bsp.a(alt_io_redirect.o)
 .data          0x00811780        0x0 ../AudioTest_bsp/\libucosii_bsp.a(alt_irq_register.o)
 .data          0x00811780        0x0 ../AudioTest_bsp/\libucosii_bsp.a(alt_irq_vars.o)
 .data          0x00811780        0x0 ../AudioTest_bsp/\libucosii_bsp.a(alt_open.o)
 .data          0x00811780        0x0 ../AudioTest_bsp/\libucosii_bsp.a(alt_tick.o)
 .data          0x00811780        0x0 ../AudioTest_bsp/\libucosii_bsp.a(altera_nios2_qsys_irq.o)
 .data          0x00811780        0x0 ../AudioTest_bsp/\libucosii_bsp.a(os_cpu_a.o)
 .data          0x00811780        0x0 ../AudioTest_bsp/\libucosii_bsp.a(os_cpu_c.o)
 .data          0x00811780        0x0 ../AudioTest_bsp/\libucosii_bsp.a(alt_find_file.o)
 .data          0x00811780        0x0 ../AudioTest_bsp/\libucosii_bsp.a(alt_get_fd.o)
 .data          0x00811780        0x0 ../AudioTest_bsp/\libucosii_bsp.a(alt_icache_flush.o)
 .data          0x00811780        0x0 ../AudioTest_bsp/\libucosii_bsp.a(alt_irq_entry.o)
 .data          0x00811780        0x0 ../AudioTest_bsp/\libucosii_bsp.a(alt_irq_handler.o)
 .data          0x00811780        0x0 ../AudioTest_bsp/\libucosii_bsp.a(alt_exception_entry.o)
 .data          0x00811780        0x0 c:/altera/12.1sp1/nios2eds/bin/gnu/h-i686-mingw32/bin/../lib/gcc/nios2-elf/4.1.2/../../../../nios2-elf/lib\libc.a(lib_a-atexit.o)
 .data          0x00811780        0x0 c:/altera/12.1sp1/nios2eds/bin/gnu/h-i686-mingw32/bin/../lib/gcc/nios2-elf/4.1.2/../../../../nios2-elf/lib\libc.a(lib_a-exit.o)
 .data          0x00811780        0x0 c:/altera/12.1sp1/nios2eds/bin/gnu/h-i686-mingw32/bin/../lib/gcc/nios2-elf/4.1.2/../../../../nios2-elf/lib\libc.a(lib_a-memcmp.o)
 .data          0x00811780        0x0 c:/altera/12.1sp1/nios2eds/bin/gnu/h-i686-mingw32/bin/../lib/gcc/nios2-elf/4.1.2/../../../../nios2-elf/lib\libc.a(lib_a-__atexit.o)
 .data          0x00811780        0x0 c:/altera/12.1sp1/nios2eds/bin/gnu/h-i686-mingw32/bin/../lib/gcc/nios2-elf/4.1.2/../../../../nios2-elf/lib\libc.a(lib_a-__call_atexit.o)
 .data          0x00811780        0x0 c:/altera/12.1sp1/nios2eds/bin/gnu/h-i686-mingw32/bin/../lib/gcc/nios2-elf/4.1.2\libgcc.a(lib2-divmod.o)
 .data          0x00811780        0x0 ../AudioTest_bsp/\libucosii_bsp.a(alt_exit.o)
                0x00819780                _gp = ABSOLUTE ((. + 0x8000))
                0x00819780                PROVIDE (gp, _gp)
 *(.rwdata .rwdata.*)
 *(.sdata .sdata.* .gnu.linkonce.s.*)
 .sdata         0x00811780        0x8 c:/altera/12.1sp1/nios2eds/bin/gnu/h-i686-mingw32/bin/../lib/gcc/nios2-elf/4.1.2/../../../../nios2-elf/lib\libc.a(lib_a-impure.o)
                0x00811780                _impure_ptr
                0x00811784                _global_impure_ptr
 .sdata         0x00811788        0x8 c:/altera/12.1sp1/nios2eds/bin/gnu/h-i686-mingw32/bin/../lib/gcc/nios2-elf/4.1.2/../../../../nios2-elf/lib\libc.a(lib_a-mallocr.o)
                0x00811788                __malloc_trim_threshold
                0x0081178c                __malloc_sbrk_base
 .sdata         0x00811790       0x14 ../AudioTest_bsp/\libucosii_bsp.a(alt_dev.o)
                0x00811790                alt_fs_list
                0x00811798                alt_dev_list
                0x008117a0                alt_max_fd
 .sdata         0x008117a4        0x4 ../AudioTest_bsp/\libucosii_bsp.a(alt_errno.o)
                0x008117a4                alt_errno
 .sdata         0x008117a8        0x4 ../AudioTest_bsp/\libucosii_bsp.a(alt_sbrk.o)
 .sdata         0x008117ac        0x4 ../AudioTest_bsp/\libucosii_bsp.a(alt_env_lock.o)
 .sdata         0x008117b0        0x4 ../AudioTest_bsp/\libucosii_bsp.a(alt_malloc_lock.o)
 .sdata         0x008117b4       0x74 ../AudioTest_bsp/\libucosii_bsp.a(os_dbg.o)
                0x008117b4                OSDebugEn
                0x008117b8                OSEndiannessTest
                0x008117bc                OSEventEn
                0x008117be                OSEventMax
                0x008117c0                OSEventNameSize
                0x008117c2                OSEventSize
                0x008117c4                OSEventTblSize
                0x008117c6                OSEventMultiEn
                0x008117c8                OSFlagEn
                0x008117ca                OSFlagGrpSize
                0x008117cc                OSFlagNodeSize
                0x008117ce                OSFlagWidth
                0x008117d0                OSFlagMax
                0x008117d2                OSFlagNameSize
                0x008117d4                OSLowestPrio
                0x008117d6                OSMboxEn
                0x008117d8                OSMemEn
                0x008117da                OSMemMax
                0x008117dc                OSMemNameSize
                0x008117de                OSMemSize
                0x008117e0                OSMemTblSize
                0x008117e2                OSMutexEn
                0x008117e4                OSPtrSize
                0x008117e6                OSQEn
                0x008117e8                OSQMax
                0x008117ea                OSQSize
                0x008117ec                OSRdyTblSize
                0x008117ee                OSSemEn
                0x008117f0                OSStkWidth
                0x008117f2                OSTaskCreateEn
                0x008117f4                OSTaskCreateExtEn
                0x008117f6                OSTaskDelEn
                0x008117f8                OSTaskIdleStkSize
                0x008117fa                OSTaskProfileEn
                0x008117fc                OSTaskMax
                0x008117fe                OSTaskNameSize
                0x00811800                OSTaskStatEn
                0x00811802                OSTaskStatStkSize
                0x00811804                OSTaskStatStkChkEn
                0x00811806                OSTaskSwHookEn
                0x00811808                OSTCBPrioTblMax
                0x0081180a                OSTCBSize
                0x0081180c                OSTicksPerSec
                0x0081180e                OSTimeTickHookEn
                0x00811810                OSVersionNbr
                0x00811812                OSTmrEn
                0x00811814                OSTmrCfgMax
                0x00811816                OSTmrCfgNameSize
                0x00811818                OSTmrCfgWheelSize
                0x0081181a                OSTmrCfgTicksPerSec
                0x0081181c                OSTmrSize
                0x0081181e                OSTmrTblSize
                0x00811820                OSTmrWheelSize
                0x00811822                OSTmrWheelTblSize
                0x00811824                OSDataSize
 .sdata         0x00811828        0x4 ../AudioTest_bsp/\libucosii_bsp.a(alt_irq_vars.o)
                0x00811828                alt_priority_mask
 .sdata         0x0081182c        0x8 ../AudioTest_bsp/\libucosii_bsp.a(alt_tick.o)
                0x0081182c                alt_alarm_list
 *(.sdata2 .sdata2.* .gnu.linkonce.s2.*)
                0x00811834                . = ALIGN (0x4)
                0x00811834                _edata = ABSOLUTE (.)
                0x00811834                PROVIDE (edata, ABSOLUTE (.))
                0x00811834                PROVIDE (__ram_rwdata_end, ABSOLUTE (.))
                0x00811834                PROVIDE (__flash_rwdata_start, LOADADDR (.rwdata))

.bss            0x00813390     0x5568
                0x00813390                __bss_start = ABSOLUTE (.)
                0x00813390                PROVIDE (__sbss_start, ABSOLUTE (.))
                0x00813390                PROVIDE (___sbss_start, ABSOLUTE (.))
 *(.dynsbss)
 *(.sbss .sbss.* .gnu.linkonce.sb.*)
 .sbss          0x00813390        0xc c:/altera/12.1sp1/nios2eds/bin/gnu/h-i686-mingw32/bin/../lib/gcc/nios2-elf/4.1.2/../../../../nios2-elf/lib\libc.a(lib_a-mallocr.o)
                0x00813390                __malloc_top_pad
                0x00813394                __malloc_max_sbrked_mem
                0x00813398                __malloc_max_total_mem
 .sbss          0x0081339c        0x4 c:/altera/12.1sp1/nios2eds/bin/gnu/h-i686-mingw32/bin/../lib/gcc/nios2-elf/4.1.2/../../../../nios2-elf/lib\libc.a(lib_a-int_errno.o)
                0x0081339c                errno
 .sbss          0x008133a0        0x4 ../AudioTest_bsp/\libucosii_bsp.a(alt_dev.o)
                0x008133a0                alt_fd_list_lock
 .sbss          0x008133a4        0xc ../AudioTest_bsp/\libucosii_bsp.a(alt_main.o)
                0x008133a4                alt_argc
                0x008133a8                alt_argv
                0x008133ac                alt_envp
 .sbss          0x008133b0        0x8 ../AudioTest_bsp/\libucosii_bsp.a(alt_env_lock.o)
                0x008133b4                alt_envsem
 .sbss          0x008133b8        0x8 ../AudioTest_bsp/\libucosii_bsp.a(alt_malloc_lock.o)
                0x008133bc                alt_heapsem
 .sbss          0x008133c0       0x50 ../AudioTest_bsp/\libucosii_bsp.a(os_core.o)
                0x008133c0                OSLockNesting
                0x008133c1                OSRunning
                0x008133c4                OSIdleCtr
                0x008133c8                OSPrioHighRdy
                0x008133c9                OSPrioCur
                0x008133cc                OSTCBList
                0x008133d0                OSTickStepState
                0x008133d4                OSCtxSwCtr
                0x008133d8                OSIdleCtrMax
                0x008133dc                OSTCBFreeList
                0x008133e0                OSCPUUsage
                0x008133e1                OSTaskCtr
                0x008133e4                OSMemFreeList
                0x008133e8                OSTCBHighRdy
                0x008133ec                OSQFreeList
                0x008133f0                OSRdyGrp
                0x008133f1                OSRdyTbl
                0x008133f4                OSEventFreeList
                0x008133f8                OSIntNesting
                0x008133fc                OSTCBCur
                0x00813400                OSTime
                0x00813404                OSFlagFreeList
                0x00813408                OSStatRdy
                0x0081340c                OSIdleCtrRun
 .sbss          0x00813410        0x4 ../AudioTest_bsp/\libucosii_bsp.a(alt_irq_vars.o)
                0x00813410                alt_irq_active
 .sbss          0x00813414        0x8 ../AudioTest_bsp/\libucosii_bsp.a(alt_tick.o)
                0x00813414                _alt_tick_rate
                0x00813418                _alt_nticks
 *(.sbss2 .sbss2.* .gnu.linkonce.sb2.*)
 *(.scommon)
                0x0081341c                PROVIDE (__sbss_end, ABSOLUTE (.))
                0x0081341c                PROVIDE (___sbss_end, ABSOLUTE (.))
 *(.dynbss)
 *(.bss .bss.* .gnu.linkonce.b.*)
 .bss           0x0081341c        0x0 ../AudioTest_bsp//obj/HAL/src/crt0.o
 .bss           0x0081341c        0x0 obj/default/hello_ucosii.o
 .bss           0x0081341c        0x0 c:/altera/12.1sp1/nios2eds/bin/gnu/h-i686-mingw32/bin/../lib/gcc/nios2-elf/4.1.2/../../../../nios2-elf/lib\libc.a(lib_a-puts.o)
 .bss           0x0081341c        0x0 c:/altera/12.1sp1/nios2eds/bin/gnu/h-i686-mingw32/bin/../lib/gcc/nios2-elf/4.1.2/../../../../nios2-elf/lib\libc.a(lib_a-strlen.o)
 .bss           0x0081341c        0x0 c:/altera/12.1sp1/nios2eds/bin/gnu/h-i686-mingw32/bin/../lib/gcc/nios2-elf/4.1.2/../../../../nios2-elf/lib\libc.a(lib_a-fvwrite.o)
 .bss           0x0081341c        0x0 c:/altera/12.1sp1/nios2eds/bin/gnu/h-i686-mingw32/bin/../lib/gcc/nios2-elf/4.1.2/../../../../nios2-elf/lib\libc.a(lib_a-impure.o)
 .bss           0x0081341c       0x28 c:/altera/12.1sp1/nios2eds/bin/gnu/h-i686-mingw32/bin/../lib/gcc/nios2-elf/4.1.2/../../../../nios2-elf/lib\libc.a(lib_a-mallocr.o)
                0x0081341c                __malloc_current_mallinfo
 .bss           0x00813444        0x0 c:/altera/12.1sp1/nios2eds/bin/gnu/h-i686-mingw32/bin/../lib/gcc/nios2-elf/4.1.2/../../../../nios2-elf/lib\libc.a(lib_a-memchr.o)
 .bss           0x00813444        0x0 c:/altera/12.1sp1/nios2eds/bin/gnu/h-i686-mingw32/bin/../lib/gcc/nios2-elf/4.1.2/../../../../nios2-elf/lib\libc.a(lib_a-memcpy.o)
 .bss           0x00813444        0x0 c:/altera/12.1sp1/nios2eds/bin/gnu/h-i686-mingw32/bin/../lib/gcc/nios2-elf/4.1.2/../../../../nios2-elf/lib\libc.a(lib_a-memmove.o)
 .bss           0x00813444        0x0 c:/altera/12.1sp1/nios2eds/bin/gnu/h-i686-mingw32/bin/../lib/gcc/nios2-elf/4.1.2/../../../../nios2-elf/lib\libc.a(lib_a-reallocr.o)
 .bss           0x00813444        0x0 c:/altera/12.1sp1/nios2eds/bin/gnu/h-i686-mingw32/bin/../lib/gcc/nios2-elf/4.1.2/../../../../nios2-elf/lib\libc.a(lib_a-sbrkr.o)
 .bss           0x00813444        0x0 c:/altera/12.1sp1/nios2eds/bin/gnu/h-i686-mingw32/bin/../lib/gcc/nios2-elf/4.1.2/../../../../nios2-elf/lib\libc.a(lib_a-wsetup.o)
 .bss           0x00813444        0x0 c:/altera/12.1sp1/nios2eds/bin/gnu/h-i686-mingw32/bin/../lib/gcc/nios2-elf/4.1.2/../../../../nios2-elf/lib\libc.a(lib_a-fflush.o)
 .bss           0x00813444        0x0 c:/altera/12.1sp1/nios2eds/bin/gnu/h-i686-mingw32/bin/../lib/gcc/nios2-elf/4.1.2/../../../../nios2-elf/lib\libc.a(lib_a-findfp.o)
 .bss           0x00813444        0x0 c:/altera/12.1sp1/nios2eds/bin/gnu/h-i686-mingw32/bin/../lib/gcc/nios2-elf/4.1.2/../../../../nios2-elf/lib\libc.a(lib_a-freer.o)
 .bss           0x00813444        0x0 c:/altera/12.1sp1/nios2eds/bin/gnu/h-i686-mingw32/bin/../lib/gcc/nios2-elf/4.1.2/../../../../nios2-elf/lib\libc.a(lib_a-fwalk.o)
 .bss           0x00813444        0x0 c:/altera/12.1sp1/nios2eds/bin/gnu/h-i686-mingw32/bin/../lib/gcc/nios2-elf/4.1.2/../../../../nios2-elf/lib\libc.a(lib_a-int_errno.o)
 .bss           0x00813444        0x0 c:/altera/12.1sp1/nios2eds/bin/gnu/h-i686-mingw32/bin/../lib/gcc/nios2-elf/4.1.2/../../../../nios2-elf/lib\libc.a(lib_a-makebuf.o)
 .bss           0x00813444        0x0 c:/altera/12.1sp1/nios2eds/bin/gnu/h-i686-mingw32/bin/../lib/gcc/nios2-elf/4.1.2/../../../../nios2-elf/lib\libc.a(lib_a-memset.o)
 .bss           0x00813444        0x0 c:/altera/12.1sp1/nios2eds/bin/gnu/h-i686-mingw32/bin/../lib/gcc/nios2-elf/4.1.2/../../../../nios2-elf/lib\libc.a(lib_a-stdio.o)
 .bss           0x00813444        0x0 c:/altera/12.1sp1/nios2eds/bin/gnu/h-i686-mingw32/bin/../lib/gcc/nios2-elf/4.1.2/../../../../nios2-elf/lib\libc.a(lib_a-writer.o)
 .bss           0x00813444        0x0 c:/altera/12.1sp1/nios2eds/bin/gnu/h-i686-mingw32/bin/../lib/gcc/nios2-elf/4.1.2/../../../../nios2-elf/lib\libc.a(lib_a-closer.o)
 .bss           0x00813444        0x0 c:/altera/12.1sp1/nios2eds/bin/gnu/h-i686-mingw32/bin/../lib/gcc/nios2-elf/4.1.2/../../../../nios2-elf/lib\libc.a(lib_a-fclose.o)
 .bss           0x00813444        0x0 c:/altera/12.1sp1/nios2eds/bin/gnu/h-i686-mingw32/bin/../lib/gcc/nios2-elf/4.1.2/../../../../nios2-elf/lib\libc.a(lib_a-fstatr.o)
 .bss           0x00813444        0x0 c:/altera/12.1sp1/nios2eds/bin/gnu/h-i686-mingw32/bin/../lib/gcc/nios2-elf/4.1.2/../../../../nios2-elf/lib\libc.a(lib_a-isattyr.o)
 .bss           0x00813444        0x0 c:/altera/12.1sp1/nios2eds/bin/gnu/h-i686-mingw32/bin/../lib/gcc/nios2-elf/4.1.2/../../../../nios2-elf/lib\libc.a(lib_a-lseekr.o)
 .bss           0x00813444        0x0 c:/altera/12.1sp1/nios2eds/bin/gnu/h-i686-mingw32/bin/../lib/gcc/nios2-elf/4.1.2/../../../../nios2-elf/lib\libc.a(lib_a-readr.o)
 .bss           0x00813444        0x0 ../AudioTest_bsp/\libucosii_bsp.a(alt_close.o)
 .bss           0x00813444        0x0 ../AudioTest_bsp/\libucosii_bsp.a(alt_dev.o)
 .bss           0x00813444        0x0 ../AudioTest_bsp/\libucosii_bsp.a(alt_errno.o)
 .bss           0x00813444        0x0 ../AudioTest_bsp/\libucosii_bsp.a(alt_fstat.o)
 .bss           0x00813444        0x0 ../AudioTest_bsp/\libucosii_bsp.a(alt_isatty.o)
 .bss           0x00813444        0x0 ../AudioTest_bsp/\libucosii_bsp.a(alt_load.o)
 .bss           0x00813444        0x0 ../AudioTest_bsp/\libucosii_bsp.a(alt_lseek.o)
 .bss           0x00813444        0x0 ../AudioTest_bsp/\libucosii_bsp.a(alt_main.o)
 .bss           0x00813444        0x0 ../AudioTest_bsp/\libucosii_bsp.a(alt_read.o)
 .bss           0x00813444        0x0 ../AudioTest_bsp/\libucosii_bsp.a(alt_release_fd.o)
 .bss           0x00813444        0x0 ../AudioTest_bsp/\libucosii_bsp.a(alt_sbrk.o)
 .bss           0x00813444        0x0 ../AudioTest_bsp/\libucosii_bsp.a(alt_write.o)
 .bss           0x00813444        0x0 ../AudioTest_bsp/\libucosii_bsp.a(alt_env_lock.o)
 .bss           0x00813444        0x0 ../AudioTest_bsp/\libucosii_bsp.a(alt_malloc_lock.o)
 .bss           0x00813444        0x0 ../AudioTest_bsp/\libucosii_bsp.a(os_core.o)
 .bss           0x00813444        0x0 ../AudioTest_bsp/\libucosii_bsp.a(os_dbg.o)
 .bss           0x00813444        0x0 ../AudioTest_bsp/\libucosii_bsp.a(os_flag.o)
 .bss           0x00813444        0x0 ../AudioTest_bsp/\libucosii_bsp.a(os_mem.o)
 .bss           0x00813444        0x0 ../AudioTest_bsp/\libucosii_bsp.a(os_q.o)
 .bss           0x00813444        0x0 ../AudioTest_bsp/\libucosii_bsp.a(os_sem.o)
 .bss           0x00813444        0x0 ../AudioTest_bsp/\libucosii_bsp.a(os_task.o)
 .bss           0x00813444        0x0 ../AudioTest_bsp/\libucosii_bsp.a(os_time.o)
 .bss           0x00813444        0x0 ../AudioTest_bsp/\libucosii_bsp.a(alt_sys_init.o)
 .bss           0x00813444        0x0 ../AudioTest_bsp/\libucosii_bsp.a(altera_avalon_jtag_uart_fd.o)
 .bss           0x00813444        0x0 ../AudioTest_bsp/\libucosii_bsp.a(altera_avalon_jtag_uart_init.o)
 .bss           0x00813444        0x0 ../AudioTest_bsp/\libucosii_bsp.a(altera_avalon_jtag_uart_ioctl.o)
 .bss           0x00813444        0x0 ../AudioTest_bsp/\libucosii_bsp.a(altera_avalon_jtag_uart_read.o)
 .bss           0x00813444        0x0 ../AudioTest_bsp/\libucosii_bsp.a(altera_avalon_jtag_uart_write.o)
 .bss           0x00813444        0x0 ../AudioTest_bsp/\libucosii_bsp.a(altera_avalon_timer_sc.o)
 .bss           0x00813444        0x0 ../AudioTest_bsp/\libucosii_bsp.a(altera_up_avalon_audio.o)
 .bss           0x00813444        0x0 ../AudioTest_bsp/\libucosii_bsp.a(altera_up_avalon_audio_and_video_config.o)
 .bss           0x00813444        0x0 ../AudioTest_bsp/\libucosii_bsp.a(altera_up_avalon_character_lcd.o)
 .bss           0x00813444        0x0 ../AudioTest_bsp/\libucosii_bsp.a(alt_alarm_start.o)
 .bss           0x00813444        0x0 ../AudioTest_bsp/\libucosii_bsp.a(alt_dcache_flush_all.o)
 .bss           0x00813444        0x0 ../AudioTest_bsp/\libucosii_bsp.a(alt_dev_llist_insert.o)
 .bss           0x00813444        0x0 ../AudioTest_bsp/\libucosii_bsp.a(alt_do_ctors.o)
 .bss           0x00813444        0x0 ../AudioTest_bsp/\libucosii_bsp.a(alt_do_dtors.o)
 .bss           0x00813444        0x0 ../AudioTest_bsp/\libucosii_bsp.a(alt_find_dev.o)
 .bss           0x00813444        0x0 ../AudioTest_bsp/\libucosii_bsp.a(alt_icache_flush_all.o)
 .bss           0x00813444        0x0 ../AudioTest_bsp/\libucosii_bsp.a(alt_io_redirect.o)
 .bss           0x00813444        0x0 ../AudioTest_bsp/\libucosii_bsp.a(alt_irq_register.o)
 .bss           0x00813444        0x0 ../AudioTest_bsp/\libucosii_bsp.a(alt_irq_vars.o)
 .bss           0x00813444        0x0 ../AudioTest_bsp/\libucosii_bsp.a(alt_open.o)
 .bss           0x00813444        0x0 ../AudioTest_bsp/\libucosii_bsp.a(alt_tick.o)
 .bss           0x00813444        0x0 ../AudioTest_bsp/\libucosii_bsp.a(altera_nios2_qsys_irq.o)
 .bss           0x00813444        0x0 ../AudioTest_bsp/\libucosii_bsp.a(os_cpu_a.o)
 .bss           0x00813444        0x0 ../AudioTest_bsp/\libucosii_bsp.a(os_cpu_c.o)
 .bss           0x00813444        0x0 ../AudioTest_bsp/\libucosii_bsp.a(alt_find_file.o)
 .bss           0x00813444        0x0 ../AudioTest_bsp/\libucosii_bsp.a(alt_get_fd.o)
 .bss           0x00813444        0x0 ../AudioTest_bsp/\libucosii_bsp.a(alt_icache_flush.o)
 .bss           0x00813444        0x0 ../AudioTest_bsp/\libucosii_bsp.a(alt_irq_entry.o)
 .bss           0x00813444        0x0 ../AudioTest_bsp/\libucosii_bsp.a(alt_irq_handler.o)
 .bss           0x00813444        0x0 ../AudioTest_bsp/\libucosii_bsp.a(alt_exception_entry.o)
 .bss           0x00813444        0x0 c:/altera/12.1sp1/nios2eds/bin/gnu/h-i686-mingw32/bin/../lib/gcc/nios2-elf/4.1.2/../../../../nios2-elf/lib\libc.a(lib_a-atexit.o)
 .bss           0x00813444        0x0 c:/altera/12.1sp1/nios2eds/bin/gnu/h-i686-mingw32/bin/../lib/gcc/nios2-elf/4.1.2/../../../../nios2-elf/lib\libc.a(lib_a-exit.o)
 .bss           0x00813444        0x0 c:/altera/12.1sp1/nios2eds/bin/gnu/h-i686-mingw32/bin/../lib/gcc/nios2-elf/4.1.2/../../../../nios2-elf/lib\libc.a(lib_a-memcmp.o)
 .bss           0x00813444        0x0 c:/altera/12.1sp1/nios2eds/bin/gnu/h-i686-mingw32/bin/../lib/gcc/nios2-elf/4.1.2/../../../../nios2-elf/lib\libc.a(lib_a-__atexit.o)
 .bss           0x00813444        0x0 c:/altera/12.1sp1/nios2eds/bin/gnu/h-i686-mingw32/bin/../lib/gcc/nios2-elf/4.1.2/../../../../nios2-elf/lib\libc.a(lib_a-__call_atexit.o)
 .bss           0x00813444        0x0 c:/altera/12.1sp1/nios2eds/bin/gnu/h-i686-mingw32/bin/../lib/gcc/nios2-elf/4.1.2\libgcc.a(lib2-divmod.o)
 .bss           0x00813444        0x0 ../AudioTest_bsp/\libucosii_bsp.a(alt_exit.o)
 *(COMMON)
 COMMON         0x00813444     0x2000 obj/default/hello_ucosii.o
                0x00813444                audio_data_task_stk
 COMMON         0x00815444     0x3224 ../AudioTest_bsp/\libucosii_bsp.a(os_core.o)
                0x00815444                OSFlagTbl
                0x008157b4                OSMemTbl
                0x008163e4                OSTaskStatStk
                0x00816be4                OSQTbl
                0x00816dc4                OSTaskIdleStk
                0x008175c4                OSEventTbl
                0x00818104                OSTCBTbl
                0x00818614                OSTCBPrioTbl
 COMMON         0x00818668      0x100 ../AudioTest_bsp/\libucosii_bsp.a(alt_irq_handler.o)
                0x00818668                alt_irq
 COMMON         0x00818768      0x190 c:/altera/12.1sp1/nios2eds/bin/gnu/h-i686-mingw32/bin/../lib/gcc/nios2-elf/4.1.2/../../../../nios2-elf/lib\libc.a(lib_a-atexit.o)
                0x00818768                _atexit0
                0x008188f8                . = ALIGN (0x4)
                0x008188f8                __bss_end = ABSOLUTE (.)

.sdram_0        0x008188f8        0x0
                0x008188f8                PROVIDE (_alt_partition_sdram_0_start, ABSOLUTE (.))
 *(.sdram_0. sdram_0.*)
                0x008188f8                . = ALIGN (0x4)
                0x008188f8                PROVIDE (_alt_partition_sdram_0_end, ABSOLUTE (.))
                0x008188f8                _end = ABSOLUTE (.)
                0x008188f8                end = ABSOLUTE (.)
                0x008188f8                __alt_stack_base = ABSOLUTE (.)
                0x008188f8                PROVIDE (_alt_partition_sdram_0_load_addr, LOADADDR (.sdram_0))

.sram_0         0x01080000        0x0 load address 0x008188f8
                0x01080000                PROVIDE (_alt_partition_sram_0_start, ABSOLUTE (.))
 *(.sram_0. sram_0.*)
                0x01080000                . = ALIGN (0x4)
                0x01080000                PROVIDE (_alt_partition_sram_0_end, ABSOLUTE (.))
                0x008188f8                PROVIDE (_alt_partition_sram_0_load_addr, LOADADDR (.sram_0))

.onchip_memory2_0
                0x011041c0        0x0 load address 0x008188f8
                0x011041c0                PROVIDE (_alt_partition_onchip_memory2_0_start, ABSOLUTE (.))
 *(.onchip_memory2_0. onchip_memory2_0.*)
                0x011041c0                . = ALIGN (0x4)
                0x011041c0                PROVIDE (_alt_partition_onchip_memory2_0_end, ABSOLUTE (.))
                0x008188f8                PROVIDE (_alt_partition_onchip_memory2_0_load_addr, LOADADDR (.onchip_memory2_0))

.stab
 *(.stab)

.stabstr
 *(.stabstr)

.stab.excl
 *(.stab.excl)

.stab.exclstr
 *(.stab.exclstr)

.stab.index
 *(.stab.index)

.stab.indexstr
 *(.stab.indexstr)

.comment        0x00000000       0x26
 *(.comment)
 .comment       0x00000000       0x26 obj/default/hello_ucosii.o
                                 0x27 (size before relaxing)
 .comment       0x00000000       0x27 c:/altera/12.1sp1/nios2eds/bin/gnu/h-i686-mingw32/bin/../lib/gcc/nios2-elf/4.1.2/../../../../nios2-elf/lib\libc.a(lib_a-puts.o)
 .comment       0x00000000       0x27 c:/altera/12.1sp1/nios2eds/bin/gnu/h-i686-mingw32/bin/../lib/gcc/nios2-elf/4.1.2/../../../../nios2-elf/lib\libc.a(lib_a-strlen.o)
 .comment       0x00000000       0x27 c:/altera/12.1sp1/nios2eds/bin/gnu/h-i686-mingw32/bin/../lib/gcc/nios2-elf/4.1.2/../../../../nios2-elf/lib\libc.a(lib_a-fvwrite.o)
 .comment       0x00000000       0x27 c:/altera/12.1sp1/nios2eds/bin/gnu/h-i686-mingw32/bin/../lib/gcc/nios2-elf/4.1.2/../../../../nios2-elf/lib\libc.a(lib_a-impure.o)
 .comment       0x00000000       0x27 c:/altera/12.1sp1/nios2eds/bin/gnu/h-i686-mingw32/bin/../lib/gcc/nios2-elf/4.1.2/../../../../nios2-elf/lib\libc.a(lib_a-mallocr.o)
 .comment       0x00000000       0x27 c:/altera/12.1sp1/nios2eds/bin/gnu/h-i686-mingw32/bin/../lib/gcc/nios2-elf/4.1.2/../../../../nios2-elf/lib\libc.a(lib_a-memchr.o)
 .comment       0x00000000       0x27 c:/altera/12.1sp1/nios2eds/bin/gnu/h-i686-mingw32/bin/../lib/gcc/nios2-elf/4.1.2/../../../../nios2-elf/lib\libc.a(lib_a-memcpy.o)
 .comment       0x00000000       0x27 c:/altera/12.1sp1/nios2eds/bin/gnu/h-i686-mingw32/bin/../lib/gcc/nios2-elf/4.1.2/../../../../nios2-elf/lib\libc.a(lib_a-memmove.o)
 .comment       0x00000000       0x27 c:/altera/12.1sp1/nios2eds/bin/gnu/h-i686-mingw32/bin/../lib/gcc/nios2-elf/4.1.2/../../../../nios2-elf/lib\libc.a(lib_a-reallocr.o)
 .comment       0x00000000       0x27 c:/altera/12.1sp1/nios2eds/bin/gnu/h-i686-mingw32/bin/../lib/gcc/nios2-elf/4.1.2/../../../../nios2-elf/lib\libc.a(lib_a-sbrkr.o)
 .comment       0x00000000       0x27 c:/altera/12.1sp1/nios2eds/bin/gnu/h-i686-mingw32/bin/../lib/gcc/nios2-elf/4.1.2/../../../../nios2-elf/lib\libc.a(lib_a-wsetup.o)
 .comment       0x00000000       0x27 c:/altera/12.1sp1/nios2eds/bin/gnu/h-i686-mingw32/bin/../lib/gcc/nios2-elf/4.1.2/../../../../nios2-elf/lib\libc.a(lib_a-fflush.o)
 .comment       0x00000000       0x27 c:/altera/12.1sp1/nios2eds/bin/gnu/h-i686-mingw32/bin/../lib/gcc/nios2-elf/4.1.2/../../../../nios2-elf/lib\libc.a(lib_a-findfp.o)
 .comment       0x00000000       0x27 c:/altera/12.1sp1/nios2eds/bin/gnu/h-i686-mingw32/bin/../lib/gcc/nios2-elf/4.1.2/../../../../nios2-elf/lib\libc.a(lib_a-freer.o)
 .comment       0x00000000       0x27 c:/altera/12.1sp1/nios2eds/bin/gnu/h-i686-mingw32/bin/../lib/gcc/nios2-elf/4.1.2/../../../../nios2-elf/lib\libc.a(lib_a-fwalk.o)
 .comment       0x00000000       0x27 c:/altera/12.1sp1/nios2eds/bin/gnu/h-i686-mingw32/bin/../lib/gcc/nios2-elf/4.1.2/../../../../nios2-elf/lib\libc.a(lib_a-int_errno.o)
 .comment       0x00000000       0x27 c:/altera/12.1sp1/nios2eds/bin/gnu/h-i686-mingw32/bin/../lib/gcc/nios2-elf/4.1.2/../../../../nios2-elf/lib\libc.a(lib_a-makebuf.o)
 .comment       0x00000000       0x27 c:/altera/12.1sp1/nios2eds/bin/gnu/h-i686-mingw32/bin/../lib/gcc/nios2-elf/4.1.2/../../../../nios2-elf/lib\libc.a(lib_a-memset.o)
 .comment       0x00000000       0x27 c:/altera/12.1sp1/nios2eds/bin/gnu/h-i686-mingw32/bin/../lib/gcc/nios2-elf/4.1.2/../../../../nios2-elf/lib\libc.a(lib_a-stdio.o)
 .comment       0x00000000       0x27 c:/altera/12.1sp1/nios2eds/bin/gnu/h-i686-mingw32/bin/../lib/gcc/nios2-elf/4.1.2/../../../../nios2-elf/lib\libc.a(lib_a-writer.o)
 .comment       0x00000000       0x27 c:/altera/12.1sp1/nios2eds/bin/gnu/h-i686-mingw32/bin/../lib/gcc/nios2-elf/4.1.2/../../../../nios2-elf/lib\libc.a(lib_a-closer.o)
 .comment       0x00000000       0x27 c:/altera/12.1sp1/nios2eds/bin/gnu/h-i686-mingw32/bin/../lib/gcc/nios2-elf/4.1.2/../../../../nios2-elf/lib\libc.a(lib_a-fclose.o)
 .comment       0x00000000       0x27 c:/altera/12.1sp1/nios2eds/bin/gnu/h-i686-mingw32/bin/../lib/gcc/nios2-elf/4.1.2/../../../../nios2-elf/lib\libc.a(lib_a-fstatr.o)
 .comment       0x00000000       0x27 c:/altera/12.1sp1/nios2eds/bin/gnu/h-i686-mingw32/bin/../lib/gcc/nios2-elf/4.1.2/../../../../nios2-elf/lib\libc.a(lib_a-isattyr.o)
 .comment       0x00000000       0x27 c:/altera/12.1sp1/nios2eds/bin/gnu/h-i686-mingw32/bin/../lib/gcc/nios2-elf/4.1.2/../../../../nios2-elf/lib\libc.a(lib_a-lseekr.o)
 .comment       0x00000000       0x27 c:/altera/12.1sp1/nios2eds/bin/gnu/h-i686-mingw32/bin/../lib/gcc/nios2-elf/4.1.2/../../../../nios2-elf/lib\libc.a(lib_a-readr.o)
 .comment       0x00000000       0x27 ../AudioTest_bsp/\libucosii_bsp.a(alt_close.o)
 .comment       0x00000000       0x27 ../AudioTest_bsp/\libucosii_bsp.a(alt_dev.o)
 .comment       0x00000000       0x27 ../AudioTest_bsp/\libucosii_bsp.a(alt_errno.o)
 .comment       0x00000000       0x27 ../AudioTest_bsp/\libucosii_bsp.a(alt_fstat.o)
 .comment       0x00000000       0x27 ../AudioTest_bsp/\libucosii_bsp.a(alt_isatty.o)
 .comment       0x00000000       0x27 ../AudioTest_bsp/\libucosii_bsp.a(alt_load.o)
 .comment       0x00000000       0x27 ../AudioTest_bsp/\libucosii_bsp.a(alt_lseek.o)
 .comment       0x00000000       0x27 ../AudioTest_bsp/\libucosii_bsp.a(alt_main.o)
 .comment       0x00000000       0x27 ../AudioTest_bsp/\libucosii_bsp.a(alt_read.o)
 .comment       0x00000000       0x27 ../AudioTest_bsp/\libucosii_bsp.a(alt_release_fd.o)
 .comment       0x00000000       0x27 ../AudioTest_bsp/\libucosii_bsp.a(alt_sbrk.o)
 .comment       0x00000000       0x27 ../AudioTest_bsp/\libucosii_bsp.a(alt_write.o)
 .comment       0x00000000       0x27 ../AudioTest_bsp/\libucosii_bsp.a(alt_env_lock.o)
 .comment       0x00000000       0x27 ../AudioTest_bsp/\libucosii_bsp.a(alt_malloc_lock.o)
 .comment       0x00000000       0x27 ../AudioTest_bsp/\libucosii_bsp.a(os_core.o)
 .comment       0x00000000       0x27 ../AudioTest_bsp/\libucosii_bsp.a(os_dbg.o)
 .comment       0x00000000       0x27 ../AudioTest_bsp/\libucosii_bsp.a(os_flag.o)
 .comment       0x00000000       0x27 ../AudioTest_bsp/\libucosii_bsp.a(os_mem.o)
 .comment       0x00000000       0x27 ../AudioTest_bsp/\libucosii_bsp.a(os_q.o)
 .comment       0x00000000       0x27 ../AudioTest_bsp/\libucosii_bsp.a(os_sem.o)
 .comment       0x00000000       0x27 ../AudioTest_bsp/\libucosii_bsp.a(os_task.o)
 .comment       0x00000000       0x27 ../AudioTest_bsp/\libucosii_bsp.a(os_time.o)
 .comment       0x00000000       0x27 ../AudioTest_bsp/\libucosii_bsp.a(alt_sys_init.o)
 .comment       0x00000000       0x27 ../AudioTest_bsp/\libucosii_bsp.a(altera_avalon_jtag_uart_fd.o)
 .comment       0x00000000       0x27 ../AudioTest_bsp/\libucosii_bsp.a(altera_avalon_jtag_uart_init.o)
 .comment       0x00000000       0x27 ../AudioTest_bsp/\libucosii_bsp.a(altera_avalon_jtag_uart_ioctl.o)
 .comment       0x00000000       0x27 ../AudioTest_bsp/\libucosii_bsp.a(altera_avalon_jtag_uart_read.o)
 .comment       0x00000000       0x27 ../AudioTest_bsp/\libucosii_bsp.a(altera_avalon_jtag_uart_write.o)
 .comment       0x00000000       0x27 ../AudioTest_bsp/\libucosii_bsp.a(altera_avalon_timer_sc.o)
 .comment       0x00000000       0x27 ../AudioTest_bsp/\libucosii_bsp.a(altera_up_avalon_audio.o)
 .comment       0x00000000       0x27 ../AudioTest_bsp/\libucosii_bsp.a(altera_up_avalon_audio_and_video_config.o)
 .comment       0x00000000       0x27 ../AudioTest_bsp/\libucosii_bsp.a(altera_up_avalon_character_lcd.o)
 .comment       0x00000000       0x27 ../AudioTest_bsp/\libucosii_bsp.a(alt_alarm_start.o)
 .comment       0x00000000       0x27 ../AudioTest_bsp/\libucosii_bsp.a(alt_dcache_flush_all.o)
 .comment       0x00000000       0x27 ../AudioTest_bsp/\libucosii_bsp.a(alt_dev_llist_insert.o)
 .comment       0x00000000       0x27 ../AudioTest_bsp/\libucosii_bsp.a(alt_do_ctors.o)
 .comment       0x00000000       0x27 ../AudioTest_bsp/\libucosii_bsp.a(alt_do_dtors.o)
 .comment       0x00000000       0x27 ../AudioTest_bsp/\libucosii_bsp.a(alt_find_dev.o)
 .comment       0x00000000       0x27 ../AudioTest_bsp/\libucosii_bsp.a(alt_icache_flush_all.o)
 .comment       0x00000000       0x27 ../AudioTest_bsp/\libucosii_bsp.a(alt_io_redirect.o)
 .comment       0x00000000       0x27 ../AudioTest_bsp/\libucosii_bsp.a(alt_irq_register.o)
 .comment       0x00000000       0x27 ../AudioTest_bsp/\libucosii_bsp.a(alt_irq_vars.o)
 .comment       0x00000000       0x27 ../AudioTest_bsp/\libucosii_bsp.a(alt_open.o)
 .comment       0x00000000       0x27 ../AudioTest_bsp/\libucosii_bsp.a(alt_tick.o)
 .comment       0x00000000       0x27 ../AudioTest_bsp/\libucosii_bsp.a(altera_nios2_qsys_irq.o)
 .comment       0x00000000       0x27 ../AudioTest_bsp/\libucosii_bsp.a(os_cpu_c.o)
 .comment       0x00000000       0x27 ../AudioTest_bsp/\libucosii_bsp.a(alt_find_file.o)
 .comment       0x00000000       0x27 ../AudioTest_bsp/\libucosii_bsp.a(alt_get_fd.o)
 .comment       0x00000000       0x27 ../AudioTest_bsp/\libucosii_bsp.a(alt_icache_flush.o)
 .comment       0x00000000       0x27 ../AudioTest_bsp/\libucosii_bsp.a(alt_irq_handler.o)
 .comment       0x00000000       0x27 c:/altera/12.1sp1/nios2eds/bin/gnu/h-i686-mingw32/bin/../lib/gcc/nios2-elf/4.1.2/../../../../nios2-elf/lib\libc.a(lib_a-atexit.o)
 .comment       0x00000000       0x27 c:/altera/12.1sp1/nios2eds/bin/gnu/h-i686-mingw32/bin/../lib/gcc/nios2-elf/4.1.2/../../../../nios2-elf/lib\libc.a(lib_a-exit.o)
 .comment       0x00000000       0x27 c:/altera/12.1sp1/nios2eds/bin/gnu/h-i686-mingw32/bin/../lib/gcc/nios2-elf/4.1.2/../../../../nios2-elf/lib\libc.a(lib_a-memcmp.o)
 .comment       0x00000000       0x27 c:/altera/12.1sp1/nios2eds/bin/gnu/h-i686-mingw32/bin/../lib/gcc/nios2-elf/4.1.2/../../../../nios2-elf/lib\libc.a(lib_a-__atexit.o)
 .comment       0x00000000       0x27 c:/altera/12.1sp1/nios2eds/bin/gnu/h-i686-mingw32/bin/../lib/gcc/nios2-elf/4.1.2/../../../../nios2-elf/lib\libc.a(lib_a-__call_atexit.o)
 .comment       0x00000000       0x27 c:/altera/12.1sp1/nios2eds/bin/gnu/h-i686-mingw32/bin/../lib/gcc/nios2-elf/4.1.2\libgcc.a(lib2-divmod.o)
 .comment       0x00000000       0x27 ../AudioTest_bsp/\libucosii_bsp.a(alt_exit.o)

.debug
 *(.debug)

.line
 *(.line)

.debug_srcinfo
 *(.debug_srcinfo)

.debug_sfnames
 *(.debug_sfnames)

.debug_aranges  0x00000000      0xab8
 *(.debug_aranges)
 .debug_aranges
                0x00000000       0x28 ../AudioTest_bsp//obj/HAL/src/crt0.o
 .debug_aranges
                0x00000028       0x20 obj/default/hello_ucosii.o
 .debug_aranges
                0x00000048       0x20 c:/altera/12.1sp1/nios2eds/bin/gnu/h-i686-mingw32/bin/../lib/gcc/nios2-elf/4.1.2/../../../../nios2-elf/lib\libc.a(lib_a-puts.o)
 .debug_aranges
                0x00000068       0x20 c:/altera/12.1sp1/nios2eds/bin/gnu/h-i686-mingw32/bin/../lib/gcc/nios2-elf/4.1.2/../../../../nios2-elf/lib\libc.a(lib_a-strlen.o)
 .debug_aranges
                0x00000088       0x20 c:/altera/12.1sp1/nios2eds/bin/gnu/h-i686-mingw32/bin/../lib/gcc/nios2-elf/4.1.2/../../../../nios2-elf/lib\libc.a(lib_a-fvwrite.o)
 .debug_aranges
                0x000000a8       0x20 c:/altera/12.1sp1/nios2eds/bin/gnu/h-i686-mingw32/bin/../lib/gcc/nios2-elf/4.1.2/../../../../nios2-elf/lib\libc.a(lib_a-mallocr.o)
 .debug_aranges
                0x000000c8       0x20 c:/altera/12.1sp1/nios2eds/bin/gnu/h-i686-mingw32/bin/../lib/gcc/nios2-elf/4.1.2/../../../../nios2-elf/lib\libc.a(lib_a-memchr.o)
 .debug_aranges
                0x000000e8       0x20 c:/altera/12.1sp1/nios2eds/bin/gnu/h-i686-mingw32/bin/../lib/gcc/nios2-elf/4.1.2/../../../../nios2-elf/lib\libc.a(lib_a-memcpy.o)
 .debug_aranges
                0x00000108       0x20 c:/altera/12.1sp1/nios2eds/bin/gnu/h-i686-mingw32/bin/../lib/gcc/nios2-elf/4.1.2/../../../../nios2-elf/lib\libc.a(lib_a-memmove.o)
 .debug_aranges
                0x00000128       0x20 c:/altera/12.1sp1/nios2eds/bin/gnu/h-i686-mingw32/bin/../lib/gcc/nios2-elf/4.1.2/../../../../nios2-elf/lib\libc.a(lib_a-reallocr.o)
 .debug_aranges
                0x00000148       0x20 c:/altera/12.1sp1/nios2eds/bin/gnu/h-i686-mingw32/bin/../lib/gcc/nios2-elf/4.1.2/../../../../nios2-elf/lib\libc.a(lib_a-sbrkr.o)
 .debug_aranges
                0x00000168       0x20 c:/altera/12.1sp1/nios2eds/bin/gnu/h-i686-mingw32/bin/../lib/gcc/nios2-elf/4.1.2/../../../../nios2-elf/lib\libc.a(lib_a-wsetup.o)
 .debug_aranges
                0x00000188       0x20 c:/altera/12.1sp1/nios2eds/bin/gnu/h-i686-mingw32/bin/../lib/gcc/nios2-elf/4.1.2/../../../../nios2-elf/lib\libc.a(lib_a-fflush.o)
 .debug_aranges
                0x000001a8       0x20 c:/altera/12.1sp1/nios2eds/bin/gnu/h-i686-mingw32/bin/../lib/gcc/nios2-elf/4.1.2/../../../../nios2-elf/lib\libc.a(lib_a-findfp.o)
 .debug_aranges
                0x000001c8       0x20 c:/altera/12.1sp1/nios2eds/bin/gnu/h-i686-mingw32/bin/../lib/gcc/nios2-elf/4.1.2/../../../../nios2-elf/lib\libc.a(lib_a-freer.o)
 .debug_aranges
                0x000001e8       0x20 c:/altera/12.1sp1/nios2eds/bin/gnu/h-i686-mingw32/bin/../lib/gcc/nios2-elf/4.1.2/../../../../nios2-elf/lib\libc.a(lib_a-fwalk.o)
 .debug_aranges
                0x00000208       0x20 c:/altera/12.1sp1/nios2eds/bin/gnu/h-i686-mingw32/bin/../lib/gcc/nios2-elf/4.1.2/../../../../nios2-elf/lib\libc.a(lib_a-makebuf.o)
 .debug_aranges
                0x00000228       0x20 c:/altera/12.1sp1/nios2eds/bin/gnu/h-i686-mingw32/bin/../lib/gcc/nios2-elf/4.1.2/../../../../nios2-elf/lib\libc.a(lib_a-memset.o)
 .debug_aranges
                0x00000248       0x20 c:/altera/12.1sp1/nios2eds/bin/gnu/h-i686-mingw32/bin/../lib/gcc/nios2-elf/4.1.2/../../../../nios2-elf/lib\libc.a(lib_a-stdio.o)
 .debug_aranges
                0x00000268       0x20 c:/altera/12.1sp1/nios2eds/bin/gnu/h-i686-mingw32/bin/../lib/gcc/nios2-elf/4.1.2/../../../../nios2-elf/lib\libc.a(lib_a-writer.o)
 .debug_aranges
                0x00000288       0x20 c:/altera/12.1sp1/nios2eds/bin/gnu/h-i686-mingw32/bin/../lib/gcc/nios2-elf/4.1.2/../../../../nios2-elf/lib\libc.a(lib_a-closer.o)
 .debug_aranges
                0x000002a8       0x20 c:/altera/12.1sp1/nios2eds/bin/gnu/h-i686-mingw32/bin/../lib/gcc/nios2-elf/4.1.2/../../../../nios2-elf/lib\libc.a(lib_a-fclose.o)
 .debug_aranges
                0x000002c8       0x20 c:/altera/12.1sp1/nios2eds/bin/gnu/h-i686-mingw32/bin/../lib/gcc/nios2-elf/4.1.2/../../../../nios2-elf/lib\libc.a(lib_a-fstatr.o)
 .debug_aranges
                0x000002e8       0x20 c:/altera/12.1sp1/nios2eds/bin/gnu/h-i686-mingw32/bin/../lib/gcc/nios2-elf/4.1.2/../../../../nios2-elf/lib\libc.a(lib_a-isattyr.o)
 .debug_aranges
                0x00000308       0x20 c:/altera/12.1sp1/nios2eds/bin/gnu/h-i686-mingw32/bin/../lib/gcc/nios2-elf/4.1.2/../../../../nios2-elf/lib\libc.a(lib_a-lseekr.o)
 .debug_aranges
                0x00000328       0x20 c:/altera/12.1sp1/nios2eds/bin/gnu/h-i686-mingw32/bin/../lib/gcc/nios2-elf/4.1.2/../../../../nios2-elf/lib\libc.a(lib_a-readr.o)
 .debug_aranges
                0x00000348       0x20 ../AudioTest_bsp/\libucosii_bsp.a(alt_close.o)
 .debug_aranges
                0x00000368       0x20 ../AudioTest_bsp/\libucosii_bsp.a(alt_dev.o)
 .debug_aranges
                0x00000388       0x20 ../AudioTest_bsp/\libucosii_bsp.a(alt_fstat.o)
 .debug_aranges
                0x000003a8       0x20 ../AudioTest_bsp/\libucosii_bsp.a(alt_isatty.o)
 .debug_aranges
                0x000003c8       0x20 ../AudioTest_bsp/\libucosii_bsp.a(alt_load.o)
 .debug_aranges
                0x000003e8       0x20 ../AudioTest_bsp/\libucosii_bsp.a(alt_lseek.o)
 .debug_aranges
                0x00000408       0x20 ../AudioTest_bsp/\libucosii_bsp.a(alt_main.o)
 .debug_aranges
                0x00000428       0x20 ../AudioTest_bsp/\libucosii_bsp.a(alt_read.o)
 .debug_aranges
                0x00000448       0x20 ../AudioTest_bsp/\libucosii_bsp.a(alt_release_fd.o)
 .debug_aranges
                0x00000468       0x20 ../AudioTest_bsp/\libucosii_bsp.a(alt_sbrk.o)
 .debug_aranges
                0x00000488       0x20 ../AudioTest_bsp/\libucosii_bsp.a(alt_write.o)
 .debug_aranges
                0x000004a8       0x20 ../AudioTest_bsp/\libucosii_bsp.a(alt_env_lock.o)
 .debug_aranges
                0x000004c8       0x20 ../AudioTest_bsp/\libucosii_bsp.a(alt_malloc_lock.o)
 .debug_aranges
                0x000004e8       0x20 ../AudioTest_bsp/\libucosii_bsp.a(os_core.o)
 .debug_aranges
                0x00000508       0x20 ../AudioTest_bsp/\libucosii_bsp.a(os_dbg.o)
 .debug_aranges
                0x00000528       0x20 ../AudioTest_bsp/\libucosii_bsp.a(os_flag.o)
 .debug_aranges
                0x00000548       0x20 ../AudioTest_bsp/\libucosii_bsp.a(os_mem.o)
 .debug_aranges
                0x00000568       0x20 ../AudioTest_bsp/\libucosii_bsp.a(os_q.o)
 .debug_aranges
                0x00000588       0x20 ../AudioTest_bsp/\libucosii_bsp.a(os_sem.o)
 .debug_aranges
                0x000005a8       0x20 ../AudioTest_bsp/\libucosii_bsp.a(os_task.o)
 .debug_aranges
                0x000005c8       0x20 ../AudioTest_bsp/\libucosii_bsp.a(os_time.o)
 .debug_aranges
                0x000005e8       0x20 ../AudioTest_bsp/\libucosii_bsp.a(alt_sys_init.o)
 .debug_aranges
                0x00000608       0x20 ../AudioTest_bsp/\libucosii_bsp.a(altera_avalon_jtag_uart_fd.o)
 .debug_aranges
                0x00000628       0x20 ../AudioTest_bsp/\libucosii_bsp.a(altera_avalon_jtag_uart_init.o)
 .debug_aranges
                0x00000648       0x20 ../AudioTest_bsp/\libucosii_bsp.a(altera_avalon_jtag_uart_ioctl.o)
 .debug_aranges
                0x00000668       0x20 ../AudioTest_bsp/\libucosii_bsp.a(altera_avalon_jtag_uart_read.o)
 .debug_aranges
                0x00000688       0x20 ../AudioTest_bsp/\libucosii_bsp.a(altera_avalon_jtag_uart_write.o)
 .debug_aranges
                0x000006a8       0x20 ../AudioTest_bsp/\libucosii_bsp.a(altera_avalon_timer_sc.o)
 .debug_aranges
                0x000006c8       0x20 ../AudioTest_bsp/\libucosii_bsp.a(altera_up_avalon_audio.o)
 .debug_aranges
                0x000006e8       0x20 ../AudioTest_bsp/\libucosii_bsp.a(altera_up_avalon_audio_and_video_config.o)
 .debug_aranges
                0x00000708       0x20 ../AudioTest_bsp/\libucosii_bsp.a(altera_up_avalon_character_lcd.o)
 .debug_aranges
                0x00000728       0x20 ../AudioTest_bsp/\libucosii_bsp.a(alt_alarm_start.o)
 .debug_aranges
                0x00000748       0x20 ../AudioTest_bsp/\libucosii_bsp.a(alt_dcache_flush_all.o)
 .debug_aranges
                0x00000768       0x20 ../AudioTest_bsp/\libucosii_bsp.a(alt_dev_llist_insert.o)
 .debug_aranges
                0x00000788       0x20 ../AudioTest_bsp/\libucosii_bsp.a(alt_do_ctors.o)
 .debug_aranges
                0x000007a8       0x20 ../AudioTest_bsp/\libucosii_bsp.a(alt_do_dtors.o)
 .debug_aranges
                0x000007c8       0x20 ../AudioTest_bsp/\libucosii_bsp.a(alt_find_dev.o)
 .debug_aranges
                0x000007e8       0x20 ../AudioTest_bsp/\libucosii_bsp.a(alt_icache_flush_all.o)
 .debug_aranges
                0x00000808       0x20 ../AudioTest_bsp/\libucosii_bsp.a(alt_io_redirect.o)
 .debug_aranges
                0x00000828       0x20 ../AudioTest_bsp/\libucosii_bsp.a(alt_irq_register.o)
 .debug_aranges
                0x00000848       0x20 ../AudioTest_bsp/\libucosii_bsp.a(alt_open.o)
 .debug_aranges
                0x00000868       0x20 ../AudioTest_bsp/\libucosii_bsp.a(alt_tick.o)
 .debug_aranges
                0x00000888       0x20 ../AudioTest_bsp/\libucosii_bsp.a(altera_nios2_qsys_irq.o)
 .debug_aranges
                0x000008a8       0x20 ../AudioTest_bsp/\libucosii_bsp.a(os_cpu_a.o)
 .debug_aranges
                0x000008c8       0x20 ../AudioTest_bsp/\libucosii_bsp.a(os_cpu_c.o)
 .debug_aranges
                0x000008e8       0x20 ../AudioTest_bsp/\libucosii_bsp.a(alt_find_file.o)
 .debug_aranges
                0x00000908       0x20 ../AudioTest_bsp/\libucosii_bsp.a(alt_get_fd.o)
 .debug_aranges
                0x00000928       0x20 ../AudioTest_bsp/\libucosii_bsp.a(alt_icache_flush.o)
 .debug_aranges
                0x00000948       0x30 ../AudioTest_bsp/\libucosii_bsp.a(alt_irq_entry.o)
 .debug_aranges
                0x00000978       0x28 ../AudioTest_bsp/\libucosii_bsp.a(alt_irq_handler.o)
 .debug_aranges
                0x000009a0       0x38 ../AudioTest_bsp/\libucosii_bsp.a(alt_exception_entry.o)
 .debug_aranges
                0x000009d8       0x20 c:/altera/12.1sp1/nios2eds/bin/gnu/h-i686-mingw32/bin/../lib/gcc/nios2-elf/4.1.2/../../../../nios2-elf/lib\libc.a(lib_a-atexit.o)
 .debug_aranges
                0x000009f8       0x20 c:/altera/12.1sp1/nios2eds/bin/gnu/h-i686-mingw32/bin/../lib/gcc/nios2-elf/4.1.2/../../../../nios2-elf/lib\libc.a(lib_a-exit.o)
 .debug_aranges
                0x00000a18       0x20 c:/altera/12.1sp1/nios2eds/bin/gnu/h-i686-mingw32/bin/../lib/gcc/nios2-elf/4.1.2/../../../../nios2-elf/lib\libc.a(lib_a-memcmp.o)
 .debug_aranges
                0x00000a38       0x20 c:/altera/12.1sp1/nios2eds/bin/gnu/h-i686-mingw32/bin/../lib/gcc/nios2-elf/4.1.2/../../../../nios2-elf/lib\libc.a(lib_a-__atexit.o)
 .debug_aranges
                0x00000a58       0x20 c:/altera/12.1sp1/nios2eds/bin/gnu/h-i686-mingw32/bin/../lib/gcc/nios2-elf/4.1.2/../../../../nios2-elf/lib\libc.a(lib_a-__call_atexit.o)
 .debug_aranges
                0x00000a78       0x20 c:/altera/12.1sp1/nios2eds/bin/gnu/h-i686-mingw32/bin/../lib/gcc/nios2-elf/4.1.2\libgcc.a(lib2-divmod.o)
 .debug_aranges
                0x00000a98       0x20 ../AudioTest_bsp/\libucosii_bsp.a(alt_exit.o)

.debug_pubnames
                0x00000000     0x20df
 *(.debug_pubnames)
 .debug_pubnames
                0x00000000       0x47 obj/default/hello_ucosii.o
 .debug_pubnames
                0x00000047       0x27 c:/altera/12.1sp1/nios2eds/bin/gnu/h-i686-mingw32/bin/../lib/gcc/nios2-elf/4.1.2/../../../../nios2-elf/lib\libc.a(lib_a-puts.o)
 .debug_pubnames
                0x0000006e       0x1d c:/altera/12.1sp1/nios2eds/bin/gnu/h-i686-mingw32/bin/../lib/gcc/nios2-elf/4.1.2/../../../../nios2-elf/lib\libc.a(lib_a-strlen.o)
 .debug_pubnames
                0x0000008b       0x23 c:/altera/12.1sp1/nios2eds/bin/gnu/h-i686-mingw32/bin/../lib/gcc/nios2-elf/4.1.2/../../../../nios2-elf/lib\libc.a(lib_a-fvwrite.o)
 .debug_pubnames
                0x000000ae       0x39 c:/altera/12.1sp1/nios2eds/bin/gnu/h-i686-mingw32/bin/../lib/gcc/nios2-elf/4.1.2/../../../../nios2-elf/lib\libc.a(lib_a-impure.o)
 .debug_pubnames
                0x000000e7       0xce c:/altera/12.1sp1/nios2eds/bin/gnu/h-i686-mingw32/bin/../lib/gcc/nios2-elf/4.1.2/../../../../nios2-elf/lib\libc.a(lib_a-mallocr.o)
 .debug_pubnames
                0x000001b5       0x1d c:/altera/12.1sp1/nios2eds/bin/gnu/h-i686-mingw32/bin/../lib/gcc/nios2-elf/4.1.2/../../../../nios2-elf/lib\libc.a(lib_a-memchr.o)
 .debug_pubnames
                0x000001d2       0x1d c:/altera/12.1sp1/nios2eds/bin/gnu/h-i686-mingw32/bin/../lib/gcc/nios2-elf/4.1.2/../../../../nios2-elf/lib\libc.a(lib_a-memcpy.o)
 .debug_pubnames
                0x000001ef       0x1e c:/altera/12.1sp1/nios2eds/bin/gnu/h-i686-mingw32/bin/../lib/gcc/nios2-elf/4.1.2/../../../../nios2-elf/lib\libc.a(lib_a-memmove.o)
 .debug_pubnames
                0x0000020d       0x21 c:/altera/12.1sp1/nios2eds/bin/gnu/h-i686-mingw32/bin/../lib/gcc/nios2-elf/4.1.2/../../../../nios2-elf/lib\libc.a(lib_a-reallocr.o)
 .debug_pubnames
                0x0000022e       0x1e c:/altera/12.1sp1/nios2eds/bin/gnu/h-i686-mingw32/bin/../lib/gcc/nios2-elf/4.1.2/../../../../nios2-elf/lib\libc.a(lib_a-sbrkr.o)
 .debug_pubnames
                0x0000024c       0x22 c:/altera/12.1sp1/nios2eds/bin/gnu/h-i686-mingw32/bin/../lib/gcc/nios2-elf/4.1.2/../../../../nios2-elf/lib\libc.a(lib_a-wsetup.o)
 .debug_pubnames
                0x0000026e       0x2b c:/altera/12.1sp1/nios2eds/bin/gnu/h-i686-mingw32/bin/../lib/gcc/nios2-elf/4.1.2/../../../../nios2-elf/lib\libc.a(lib_a-fflush.o)
 .debug_pubnames
                0x00000299       0xdb c:/altera/12.1sp1/nios2eds/bin/gnu/h-i686-mingw32/bin/../lib/gcc/nios2-elf/4.1.2/../../../../nios2-elf/lib\libc.a(lib_a-findfp.o)
 .debug_pubnames
                0x00000374       0x31 c:/altera/12.1sp1/nios2eds/bin/gnu/h-i686-mingw32/bin/../lib/gcc/nios2-elf/4.1.2/../../../../nios2-elf/lib\libc.a(lib_a-freer.o)
 .debug_pubnames
                0x000003a5       0x2e c:/altera/12.1sp1/nios2eds/bin/gnu/h-i686-mingw32/bin/../lib/gcc/nios2-elf/4.1.2/../../../../nios2-elf/lib\libc.a(lib_a-fwalk.o)
 .debug_pubnames
                0x000003d3       0x1c c:/altera/12.1sp1/nios2eds/bin/gnu/h-i686-mingw32/bin/../lib/gcc/nios2-elf/4.1.2/../../../../nios2-elf/lib\libc.a(lib_a-int_errno.o)
 .debug_pubnames
                0x000003ef       0x23 c:/altera/12.1sp1/nios2eds/bin/gnu/h-i686-mingw32/bin/../lib/gcc/nios2-elf/4.1.2/../../../../nios2-elf/lib\libc.a(lib_a-makebuf.o)
 .debug_pubnames
                0x00000412       0x1d c:/altera/12.1sp1/nios2eds/bin/gnu/h-i686-mingw32/bin/../lib/gcc/nios2-elf/4.1.2/../../../../nios2-elf/lib\libc.a(lib_a-memset.o)
 .debug_pubnames
                0x0000042f       0x44 c:/altera/12.1sp1/nios2eds/bin/gnu/h-i686-mingw32/bin/../lib/gcc/nios2-elf/4.1.2/../../../../nios2-elf/lib\libc.a(lib_a-stdio.o)
 .debug_pubnames
                0x00000473       0x1f c:/altera/12.1sp1/nios2eds/bin/gnu/h-i686-mingw32/bin/../lib/gcc/nios2-elf/4.1.2/../../../../nios2-elf/lib\libc.a(lib_a-writer.o)
 .debug_pubnames
                0x00000492       0x1f c:/altera/12.1sp1/nios2eds/bin/gnu/h-i686-mingw32/bin/../lib/gcc/nios2-elf/4.1.2/../../../../nios2-elf/lib\libc.a(lib_a-closer.o)
 .debug_pubnames
                0x000004b1       0x2b c:/altera/12.1sp1/nios2eds/bin/gnu/h-i686-mingw32/bin/../lib/gcc/nios2-elf/4.1.2/../../../../nios2-elf/lib\libc.a(lib_a-fclose.o)
 .debug_pubnames
                0x000004dc       0x1f c:/altera/12.1sp1/nios2eds/bin/gnu/h-i686-mingw32/bin/../lib/gcc/nios2-elf/4.1.2/../../../../nios2-elf/lib\libc.a(lib_a-fstatr.o)
 .debug_pubnames
                0x000004fb       0x20 c:/altera/12.1sp1/nios2eds/bin/gnu/h-i686-mingw32/bin/../lib/gcc/nios2-elf/4.1.2/../../../../nios2-elf/lib\libc.a(lib_a-isattyr.o)
 .debug_pubnames
                0x0000051b       0x1f c:/altera/12.1sp1/nios2eds/bin/gnu/h-i686-mingw32/bin/../lib/gcc/nios2-elf/4.1.2/../../../../nios2-elf/lib\libc.a(lib_a-lseekr.o)
 .debug_pubnames
                0x0000053a       0x1e c:/altera/12.1sp1/nios2eds/bin/gnu/h-i686-mingw32/bin/../lib/gcc/nios2-elf/4.1.2/../../../../nios2-elf/lib\libc.a(lib_a-readr.o)
 .debug_pubnames
                0x00000558       0x1c ../AudioTest_bsp/\libucosii_bsp.a(alt_close.o)
 .debug_pubnames
                0x00000574       0x78 ../AudioTest_bsp/\libucosii_bsp.a(alt_dev.o)
 .debug_pubnames
                0x000005ec       0x20 ../AudioTest_bsp/\libucosii_bsp.a(alt_errno.o)
 .debug_pubnames
                0x0000060c       0x1c ../AudioTest_bsp/\libucosii_bsp.a(alt_fstat.o)
 .debug_pubnames
                0x00000628       0x1d ../AudioTest_bsp/\libucosii_bsp.a(alt_isatty.o)
 .debug_pubnames
                0x00000645       0x1f ../AudioTest_bsp/\libucosii_bsp.a(alt_load.o)
 .debug_pubnames
                0x00000664       0x1c ../AudioTest_bsp/\libucosii_bsp.a(alt_lseek.o)
 .debug_pubnames
                0x00000680       0x46 ../AudioTest_bsp/\libucosii_bsp.a(alt_main.o)
 .debug_pubnames
                0x000006c6       0x1b ../AudioTest_bsp/\libucosii_bsp.a(alt_read.o)
 .debug_pubnames
                0x000006e1       0x25 ../AudioTest_bsp/\libucosii_bsp.a(alt_release_fd.o)
 .debug_pubnames
                0x00000706       0x1b ../AudioTest_bsp/\libucosii_bsp.a(alt_sbrk.o)
 .debug_pubnames
                0x00000721       0x1c ../AudioTest_bsp/\libucosii_bsp.a(alt_write.o)
 .debug_pubnames
                0x0000073d       0x41 ../AudioTest_bsp/\libucosii_bsp.a(alt_env_lock.o)
 .debug_pubnames
                0x0000077e       0x48 ../AudioTest_bsp/\libucosii_bsp.a(alt_malloc_lock.o)
 .debug_pubnames
                0x000007c6      0x3f8 ../AudioTest_bsp/\libucosii_bsp.a(os_core.o)
 .debug_pubnames
                0x00000bbe      0x3c5 ../AudioTest_bsp/\libucosii_bsp.a(os_dbg.o)
 .debug_pubnames
                0x00000f83       0xd0 ../AudioTest_bsp/\libucosii_bsp.a(os_flag.o)
 .debug_pubnames
                0x00001053       0x7c ../AudioTest_bsp/\libucosii_bsp.a(os_mem.o)
 .debug_pubnames
                0x000010cf       0xa9 ../AudioTest_bsp/\libucosii_bsp.a(os_q.o)
 .debug_pubnames
                0x00001178       0x8a ../AudioTest_bsp/\libucosii_bsp.a(os_sem.o)
 .debug_pubnames
                0x00001202       0xe5 ../AudioTest_bsp/\libucosii_bsp.a(os_task.o)
 .debug_pubnames
                0x000012e7       0x62 ../AudioTest_bsp/\libucosii_bsp.a(os_time.o)
 .debug_pubnames
                0x00001349       0x34 ../AudioTest_bsp/\libucosii_bsp.a(alt_sys_init.o)
 .debug_pubnames
                0x0000137d       0xa5 ../AudioTest_bsp/\libucosii_bsp.a(altera_avalon_jtag_uart_fd.o)
 .debug_pubnames
                0x00001422       0x55 ../AudioTest_bsp/\libucosii_bsp.a(altera_avalon_jtag_uart_init.o)
 .debug_pubnames