Archive member included because of file (symbol)

../lab1_bsp/\libucosii_bsp.a(alt_load.o)
                              ../lab1_bsp//obj/HAL/src/crt0.o (alt_load)
../lab1_bsp/\libucosii_bsp.a(alt_main.o)
                              ../lab1_bsp//obj/HAL/src/crt0.o (alt_main)
../lab1_bsp/\libucosii_bsp.a(alt_printf.o)
                              obj/default/hello_ucosii.o (alt_printf)
../lab1_bsp/\libucosii_bsp.a(alt_putchar.o)
                              ../lab1_bsp/\libucosii_bsp.a(alt_printf.o) (alt_putchar)
../lab1_bsp/\libucosii_bsp.a(alt_env_lock.o)
                              ../lab1_bsp/\libucosii_bsp.a(alt_main.o) (alt_envsem)
../lab1_bsp/\libucosii_bsp.a(alt_malloc_lock.o)
                              ../lab1_bsp/\libucosii_bsp.a(alt_main.o) (alt_heapsem)
../lab1_bsp/\libucosii_bsp.a(os_core.o)
                              ../lab1_bsp/\libucosii_bsp.a(alt_main.o) (OSInit)
../lab1_bsp/\libucosii_bsp.a(os_dbg.o)
                              ../lab1_bsp/\libucosii_bsp.a(os_core.o) (OSDebugInit)
../lab1_bsp/\libucosii_bsp.a(os_flag.o)
                              ../lab1_bsp/\libucosii_bsp.a(os_core.o) (OS_FlagInit)
../lab1_bsp/\libucosii_bsp.a(os_mem.o)
                              ../lab1_bsp/\libucosii_bsp.a(os_core.o) (OS_MemInit)
../lab1_bsp/\libucosii_bsp.a(os_q.o)
                              ../lab1_bsp/\libucosii_bsp.a(os_core.o) (OS_QInit)
../lab1_bsp/\libucosii_bsp.a(os_sem.o)
                              ../lab1_bsp/\libucosii_bsp.a(alt_main.o) (OSSemCreate)
../lab1_bsp/\libucosii_bsp.a(os_task.o)
                              obj/default/hello_ucosii.o (OSTaskCreateExt)
../lab1_bsp/\libucosii_bsp.a(os_time.o)
                              ../lab1_bsp/\libucosii_bsp.a(os_core.o) (OSTimeDly)
../lab1_bsp/\libucosii_bsp.a(alt_sys_init.o)
                              ../lab1_bsp/\libucosii_bsp.a(alt_main.o) (alt_irq_init)
../lab1_bsp/\libucosii_bsp.a(altera_avalon_jtag_uart_fd.o)
                              ../lab1_bsp/\libucosii_bsp.a(alt_sys_init.o) (altera_avalon_jtag_uart_read_fd)
../lab1_bsp/\libucosii_bsp.a(altera_avalon_jtag_uart_init.o)
                              ../lab1_bsp/\libucosii_bsp.a(alt_sys_init.o) (altera_avalon_jtag_uart_init)
../lab1_bsp/\libucosii_bsp.a(altera_avalon_jtag_uart_ioctl.o)
                              ../lab1_bsp/\libucosii_bsp.a(altera_avalon_jtag_uart_fd.o) (altera_avalon_jtag_uart_ioctl)
../lab1_bsp/\libucosii_bsp.a(altera_avalon_jtag_uart_read.o)
                              ../lab1_bsp/\libucosii_bsp.a(altera_avalon_jtag_uart_fd.o) (altera_avalon_jtag_uart_read)
../lab1_bsp/\libucosii_bsp.a(altera_avalon_jtag_uart_write.o)
                              ../lab1_bsp/\libucosii_bsp.a(altera_avalon_jtag_uart_fd.o) (altera_avalon_jtag_uart_write)
../lab1_bsp/\libucosii_bsp.a(altera_avalon_timer_sc.o)
                              ../lab1_bsp/\libucosii_bsp.a(alt_sys_init.o) (alt_avalon_timer_sc_init)
../lab1_bsp/\libucosii_bsp.a(altera_up_avalon_character_lcd.o)
                              obj/default/hello_ucosii.o (alt_up_character_lcd_init)
../lab1_bsp/\libucosii_bsp.a(alt_alarm_start.o)
                              ../lab1_bsp/\libucosii_bsp.a(altera_avalon_jtag_uart_init.o) (alt_alarm_start)
../lab1_bsp/\libucosii_bsp.a(alt_close.o)
                              ../lab1_bsp/\libucosii_bsp.a(alt_main.o) (close)
../lab1_bsp/\libucosii_bsp.a(alt_dcache_flush_all.o)
                              ../lab1_bsp/\libucosii_bsp.a(alt_load.o) (alt_dcache_flush_all)
../lab1_bsp/\libucosii_bsp.a(alt_dev.o)
                              ../lab1_bsp/\libucosii_bsp.a(alt_sys_init.o) (alt_dev_list)
../lab1_bsp/\libucosii_bsp.a(alt_dev_llist_insert.o)
                              ../lab1_bsp/\libucosii_bsp.a(alt_sys_init.o) (alt_dev_llist_insert)
../lab1_bsp/\libucosii_bsp.a(alt_do_ctors.o)
                              ../lab1_bsp/\libucosii_bsp.a(alt_main.o) (_do_ctors)
../lab1_bsp/\libucosii_bsp.a(alt_do_dtors.o)
                              ../lab1_bsp/\libucosii_bsp.a(alt_main.o) (_do_dtors)
../lab1_bsp/\libucosii_bsp.a(alt_errno.o)
                              ../lab1_bsp/\libucosii_bsp.a(alt_close.o) (alt_errno)
../lab1_bsp/\libucosii_bsp.a(alt_find_dev.o)
                              ../lab1_bsp/\libucosii_bsp.a(altera_up_avalon_character_lcd.o) (alt_find_dev)
../lab1_bsp/\libucosii_bsp.a(alt_icache_flush_all.o)
                              ../lab1_bsp/\libucosii_bsp.a(alt_load.o) (alt_icache_flush_all)
../lab1_bsp/\libucosii_bsp.a(alt_iic.o)
                              ../lab1_bsp/\libucosii_bsp.a(altera_avalon_jtag_uart_init.o) (alt_ic_isr_register)
../lab1_bsp/\libucosii_bsp.a(alt_iic_isr_register.o)
                              ../lab1_bsp/\libucosii_bsp.a(alt_iic.o) (alt_iic_isr_register)
../lab1_bsp/\libucosii_bsp.a(alt_io_redirect.o)
                              ../lab1_bsp/\libucosii_bsp.a(alt_main.o) (alt_io_redirect)
../lab1_bsp/\libucosii_bsp.a(alt_irq_entry.o)
[...]
Memory Configuration

Name             Origin             Length             Attributes
sdram_0          0x00800000         0x00800000
sram_0           0x01080000         0x00080000
reset            0x01104000         0x00000020
onchip_memory2_0 0x01104020         0x00003fe0
*default*        0x00000000         0xffffffff

Linker script and memory map

LOAD ../lab1_bsp//obj/HAL/src/crt0.o
LOAD obj/default/hello_ucosii.o
LOAD c:/altera/12.1sp1/nios2eds/bin/gnu/h-i686-mingw32/bin/../lib/gcc/nios2-elf/4.1.2/../../../../nios2-elf/lib/mno-hw-mul\libstdc++.a
LOAD c:/altera/12.1sp1/nios2eds/bin/gnu/h-i686-mingw32/bin/../lib/gcc/nios2-elf/4.1.2/../../../../nios2-elf/lib/mno-hw-mul\libm.a
LOAD c:/altera/12.1sp1/nios2eds/bin/gnu/h-i686-mingw32/bin/../lib/gcc/nios2-elf/4.1.2/mno-hw-mul\libgcc.a
START GROUP
LOAD c:/altera/12.1sp1/nios2eds/bin/gnu/h-i686-mingw32/bin/../lib/gcc/nios2-elf/4.1.2/../../../../nios2-elf/lib/mno-hw-mul\libc.a
LOAD c:/altera/12.1sp1/nios2eds/bin/gnu/h-i686-mingw32/bin/../lib/gcc/nios2-elf/4.1.2/mno-hw-mul\libgcc.a
LOAD ../lab1_bsp/\libucosii_bsp.a
END GROUP
LOAD c:/altera/12.1sp1/nios2eds/bin/gnu/h-i686-mingw32/bin/../lib/gcc/nios2-elf/4.1.2/mno-hw-mul\libgcc.a
                0x00800000                __alt_mem_sdram_0 = 0x800000
                0x01080000                __alt_mem_sram_0 = 0x1080000
                0x01104000                __alt_mem_onchip_memory2_0 = 0x1104000

.entry          0x01104000       0x20
 *(.entry)
 .entry         0x01104000       0x20 ../lab1_bsp//obj/HAL/src/crt0.o
                0x01104000                __reset

.exceptions     0x01104020      0x19c load address 0x00800000
                0x01104020                PROVIDE (__ram_exceptions_start, ABSOLUTE (.))
                0x01104020                . = ALIGN (0x20)
 *(.irq)
 *(.exceptions.entry.label)
 .exceptions.entry.label
                0x01104020        0x0 ../lab1_bsp/\libucosii_bsp.a(alt_irq_entry.o)
                0x01104020                alt_irq_entry
 .exceptions.entry.label
                0x01104020        0x0 ../lab1_bsp/\libucosii_bsp.a(alt_exception_entry.o)
                0x01104020                alt_exception
 *(.exceptions.entry.user)
 *(.exceptions.entry)
 .exceptions.entry
                0x01104020       0x54 ../lab1_bsp/\libucosii_bsp.a(alt_exception_entry.o)
 *(.exceptions.irqtest.user)
 *(.exceptions.irqtest)
 .exceptions.irqtest
                0x01104074       0x10 ../lab1_bsp/\libucosii_bsp.a(alt_irq_entry.o)
 *(.exceptions.irqhandler.user)
 *(.exceptions.irqhandler)
 .exceptions.irqhandler
                0x01104084        0x4 ../lab1_bsp/\libucosii_bsp.a(alt_irq_entry.o)
 *(.exceptions.irqreturn.user)
 *(.exceptions.irqreturn)
 .exceptions.irqreturn
                0x01104088        0x4 ../lab1_bsp/\libucosii_bsp.a(alt_irq_entry.o)
 *(.exceptions.notirq.label)
 .exceptions.notirq.label
                0x0110408c        0x0 ../lab1_bsp/\libucosii_bsp.a(alt_irq_entry.o)
 *(.exceptions.notirq.user)
 *(.exceptions.notirq)
 .exceptions.notirq
                0x0110408c        0x8 ../lab1_bsp/\libucosii_bsp.a(alt_exception_entry.o)
 *(.exceptions.soft.user)
 *(.exceptions.soft)
 *(.exceptions.unknown.user)
 *(.exceptions.unknown)
 .exceptions.unknown
                0x01104094        0x4 ../lab1_bsp/\libucosii_bsp.a(alt_exception_entry.o)
 *(.exceptions.exit.label)
 .exceptions.exit.label
                0x01104098        0x0 ../lab1_bsp/\libucosii_bsp.a(alt_irq_entry.o)
 .exceptions.exit.label
                0x01104098        0x0 ../lab1_bsp/\libucosii_bsp.a(alt_exception_entry.o)
 *(.exceptions.exit.user)
 *(.exceptions.exit)
 .exceptions.exit
                0x01104098       0x54 ../lab1_bsp/\libucosii_bsp.a(alt_exception_entry.o)
 *(.exceptions)
 .exceptions    0x011040ec       0xd0 ../lab1_bsp/\libucosii_bsp.a(alt_irq_handler.o)
                0x011040ec                alt_irq_handler
                0x011041bc                PROVIDE (__ram_exceptions_end, ABSOLUTE (.))
                0x00800000                PROVIDE (__flash_exceptions_start, LOADADDR (.exceptions))

.text           0x0080019c     0xe388
                0x0080019c                PROVIDE (stext, ABSOLUTE (.))
 *(.interp)
 *(.hash)
 *(.dynsym)
 *(.dynstr)
 *(.gnu.version)
 *(.gnu.version_d)
 *(.gnu.version_r)
 *(.rel.init)
 *(.rela.init)
 *(.rel.text .rel.text.* .rel.gnu.linkonce.t.*)
 *(.rela.text .rela.text.* .rela.gnu.linkonce.t.*)
 *(.rel.fini)
 *(.rela.fini)
 *(.rel.rodata .rel.rodata.* .rel.gnu.linkonce.r.*)
 *(.rela.rodata .rela.rodata.* .rela.gnu.linkonce.r.*)
 *(.rel.data .rel.data.* .rel.gnu.linkonce.d.*)
 *(.rela.data .rela.data.* .rela.gnu.linkonce.d.*)
 *(.rel.tdata .rel.tdata.* .rel.gnu.linkonce.td.*)
 *(.rela.tdata .rela.tdata.* .rela.gnu.linkonce.td.*)
 *(.rel.tbss .rel.tbss.* .rel.gnu.linkonce.tb.*)
 *(.rela.tbss .rela.tbss.* .rela.gnu.linkonce.tb.*)
 *(.rel.ctors)
 *(.rela.ctors)
 *(.rel.dtors)
 *(.rela.dtors)
 *(.rel.got)
 *(.rela.got)
 *(.rel.sdata .rel.sdata.* .rel.gnu.linkonce.s.*)
 *(.rela.sdata .rela.sdata.* .rela.gnu.linkonce.s.*)
 *(.rel.sbss .rel.sbss.* .rel.gnu.linkonce.sb.*)
 *(.rela.sbss .rela.sbss.* .rela.gnu.linkonce.sb.*)
 *(.rel.sdata2 .rel.sdata2.* .rel.gnu.linkonce.s2.*)
 *(.rela.sdata2 .rela.sdata2.* .rela.gnu.linkonce.s2.*)
 *(.rel.sbss2 .rel.sbss2.* .rel.gnu.linkonce.sb2.*)
 *(.rela.sbss2 .rela.sbss2.* .rela.gnu.linkonce.sb2.*)
 *(.rel.bss .rel.bss.* .rel.gnu.linkonce.b.*)
 *(.rela.bss .rela.bss.* .rela.gnu.linkonce.b.*)
 *(.rel.plt)
 *(.rela.plt)
 *(.rel.dyn)
 *(.init)
 *(.plt)
 *(.text .stub .text.* .gnu.linkonce.t.*)
 .text          0x0080019c       0x3c ../lab1_bsp//obj/HAL/src/crt0.o
                0x0080019c                _start
 .text          0x008001d8      0x270 obj/default/hello_ucosii.o
                0x008001d8                task1
                0x00800234                task2
                0x00800290                task3
                0x0080035c                main
 .text          0x00800448       0xec ../lab1_bsp/\libucosii_bsp.a(alt_load.o)
                0x00800448                alt_load
 .text          0x00800534       0xc8 ../lab1_bsp/\libucosii_bsp.a(alt_main.o)
                0x00800534                alt_main
 .text          0x008005fc      0x258 ../lab1_bsp/\libucosii_bsp.a(alt_printf.o)
                0x008005fc                alt_printf
 .text          0x00800854       0x40 ../lab1_bsp/\libucosii_bsp.a(alt_putchar.o)
                0x00800854                alt_putchar
 .text          0x00800894      0x108 ../lab1_bsp/\libucosii_bsp.a(alt_env_lock.o)
                0x00800894                __env_lock
                0x00800940                __env_unlock
 .text          0x0080099c      0x1d8 ../lab1_bsp/\libucosii_bsp.a(alt_malloc_lock.o)
                0x0080099c                __malloc_lock
                0x00800aa4                __malloc_unlock
 .text          0x00800b74     0x2128 ../lab1_bsp/\libucosii_bsp.a(os_core.o)
                0x00800b74                OSEventNameGet
                0x00800ca4                OSEventNameSet
                0x00800de8                OSEventPendMulti
                0x0080149c                OSInit
                0x008014f0                OSIntEnter
                0x0080156c                OSIntExit
                0x0080166c                OSSchedLock
                0x008016f8                OSSchedUnlock
                0x008017dc                OSStart
                0x0080184c                OSStatInit
                0x008018f8                OSTimeTick
                0x00801b38                OSVersion
                0x00801b58                OS_Dummy
                0x00801b74                OS_EventTaskRdy
                0x00801d08                OS_EventTaskWait
                0x00801e18                OS_EventTaskWaitMulti
                0x00801f6c                OS_EventTaskRemove
                0x00802024                OS_EventTaskRemoveMulti
                0x00802128                OS_EventWaitListInit
                0x008024f4                OS_MemClr
                0x00802548                OS_MemCopy
                0x008025b4                OS_Sched
                0x008026f8                OS_StrCopy
                0x00802778                OS_StrLen
                0x008027d0                OS_TaskIdle
                0x0080282c                OS_TaskStat
                0x008028f4                OS_TaskStatStkChk
                0x008029bc                OS_TCBInit
 .text          0x00802c9c      0x18c ../lab1_bsp/\libucosii_bsp.a(os_dbg.o)
                0x00802c9c                OSDebugInit
 .text          0x00802e28     0x193c ../lab1_bsp/\libucosii_bsp.a(os_flag.o)
                0x00802e28                OSFlagAccept
                0x0080315c                OSFlagCreate
                0x00803298                OSFlagDel
                0x00803540                OSFlagNameGet
                0x00803684                OSFlagNameSet
                0x008037d8                OSFlagPend
                0x00803e1c                OSFlagPendGetFlagsRdy
                0x00803e84                OSFlagPost
                0x0080422c                OSFlagQuery
                0x008044c4                OS_FlagInit
                0x008046b8                OS_FlagUnlink
 .text          0x00804764      0x80c ../lab1_bsp/\libucosii_bsp.a(os_mem.o)
                0x00804764                OSMemCreate
                0x00804980                OSMemGet
                0x00804a84                OSMemNameGet
                0x00804b90                OSMemNameSet
                0x00804cb0                OSMemPut
                0x00804da0                OSMemQuery
                0x00804e9c                OS_MemInit
 .text          0x00804f70     0x1334 ../lab1_bsp/\libucosii_bsp.a(os_q.o)
                0x00804f70                OSQAccept
                0x008050c4                OSQCreate
                0x008052d8                OSQDel
                0x008055d8                OSQFlush
                0x008056a0                OSQPend
                0x008059c0                OSQPendAbort
                0x00805b3c                OSQPost
                0x00805cbc                OSQPostFront
                0x00805e44                OSQPostOpt
                0x00806078                OSQQuery
                0x008061f8                OS_QInit
 .text          0x008062a4      0xbc8 ../lab1_bsp/\libucosii_bsp.a(os_sem.o)
                0x008062a4                OSSemAccept
                0x00806364                OSSemCreate
                0x00806478                OSSemDel
                0x00806718                OSSemPend
                0x00806994                OSSemPendAbort
                0x00806b10                OSSemPost
                0x00806c38                OSSemQuery
                0x00806d68                OSSemSet
 .text          0x00806e6c     0x1a40 ../lab1_bsp/\libucosii_bsp.a(os_task.o)
                0x00806e6c                OSTaskChangePrio
                0x008073e0                OSTaskCreate
                0x008075b4                OSTaskCreateExt
                0x008077b4                OSTaskDel
                0x00807bc0                OSTaskDelReq
                0x00807d30                OSTaskNameGet
                0x00807ee8                OSTaskNameSet
                0x008080ac                OSTaskResume
                0x008082c4                OSTaskStkChk
                0x008084c0                OSTaskSuspend
                0x008086ec                OSTaskQuery
                0x00808830                OS_TaskStkClr
 .text          0x008088ac      0x5b4 ../lab1_bsp/\libucosii_bsp.a(os_time.o)
                0x008088ac                OSTimeDly
                0x008089f8                OSTimeDlyHMSM
                0x00808b88                OSTimeDlyResume
                0x00808d98                OSTimeGet
                0x00808dfc                OSTimeSet
 .text          0x00808e60       0xe0 ../lab1_bsp/\libucosii_bsp.a(alt_sys_init.o)
                0x00808e60                alt_irq_init
                0x00808e94                alt_sys_init
 .text          0x00808f40      0x148 ../lab1_bsp/\libucosii_bsp.a(altera_avalon_jtag_uart_fd.o)
                0x00808f40                altera_avalon_jtag_uart_read_fd
                0x00808f98                altera_avalon_jtag_uart_write_fd
                0x00808ff0                altera_avalon_jtag_uart_close_fd
                0x00809038                altera_avalon_jtag_uart_ioctl_fd
 .text          0x00809088      0x584 ../lab1_bsp/\libucosii_bsp.a(altera_avalon_jtag_uart_init.o)
                0x00809088                altera_avalon_jtag_uart_init
                0x00809598                altera_avalon_jtag_uart_close
 .text          0x0080960c       0xf4 ../lab1_bsp/\libucosii_bsp.a(altera_avalon_jtag_uart_ioctl.o)
                0x0080960c                altera_avalon_jtag_uart_ioctl
 .text          0x00809700      0x2c0 ../lab1_bsp/\libucosii_bsp.a(altera_avalon_jtag_uart_read.o)
                0x00809700                altera_avalon_jtag_uart_read
 .text          0x008099c0      0x2dc ../lab1_bsp/\libucosii_bsp.a(altera_avalon_jtag_uart_write.o)
                0x008099c0                altera_avalon_jtag_uart_write
 .text          0x00809c9c      0x100 ../lab1_bsp/\libucosii_bsp.a(altera_avalon_timer_sc.o)
                0x00809d0c                alt_avalon_timer_sc_init
 .text          0x00809d9c      0x530 ../lab1_bsp/\libucosii_bsp.a(altera_up_avalon_character_lcd.o)
                0x00809d9c                get_DDRAM_addr
                0x00809e18                alt_up_character_lcd_send_cmd
                0x00809e4c                alt_up_character_lcd_init
                0x00809e80                alt_up_character_lcd_open_dev
                0x00809ec0                alt_up_character_lcd_write
                0x00809f38                alt_up_character_lcd_string
                0x00809fb0                alt_up_character_lcd_write_fd
                0x00809ffc                alt_up_character_lcd_set_cursor_pos
                0x0080a074                alt_up_character_lcd_shift_cursor
                0x0080a124                alt_up_character_lcd_shift_display
                0x0080a1d4                alt_up_character_lcd_erase_pos
                0x0080a264                alt_up_character_lcd_cursor_off
                0x0080a298                alt_up_character_lcd_cursor_blink_on
 .text          0x0080a2cc      0x154 ../lab1_bsp/\libucosii_bsp.a(alt_alarm_start.o)
                0x0080a2cc                alt_alarm_start
 .text          0x0080a420      0x160 ../lab1_bsp/\libucosii_bsp.a(alt_close.o)
                0x0080a420                close
 .text          0x0080a580       0x1c ../lab1_bsp/\libucosii_bsp.a(alt_dcache_flush_all.o)
                0x0080a580                alt_dcache_flush_all
 .text          0x0080a59c       0x2c ../lab1_bsp/\libucosii_bsp.a(alt_dev.o)
 .text          0x0080a5c8      0x114 ../lab1_bsp/\libucosii_bsp.a(alt_dev_llist_insert.o)
                0x0080a5c8                alt_dev_llist_insert
 .text          0x0080a6dc       0x64 ../lab1_bsp/\libucosii_bsp.a(alt_do_ctors.o)
                0x0080a6dc                _do_ctors
 .text          0x0080a740       0x64 ../lab1_bsp/\libucosii_bsp.a(alt_do_dtors.o)
                0x0080a740                _do_dtors
 .text          0x0080a7a4        0x0 ../lab1_bsp/\libucosii_bsp.a(alt_errno.o)
 .text          0x0080a7a4       0x94 ../lab1_bsp/\libucosii_bsp.a(alt_find_dev.o)
                0x0080a7a4                alt_find_dev
 .text          0x0080a838       0x1c ../lab1_bsp/\libucosii_bsp.a(alt_icache_flush_all.o)
                0x0080a838                alt_icache_flush_all
 .text          0x0080a854      0x1d4 ../lab1_bsp/\libucosii_bsp.a(alt_iic.o)
                0x0080a854                alt_ic_isr_register
                0x0080a8a4                alt_ic_irq_enable
                0x0080a940                alt_ic_irq_disable
                0x0080a9e0                alt_ic_irq_enabled
 .text          0x0080aa28       0xf8 ../lab1_bsp/\libucosii_bsp.a(alt_iic_isr_register.o)
                0x0080aa28                alt_iic_isr_register
 .text          0x0080ab20      0x150 ../lab1_bsp/\libucosii_bsp.a(alt_io_redirect.o)
                0x0080abf8                alt_io_redirect
 .text          0x0080ac70        0x0 ../lab1_bsp/\libucosii_bsp.a(alt_irq_entry.o)
 .text          0x0080ac70        0x0 ../lab1_bsp/\libucosii_bsp.a(alt_irq_handler.o)
 .text          0x0080ac70        0x0 ../lab1_bsp/\libucosii_bsp.a(alt_irq_vars.o)
 .text          0x0080ac70      0x2e4 ../lab1_bsp/\libucosii_bsp.a(alt_open.o)
                0x0080ad68                open
 .text          0x0080af54       0x78 ../lab1_bsp/\libucosii_bsp.a(alt_release_fd.o)
                0x0080af54                alt_release_fd
 .text          0x0080afcc      0x1a8 ../lab1_bsp/\libucosii_bsp.a(alt_tick.o)
                0x0080afcc                alt_alarm_stop
                0x0080b064                alt_tick
 .text          0x0080b174       0x20 ../lab1_bsp/\libucosii_bsp.a(altera_nios2_qsys_irq.o)
                0x0080b174                altera_nios2_qsys_irq_init
 .text          0x0080b194       0xd0 ../lab1_bsp/\libucosii_bsp.a(os_cpu_a.o)
                0x0080b194                OSCtxSw
                0x0080b194                OSIntCtxSw
                0x0080b220                OSStartHighRdy
                0x0080b240                OSStartTsk
 .text          0x0080b264      0x418 ../lab1_bsp/\libucosii_bsp.a(os_cpu_c.o)
                0x0080b264                OSTaskStkInit
                0x0080b574                OSTaskCreateHook
                0x0080b594                OSTaskDelHook
                0x0080b5b4                OSTaskSwHook
                0x0080b5d0                OSTaskStatHook
                0x0080b5ec                OSTimeTickHook
                0x0080b608                OSInitHookBegin
                0x0080b624                OSInitHookEnd
                0x0080b640                OSTaskIdleHook
                0x0080b65c                OSTCBInitHook
 .text          0x0080b67c        0x0 ../lab1_bsp/\libucosii_bsp.a(alt_exception_entry.o)
 .text          0x0080b67c      0x120 ../lab1_bsp/\libucosii_bsp.a(alt_find_file.o)
                0x0080b67c                alt_find_file
 .text          0x0080b79c      0x104 ../lab1_bsp/\libucosii_bsp.a(alt_get_fd.o)
                0x0080b79c                alt_get_fd
 .text          0x0080b8a0       0x14 c:/altera/12.1sp1/nios2eds/bin/gnu/h-i686-mingw32/bin/../lib/gcc/nios2-elf/4.1.2/../../../../nios2-elf/lib/mno-hw-mul\libc.a(lib_a-atexit.o)
                0x0080b8a0                atexit
 .text          0x0080b8b4       0x38 c:/altera/12.1sp1/nios2eds/bin/gnu/h-i686-mingw32/bin/../lib/gcc/nios2-elf/4.1.2/../../../../nios2-elf/lib/mno-hw-mul\libc.a(lib_a-exit.o)
                0x0080b8b4                exit
 .text          0x0080b8ec        0x0 c:/altera/12.1sp1/nios2eds/bin/gnu/h-i686-mingw32/bin/../lib/gcc/nios2-elf/4.1.2/../../../../nios2-elf/lib/mno-hw-mul\libc.a(lib_a-impure.o)
 .text          0x0080b8ec        0x0 c:/altera/12.1sp1/nios2eds/bin/gnu/h-i686-mingw32/bin/../lib/gcc/nios2-elf/4.1.2/../../../../nios2-elf/lib/mno-hw-mul\libc.a(lib_a-int_errno.o)
 .text          0x0080b8ec       0x74 c:/altera/12.1sp1/nios2eds/bin/gnu/h-i686-mingw32/bin/../lib/gcc/nios2-elf/4.1.2/../../../../nios2-elf/lib/mno-hw-mul\libc.a(lib_a-memcmp.o)
                0x0080b8ec                memcmp
 .text          0x0080b960       0xa0 c:/altera/12.1sp1/nios2eds/bin/gnu/h-i686-mingw32/bin/../lib/gcc/nios2-elf/4.1.2/../../../../nios2-elf/lib/mno-hw-mul\libc.a(lib_a-memcpy.o)
                0x0080b960                memcpy
 .text          0x0080ba00       0x98 c:/altera/12.1sp1/nios2eds/bin/gnu/h-i686-mingw32/bin/../lib/gcc/nios2-elf/4.1.2/../../../../nios2-elf/lib/mno-hw-mul\libc.a(lib_a-memset.o)
                0x0080ba00                memset
 .text          0x0080ba98      0x1ec c:/altera/12.1sp1/nios2eds/bin/gnu/h-i686-mingw32/bin/../lib/gcc/nios2-elf/4.1.2/../../../../nios2-elf/lib/mno-hw-mul\libc.a(lib_a-putc.o)
                0x0080ba98                putc
                0x0080bb9c                _putc_r
 .text          0x0080bc84       0x74 c:/altera/12.1sp1/nios2eds/bin/gnu/h-i686-mingw32/bin/../lib/gcc/nios2-elf/4.1.2/../../../../nios2-elf/lib/mno-hw-mul\libc.a(lib_a-strlen.o)
                0x0080bc84                strlen
 .text          0x0080bcf8      0x14c c:/altera/12.1sp1/nios2eds/bin/gnu/h-i686-mingw32/bin/../lib/gcc/nios2-elf/4.1.2/../../../../nios2-elf/lib/mno-hw-mul\libc.a(lib_a-wbuf.o)
                0x0080bcf8                __swbuf_r
                0x0080be28                __swbuf
 .text          0x0080be44      0x13c c:/altera/12.1sp1/nios2eds/bin/gnu/h-i686-mingw32/bin/../lib/gcc/nios2-elf/4.1.2/../../../../nios2-elf/lib/mno-hw-mul\libc.a(lib_a-wsetup.o)
                0x0080be44                __swsetup_r
 .text          0x0080bf80      0x134 c:/altera/12.1sp1/nios2eds/bin/gnu/h-i686-mingw32/bin/../lib/gcc/nios2-elf/4.1.2/../../../../nios2-elf/lib/mno-hw-mul\libc.a(lib_a-__atexit.o)
                0x0080bf80                __register_exitproc
 .text          0x0080c0b4      0x1b4 c:/altera/12.1sp1/nios2eds/bin/gnu/h-i686-mingw32/bin/../lib/gcc/nios2-elf/4.1.2/../../../../nios2-elf/lib/mno-hw-mul\libc.a(lib_a-__call_atexit.o)
                0x0080c0b8                __call_exitprocs
 .text          0x0080c268      0x230 c:/altera/12.1sp1/nios2eds/bin/gnu/h-i686-mingw32/bin/../lib/gcc/nios2-elf/4.1.2/../../../../nios2-elf/lib/mno-hw-mul\libc.a(lib_a-fflush.o)
                0x0080c268                _fflush_r
                0x0080c464                fflush
 .text          0x0080c498      0x2f4 c:/altera/12.1sp1/nios2eds/bin/gnu/h-i686-mingw32/bin/../lib/gcc/nios2-elf/4.1.2/../../../../nios2-elf/lib/mno-hw-mul\libc.a(lib_a-findfp.o)
                0x0080c4f0                __sfp_lock_acquire
                0x0080c4f4                __sfp_lock_release
                0x0080c4f8                __sinit_lock_acquire
                0x0080c4fc                __sinit_lock_release
                0x0080c500                __sinit
                0x0080c5b4                __fp_unlock_all
                0x0080c5cc                __fp_lock_all
                0x0080c5e4                _cleanup_r
                0x0080c5f0                _cleanup
                0x0080c600                __sfmoreglue
                0x0080c69c                __sfp
 .text          0x0080c78c      0x440 c:/altera/12.1sp1/nios2eds/bin/gnu/h-i686-mingw32/bin/../lib/gcc/nios2-elf/4.1.2/../../../../nios2-elf/lib/mno-hw-mul\libc.a(lib_a-freer.o)
                0x0080c78c                _malloc_trim_r
                0x0080c8b8                _free_r
 .text          0x0080cbcc      0x180 c:/altera/12.1sp1/nios2eds/bin/gnu/h-i686-mingw32/bin/../lib/gcc/nios2-elf/4.1.2/../../../../nios2-elf/lib/mno-hw-mul\libc.a(lib_a-fwalk.o)
                0x0080cbcc                _fwalk_reent
                0x0080cc94                _fwalk
 .text          0x0080cd4c      0x194 c:/altera/12.1sp1/nios2eds/bin/gnu/h-i686-mingw32/bin/../lib/gcc/nios2-elf/4.1.2/../../../../nios2-elf/lib/mno-hw-mul\libc.a(lib_a-makebuf.o)
                0x0080cd4c                __smakebuf_r
 .text          0x0080cee0      0x740 c:/altera/12.1sp1/nios2eds/bin/gnu/h-i686-mingw32/bin/../lib/gcc/nios2-elf/4.1.2/../../../../nios2-elf/lib/mno-hw-mul\libc.a(lib_a-mallocr.o)
                0x0080cee0                _malloc_r
 .text          0x0080d620       0x70 c:/altera/12.1sp1/nios2eds/bin/gnu/h-i686-mingw32/bin/../lib/gcc/nios2-elf/4.1.2/../../../../nios2-elf/lib/mno-hw-mul\libc.a(lib_a-sbrkr.o)
                0x0080d620                _sbrk_r
 .text          0x0080d690      0x14c c:/altera/12.1sp1/nios2eds/bin/gnu/h-i686-mingw32/bin/../lib/gcc/nios2-elf/4.1.2/../../../../nios2-elf/lib/mno-hw-mul\libc.a(lib_a-stdio.o)
                0x0080d690                __sclose
                0x0080d698                __sseek
                0x0080d700                __swrite
                0x0080d77c                __sread
 .text          0x0080d7dc       0x78 c:/altera/12.1sp1/nios2eds/bin/gnu/h-i686-mingw32/bin/../lib/gcc/nios2-elf/4.1.2/../../../../nios2-elf/lib/mno-hw-mul\libc.a(lib_a-writer.o)
                0x0080d7dc                _write_r
 .text          0x0080d854       0x70 c:/altera/12.1sp1/nios2eds/bin/gnu/h-i686-mingw32/bin/../lib/gcc/nios2-elf/4.1.2/../../../../nios2-elf/lib/mno-hw-mul\libc.a(lib_a-closer.o)
                0x0080d854                _close_r
 .text          0x0080d8c4      0x124 c:/altera/12.1sp1/nios2eds/bin/gnu/h-i686-mingw32/bin/../lib/gcc/nios2-elf/4.1.2/../../../../nios2-elf/lib/mno-hw-mul\libc.a(lib_a-fclose.o)
                0x0080d8c4                _fclose_r
                0x0080d9d4                fclose
 .text          0x0080d9e8       0x74 c:/altera/12.1sp1/nios2eds/bin/gnu/h-i686-mingw32/bin/../lib/gcc/nios2-elf/4.1.2/../../../../nios2-elf/lib/mno-hw-mul\libc.a(lib_a-fstatr.o)
                0x0080d9e8                _fstat_r
 .text          0x0080da5c       0x70 c:/altera/12.1sp1/nios2eds/bin/gnu/h-i686-mingw32/bin/../lib/gcc/nios2-elf/4.1.2/../../../../nios2-elf/lib/mno-hw-mul\libc.a(lib_a-isattyr.o)
                0x0080da5c                _isatty_r
 .text          0x0080dacc       0x78 c:/altera/12.1sp1/nios2eds/bin/gnu/h-i686-mingw32/bin/../lib/gcc/nios2-elf/4.1.2/../../../../nios2-elf/lib/mno-hw-mul\libc.a(lib_a-lseekr.o)
                0x0080dacc                _lseek_r
 .text          0x0080db44       0x78 c:/altera/12.1sp1/nios2eds/bin/gnu/h-i686-mingw32/bin/../lib/gcc/nios2-elf/4.1.2/../../../../nios2-elf/lib/mno-hw-mul\libc.a(lib_a-readr.o)
                0x0080db44                _read_r
 .text          0x0080dbbc      0x14c c:/altera/12.1sp1/nios2eds/bin/gnu/h-i686-mingw32/bin/../lib/gcc/nios2-elf/4.1.2/mno-hw-mul\libgcc.a(lib2-divmod.o)
                0x0080dc38                __divsi3
                0x0080dc98                __modsi3
                0x0080dcf8                __udivsi3
                0x0080dd00                __umodsi3
 .text          0x0080dd08       0x38 c:/altera/12.1sp1/nios2eds/bin/gnu/h-i686-mingw32/bin/../lib/gcc/nios2-elf/4.1.2/mno-hw-mul\libgcc.a(lib2-mul.o)
                0x0080dd08                __mulsi3
 .text          0x0080dd40       0x6c ../lab1_bsp/\libucosii_bsp.a(alt_exit.o)
                0x0080dd80                _exit
 .text          0x0080ddac      0x138 ../lab1_bsp/\libucosii_bsp.a(alt_fstat.o)
                0x0080ddac                fstat
 .text          0x0080dee4      0x124 ../lab1_bsp/\libucosii_bsp.a(alt_isatty.o)
                0x0080dee4                isatty
 .text          0x0080e008      0x154 ../lab1_bsp/\libucosii_bsp.a(alt_lseek.o)
                0x0080e008                lseek
 .text          0x0080e15c      0x184 ../lab1_bsp/\libucosii_bsp.a(alt_read.o)
                0x0080e15c                read
 .text          0x0080e2e0       0xbc ../lab1_bsp/\libucosii_bsp.a(alt_sbrk.o)
                0x0080e2e0                sbrk
 .text          0x0080e39c      0x184 ../lab1_bsp/\libucosii_bsp.a(alt_write.o)
                0x0080e39c                write
 *(.gnu.warning.*)
 *(.fini)
                0x0080e520                PROVIDE (__etext, ABSOLUTE (.))
                0x0080e520                PROVIDE (_etext, ABSOLUTE (.))
                0x0080e520                PROVIDE (etext, ABSOLUTE (.))
 *(.eh_frame_hdr)
                0x0080e520                . = ALIGN (0x4)
                0x0080e520                PROVIDE (__preinit_array_start, ABSOLUTE (.))
 *(.preinit_array)
                0x0080e520                PROVIDE (__preinit_array_end, ABSOLUTE (.))
                0x0080e520                PROVIDE (__init_array_start, ABSOLUTE (.))
 *(.init_array)
                0x0080e520                PROVIDE (__init_array_end, ABSOLUTE (.))
                0x0080e520                PROVIDE (__fini_array_start, ABSOLUTE (.))
 *(.fini_array)
                0x0080e520                PROVIDE (__fini_array_end, ABSOLUTE (.))
 *(.eh_frame)
 *(.gcc_except_table)
 *(.dynamic)
                0x0080e520                PROVIDE (__CTOR_LIST__, ABSOLUTE (.))
 *(.ctors)
 *(SORT(.ctors.*))
 .ctors.65535   0x0080e520        0x4 c:/altera/12.1sp1/nios2eds/bin/gnu/h-i686-mingw32/bin/../lib/gcc/nios2-elf/4.1.2/../../../../nios2-elf/lib/mno-hw-mul\libc.a(lib_a-__call_atexit.o)
                0x0080e524                PROVIDE (__CTOR_END__, ABSOLUTE (.))
                0x0080e524                PROVIDE (__DTOR_LIST__, ABSOLUTE (.))
 *(.dtors)
 *(SORT(.dtors.*))
                0x0080e524                PROVIDE (__DTOR_END__, ABSOLUTE (.))
 *(.jcr)
                0x0080e524                . = ALIGN (0x4)

.rodata         0x0080e524      0x1dc
                0x0080e524                PROVIDE (__ram_rodata_start, ABSOLUTE (.))
                0x0080e524                . = ALIGN (0x4)
 *(.rodata .rodata.* .gnu.linkonce.r.*)
 .rodata        0x0080e524       0x68 obj/default/hello_ucosii.o
 .rodata        0x0080e58c       0x14 ../lab1_bsp/\libucosii_bsp.a(alt_main.o)
 .rodata        0x0080e5a0      0x120 ../lab1_bsp/\libucosii_bsp.a(os_core.o)
                0x0080e5a0                OSUnMapTbl
 .rodata        0x0080e6c0       0x2c ../lab1_bsp/\libucosii_bsp.a(alt_sys_init.o)
 .rodata        0x0080e6ec        0xc ../lab1_bsp/\libucosii_bsp.a(alt_dev.o)
 .rodata        0x0080e6f8        0x4 ../lab1_bsp/\libucosii_bsp.a(os_cpu_c.o)
 .rodata.str1.4
                0x0080e6fc        0x4 c:/altera/12.1sp1/nios2eds/bin/gnu/h-i686-mingw32/bin/../lib/gcc/nios2-elf/4.1.2/../../../../nios2-elf/lib/mno-hw-mul\libc.a(lib_a-impure.o)
 *(.rodata1)
                0x0080e700                . = ALIGN (0x4)
                0x0080e700                PROVIDE (__ram_rodata_end, ABSOLUTE (.))
                0x0080e524                PROVIDE (__flash_rodata_start, LOADADDR (.rodata))

.rwdata         0x0080e700     0x1afc load address 0x008101fc
                0x0080e700                PROVIDE (__ram_rwdata_start, ABSOLUTE (.))
                0x0080e700                . = ALIGN (0x4)
 *(.got.plt)
 *(.got)
 *(.data1)
 *(.data .data.* .gnu.linkonce.d.*)
 .data          0x0080e700        0x0 ../lab1_bsp//obj/HAL/src/crt0.o
 .data          0x0080e700        0x0 obj/default/hello_ucosii.o
 .data          0x0080e700        0x0 ../lab1_bsp/\libucosii_bsp.a(alt_load.o)
 .data          0x0080e700        0x0 ../lab1_bsp/\libucosii_bsp.a(alt_main.o)
 .data          0x0080e700        0x0 ../lab1_bsp/\libucosii_bsp.a(alt_printf.o)
 .data          0x0080e700        0x0 ../lab1_bsp/\libucosii_bsp.a(alt_putchar.o)
 .data          0x0080e700        0x0 ../lab1_bsp/\libucosii_bsp.a(alt_env_lock.o)
 .data          0x0080e700        0x0 ../lab1_bsp/\libucosii_bsp.a(alt_malloc_lock.o)
 .data          0x0080e700        0x0 ../lab1_bsp/\libucosii_bsp.a(os_core.o)
 .data          0x0080e700        0x0 ../lab1_bsp/\libucosii_bsp.a(os_dbg.o)
 .data          0x0080e700        0x0 ../lab1_bsp/\libucosii_bsp.a(os_flag.o)
 .data          0x0080e700        0x0 ../lab1_bsp/\libucosii_bsp.a(os_mem.o)
 .data          0x0080e700        0x0 ../lab1_bsp/\libucosii_bsp.a(os_q.o)
 .data          0x0080e700        0x0 ../lab1_bsp/\libucosii_bsp.a(os_sem.o)
 .data          0x0080e700        0x0 ../lab1_bsp/\libucosii_bsp.a(os_task.o)
 .data          0x0080e700        0x0 ../lab1_bsp/\libucosii_bsp.a(os_time.o)
 .data          0x0080e700     0x1098 ../lab1_bsp/\libucosii_bsp.a(alt_sys_init.o)
 .data          0x0080f798        0x0 ../lab1_bsp/\libucosii_bsp.a(altera_avalon_jtag_uart_fd.o)
 .data          0x0080f798        0x0 ../lab1_bsp/\libucosii_bsp.a(altera_avalon_jtag_uart_init.o)
 .data          0x0080f798        0x0 ../lab1_bsp/\libucosii_bsp.a(altera_avalon_jtag_uart_ioctl.o)
 .data          0x0080f798        0x0 ../lab1_bsp/\libucosii_bsp.a(altera_avalon_jtag_uart_read.o)
 .data          0x0080f798        0x0 ../lab1_bsp/\libucosii_bsp.a(altera_avalon_jtag_uart_write.o)
 .data          0x0080f798        0x0 ../lab1_bsp/\libucosii_bsp.a(altera_avalon_timer_sc.o)
 .data          0x0080f798        0x0 ../lab1_bsp/\libucosii_bsp.a(altera_up_avalon_character_lcd.o)
 .data          0x0080f798        0x0 ../lab1_bsp/\libucosii_bsp.a(alt_alarm_start.o)
 .data          0x0080f798        0x0 ../lab1_bsp/\libucosii_bsp.a(alt_close.o)
 .data          0x0080f798        0x0 ../lab1_bsp/\libucosii_bsp.a(alt_dcache_flush_all.o)
 .data          0x0080f798      0x1a8 ../lab1_bsp/\libucosii_bsp.a(alt_dev.o)
                0x0080f798                alt_dev_null
                0x0080f7c0                alt_fd_list
 .data          0x0080f940        0x0 ../lab1_bsp/\libucosii_bsp.a(alt_dev_llist_insert.o)
 .data          0x0080f940        0x0 ../lab1_bsp/\libucosii_bsp.a(alt_do_ctors.o)
 .data          0x0080f940        0x0 ../lab1_bsp/\libucosii_bsp.a(alt_do_dtors.o)
 .data          0x0080f940        0x0 ../lab1_bsp/\libucosii_bsp.a(alt_errno.o)
 .data          0x0080f940        0x0 ../lab1_bsp/\libucosii_bsp.a(alt_find_dev.o)
 .data          0x0080f940        0x0 ../lab1_bsp/\libucosii_bsp.a(alt_icache_flush_all.o)
 .data          0x0080f940        0x0 ../lab1_bsp/\libucosii_bsp.a(alt_iic.o)
 .data          0x0080f940        0x0 ../lab1_bsp/\libucosii_bsp.a(alt_iic_isr_register.o)
 .data          0x0080f940        0x0 ../lab1_bsp/\libucosii_bsp.a(alt_io_redirect.o)
 .data          0x0080f940        0x0 ../lab1_bsp/\libucosii_bsp.a(alt_irq_entry.o)
 .data          0x0080f940        0x0 ../lab1_bsp/\libucosii_bsp.a(alt_irq_handler.o)
 .data          0x0080f940        0x0 ../lab1_bsp/\libucosii_bsp.a(alt_irq_vars.o)
 .data          0x0080f940        0x0 ../lab1_bsp/\libucosii_bsp.a(alt_open.o)
 .data          0x0080f940        0x0 ../lab1_bsp/\libucosii_bsp.a(alt_release_fd.o)
 .data          0x0080f940        0x0 ../lab1_bsp/\libucosii_bsp.a(alt_tick.o)
 .data          0x0080f940        0x0 ../lab1_bsp/\libucosii_bsp.a(altera_nios2_qsys_irq.o)
 .data          0x0080f940        0x0 ../lab1_bsp/\libucosii_bsp.a(os_cpu_a.o)
 .data          0x0080f940        0x0 ../lab1_bsp/\libucosii_bsp.a(os_cpu_c.o)
 .data          0x0080f940        0x0 ../lab1_bsp/\libucosii_bsp.a(alt_exception_entry.o)
 .data          0x0080f940        0x0 ../lab1_bsp/\libucosii_bsp.a(alt_find_file.o)
 .data          0x0080f940        0x0 ../lab1_bsp/\libucosii_bsp.a(alt_get_fd.o)
 .data          0x0080f940        0x0 c:/altera/12.1sp1/nios2eds/bin/gnu/h-i686-mingw32/bin/../lib/gcc/nios2-elf/4.1.2/../../../../nios2-elf/lib/mno-hw-mul\libc.a(lib_a-atexit.o)
 .data          0x0080f940        0x0 c:/altera/12.1sp1/nios2eds/bin/gnu/h-i686-mingw32/bin/../lib/gcc/nios2-elf/4.1.2/../../../../nios2-elf/lib/mno-hw-mul\libc.a(lib_a-exit.o)
 .data          0x0080f940      0x400 c:/altera/12.1sp1/nios2eds/bin/gnu/h-i686-mingw32/bin/../lib/gcc/nios2-elf/4.1.2/../../../../nios2-elf/lib/mno-hw-mul\libc.a(lib_a-impure.o)
 .data          0x0080fd40        0x0 c:/altera/12.1sp1/nios2eds/bin/gnu/h-i686-mingw32/bin/../lib/gcc/nios2-elf/4.1.2/../../../../nios2-elf/lib/mno-hw-mul\libc.a(lib_a-int_errno.o)
 .data          0x0080fd40        0x0 c:/altera/12.1sp1/nios2eds/bin/gnu/h-i686-mingw32/bin/../lib/gcc/nios2-elf/4.1.2/../../../../nios2-elf/lib/mno-hw-mul\libc.a(lib_a-memcmp.o)
 .data          0x0080fd40        0x0 c:/altera/12.1sp1/nios2eds/bin/gnu/h-i686-mingw32/bin/../lib/gcc/nios2-elf/4.1.2/../../../../nios2-elf/lib/mno-hw-mul\libc.a(lib_a-memcpy.o)
 .data          0x0080fd40        0x0 c:/altera/12.1sp1/nios2eds/bin/gnu/h-i686-mingw32/bin/../lib/gcc/nios2-elf/4.1.2/../../../../nios2-elf/lib/mno-hw-mul\libc.a(lib_a-memset.o)
 .data          0x0080fd40        0x0 c:/altera/12.1sp1/nios2eds/bin/gnu/h-i686-mingw32/bin/../lib/gcc/nios2-elf/4.1.2/../../../../nios2-elf/lib/mno-hw-mul\libc.a(lib_a-putc.o)
 .data          0x0080fd40        0x0 c:/altera/12.1sp1/nios2eds/bin/gnu/h-i686-mingw32/bin/../lib/gcc/nios2-elf/4.1.2/../../../../nios2-elf/lib/mno-hw-mul\libc.a(lib_a-strlen.o)
 .data          0x0080fd40        0x0 c:/altera/12.1sp1/nios2eds/bin/gnu/h-i686-mingw32/bin/../lib/gcc/nios2-elf/4.1.2/../../../../nios2-elf/lib/mno-hw-mul\libc.a(lib_a-wbuf.o)
 .data          0x0080fd40        0x0 c:/altera/12.1sp1/nios2eds/bin/gnu/h-i686-mingw32/bin/../lib/gcc/nios2-elf/4.1.2/../../../../nios2-elf/lib/mno-hw-mul\libc.a(lib_a-wsetup.o)
 .data          0x0080fd40        0x0 c:/altera/12.1sp1/nios2eds/bin/gnu/h-i686-mingw32/bin/../lib/gcc/nios2-elf/4.1.2/../../../../nios2-elf/lib/mno-hw-mul\libc.a(lib_a-__atexit.o)
 .data          0x0080fd40        0x0 c:/altera/12.1sp1/nios2eds/bin/gnu/h-i686-mingw32/bin/../lib/gcc/nios2-elf/4.1.2/../../../../nios2-elf/lib/mno-hw-mul\libc.a(lib_a-__call_atexit.o)
 .data          0x0080fd40        0x0 c:/altera/12.1sp1/nios2eds/bin/gnu/h-i686-mingw32/bin/../lib/gcc/nios2-elf/4.1.2/../../../../nios2-elf/lib/mno-hw-mul\libc.a(lib_a-fflush.o)
 .data          0x0080fd40        0x0 c:/altera/12.1sp1/nios2eds/bin/gnu/h-i686-mingw32/bin/../lib/gcc/nios2-elf/4.1.2/../../../../nios2-elf/lib/mno-hw-mul\libc.a(lib_a-findfp.o)
 .data          0x0080fd40        0x0 c:/altera/12.1sp1/nios2eds/bin/gnu/h-i686-mingw32/bin/../lib/gcc/nios2-elf/4.1.2/../../../../nios2-elf/lib/mno-hw-mul\libc.a(lib_a-freer.o)
 .data          0x0080fd40        0x0 c:/altera/12.1sp1/nios2eds/bin/gnu/h-i686-mingw32/bin/../lib/gcc/nios2-elf/4.1.2/../../../../nios2-elf/lib/mno-hw-mul\libc.a(lib_a-fwalk.o)
 .data          0x0080fd40        0x0 c:/altera/12.1sp1/nios2eds/bin/gnu/h-i686-mingw32/bin/../lib/gcc/nios2-elf/4.1.2/../../../../nios2-elf/lib/mno-hw-mul\libc.a(lib_a-makebuf.o)
 .data          0x0080fd40      0x408 c:/altera/12.1sp1/nios2eds/bin/gnu/h-i686-mingw32/bin/../lib/gcc/nios2-elf/4.1.2/../../../../nios2-elf/lib/mno-hw-mul\libc.a(lib_a-mallocr.o)
                0x0080fd40                __malloc_av_
 .data          0x00810148        0x0 c:/altera/12.1sp1/nios2eds/bin/gnu/h-i686-mingw32/bin/../lib/gcc/nios2-elf/4.1.2/../../../../nios2-elf/lib/mno-hw-mul\libc.a(lib_a-sbrkr.o)
 .data          0x00810148        0x0 c:/altera/12.1sp1/nios2eds/bin/gnu/h-i686-mingw32/bin/../lib/gcc/nios2-elf/4.1.2/../../../../nios2-elf/lib/mno-hw-mul\libc.a(lib_a-stdio.o)
 .data          0x00810148        0x0 c:/altera/12.1sp1/nios2eds/bin/gnu/h-i686-mingw32/bin/../lib/gcc/nios2-elf/4.1.2/../../../../nios2-elf/lib/mno-hw-mul\libc.a(lib_a-writer.o)
 .data          0x00810148        0x0 c:/altera/12.1sp1/nios2eds/bin/gnu/h-i686-mingw32/bin/../lib/gcc/nios2-elf/4.1.2/../../../../nios2-elf/lib/mno-hw-mul\libc.a(lib_a-closer.o)
 .data          0x00810148        0x0 c:/altera/12.1sp1/nios2eds/bin/gnu/h-i686-mingw32/bin/../lib/gcc/nios2-elf/4.1.2/../../../../nios2-elf/lib/mno-hw-mul\libc.a(lib_a-fclose.o)
 .data          0x00810148        0x0 c:/altera/12.1sp1/nios2eds/bin/gnu/h-i686-mingw32/bin/../lib/gcc/nios2-elf/4.1.2/../../../../nios2-elf/lib/mno-hw-mul\libc.a(lib_a-fstatr.o)
 .data          0x00810148        0x0 c:/altera/12.1sp1/nios2eds/bin/gnu/h-i686-mingw32/bin/../lib/gcc/nios2-elf/4.1.2/../../../../nios2-elf/lib/mno-hw-mul\libc.a(lib_a-isattyr.o)
 .data          0x00810148        0x0 c:/altera/12.1sp1/nios2eds/bin/gnu/h-i686-mingw32/bin/../lib/gcc/nios2-elf/4.1.2/../../../../nios2-elf/lib/mno-hw-mul\libc.a(lib_a-lseekr.o)
 .data          0x00810148        0x0 c:/altera/12.1sp1/nios2eds/bin/gnu/h-i686-mingw32/bin/../lib/gcc/nios2-elf/4.1.2/../../../../nios2-elf/lib/mno-hw-mul\libc.a(lib_a-readr.o)
 .data          0x00810148        0x0 c:/altera/12.1sp1/nios2eds/bin/gnu/h-i686-mingw32/bin/../lib/gcc/nios2-elf/4.1.2/mno-hw-mul\libgcc.a(lib2-divmod.o)
 .data          0x00810148        0x0 c:/altera/12.1sp1/nios2eds/bin/gnu/h-i686-mingw32/bin/../lib/gcc/nios2-elf/4.1.2/mno-hw-mul\libgcc.a(lib2-mul.o)
 .data          0x00810148        0x0 ../lab1_bsp/\libucosii_bsp.a(alt_exit.o)
 .data          0x00810148        0x0 ../lab1_bsp/\libucosii_bsp.a(alt_fstat.o)
 .data          0x00810148        0x0 ../lab1_bsp/\libucosii_bsp.a(alt_isatty.o)
 .data          0x00810148        0x0 ../lab1_bsp/\libucosii_bsp.a(alt_lseek.o)
 .data          0x00810148        0x0 ../lab1_bsp/\libucosii_bsp.a(alt_read.o)
 .data          0x00810148        0x0 ../lab1_bsp/\libucosii_bsp.a(alt_sbrk.o)
 .data          0x00810148        0x0 ../lab1_bsp/\libucosii_bsp.a(alt_write.o)
                0x00818148                _gp = ABSOLUTE ((. + 0x8000))
                0x00818148                PROVIDE (gp, _gp)
 *(.rwdata .rwdata.*)
 *(.sdata .sdata.* .gnu.linkonce.s.*)
 .sdata         0x00810148        0x4 ../lab1_bsp/\libucosii_bsp.a(alt_env_lock.o)
 .sdata         0x0081014c        0x4 ../lab1_bsp/\libucosii_bsp.a(alt_malloc_lock.o)
 .sdata         0x00810150       0x74 ../lab1_bsp/\libucosii_bsp.a(os_dbg.o)
                0x00810150                OSDebugEn
                0x00810154                OSEndiannessTest
                0x00810158                OSEventEn
                0x0081015a                OSEventMax
                0x0081015c                OSEventNameSize
                0x0081015e                OSEventSize
                0x00810160                OSEventTblSize
                0x00810162                OSEventMultiEn
                0x00810164                OSFlagEn
                0x00810166                OSFlagGrpSize
                0x00810168                OSFlagNodeSize
                0x0081016a                OSFlagWidth
                0x0081016c                OSFlagMax
                0x0081016e                OSFlagNameSize
                0x00810170                OSLowestPrio
                0x00810172                OSMboxEn
                0x00810174                OSMemEn
                0x00810176                OSMemMax
                0x00810178                OSMemNameSize
                0x0081017a                OSMemSize
                0x0081017c                OSMemTblSize
                0x0081017e                OSMutexEn
                0x00810180                OSPtrSize
                0x00810182                OSQEn
                0x00810184                OSQMax
                0x00810186                OSQSize
                0x00810188                OSRdyTblSize
                0x0081018a                OSSemEn
                0x0081018c                OSStkWidth
                0x0081018e                OSTaskCreateEn
                0x00810190                OSTaskCreateExtEn
                0x00810192                OSTaskDelEn
                0x00810194                OSTaskIdleStkSize
                0x00810196                OSTaskProfileEn
                0x00810198                OSTaskMax
                0x0081019a                OSTaskNameSize
                0x0081019c                OSTaskStatEn
                0x0081019e                OSTaskStatStkSize
                0x008101a0                OSTaskStatStkChkEn
                0x008101a2                OSTaskSwHookEn
                0x008101a4                OSTCBPrioTblMax
                0x008101a6                OSTCBSize
                0x008101a8                OSTicksPerSec
                0x008101aa                OSTimeTickHookEn
                0x008101ac                OSVersionNbr
                0x008101ae                OSTmrEn
                0x008101b0                OSTmrCfgMax
                0x008101b2                OSTmrCfgNameSize
                0x008101b4                OSTmrCfgWheelSize
                0x008101b6                OSTmrCfgTicksPerSec
                0x008101b8                OSTmrSize
                0x008101ba                OSTmrTblSize
                0x008101bc                OSTmrWheelSize
                0x008101be                OSTmrWheelTblSize
                0x008101c0                OSDataSize
 .sdata         0x008101c4       0x14 ../lab1_bsp/\libucosii_bsp.a(alt_dev.o)
                0x008101c4                alt_fs_list
                0x008101cc                alt_dev_list
                0x008101d4                alt_max_fd
 .sdata         0x008101d8        0x4 ../lab1_bsp/\libucosii_bsp.a(alt_errno.o)
                0x008101d8                alt_errno
 .sdata         0x008101dc        0x4 ../lab1_bsp/\libucosii_bsp.a(alt_irq_vars.o)
                0x008101dc                alt_priority_mask
 .sdata         0x008101e0        0x8 ../lab1_bsp/\libucosii_bsp.a(alt_tick.o)
                0x008101e0                alt_alarm_list
 .sdata         0x008101e8        0x8 c:/altera/12.1sp1/nios2eds/bin/gnu/h-i686-mingw32/bin/../lib/gcc/nios2-elf/4.1.2/../../../../nios2-elf/lib/mno-hw-mul\libc.a(lib_a-impure.o)
                0x008101e8                _impure_ptr
                0x008101ec                _global_impure_ptr
 .sdata         0x008101f0        0x8 c:/altera/12.1sp1/nios2eds/bin/gnu/h-i686-mingw32/bin/../lib/gcc/nios2-elf/4.1.2/../../../../nios2-elf/lib/mno-hw-mul\libc.a(lib_a-mallocr.o)
                0x008101f0                __malloc_trim_threshold
                0x008101f4                __malloc_sbrk_base
 .sdata         0x008101f8        0x4 ../lab1_bsp/\libucosii_bsp.a(alt_sbrk.o)
 *(.sdata2 .sdata2.* .gnu.linkonce.s2.*)
                0x008101fc                . = ALIGN (0x4)
                0x008101fc                _edata = ABSOLUTE (.)
                0x008101fc                PROVIDE (edata, ABSOLUTE (.))
                0x008101fc                PROVIDE (__ram_rwdata_end, ABSOLUTE (.))
                0x008101fc                PROVIDE (__flash_rwdata_start, LOADADDR (.rwdata))

.bss            0x00811cf8     0x9570
                0x00811cf8                __bss_start = ABSOLUTE (.)
                0x00811cf8                PROVIDE (__sbss_start, ABSOLUTE (.))
                0x00811cf8                PROVIDE (___sbss_start, ABSOLUTE (.))
 *(.dynsbss)
 *(.sbss .sbss.* .gnu.linkonce.sb.*)
 .sbss          0x00811cf8        0x8 obj/default/hello_ucosii.o
                0x00811cf8                sharedSwitchKey
                0x00811cfc                sharedSwitch
 .sbss          0x00811d00        0xc ../lab1_bsp/\libucosii_bsp.a(alt_main.o)
                0x00811d00                alt_argc
                0x00811d04                alt_argv
                0x00811d08                alt_envp
 .sbss          0x00811d0c        0x8 ../lab1_bsp/\libucosii_bsp.a(alt_env_lock.o)
                0x00811d10                alt_envsem
 .sbss          0x00811d14        0x8 ../lab1_bsp/\libucosii_bsp.a(alt_malloc_lock.o)
                0x00811d18                alt_heapsem
 .sbss          0x00811d1c       0x50 ../lab1_bsp/\libucosii_bsp.a(os_core.o)
                0x00811d1c                OSLockNesting
                0x00811d1d                OSRunning
                0x00811d20                OSIdleCtr
                0x00811d24                OSPrioHighRdy
                0x00811d25                OSPrioCur
                0x00811d28                OSTCBList
                0x00811d2c                OSTickStepState
                0x00811d30                OSCtxSwCtr
                0x00811d34                OSIdleCtrMax
                0x00811d38                OSTCBFreeList
                0x00811d3c                OSCPUUsage
                0x00811d3d                OSTaskCtr
                0x00811d40                OSMemFreeList
                0x00811d44                OSTCBHighRdy
                0x00811d48                OSQFreeList
                0x00811d4c                OSRdyGrp
                0x00811d4d                OSRdyTbl
                0x00811d50                OSEventFreeList
                0x00811d54                OSIntNesting
                0x00811d58                OSTCBCur
                0x00811d5c                OSTime
                0x00811d60                OSFlagFreeList
                0x00811d64                OSStatRdy
                0x00811d68                OSIdleCtrRun
 .sbss          0x00811d6c        0x4 ../lab1_bsp/\libucosii_bsp.a(alt_dev.o)
                0x00811d6c                alt_fd_list_lock
 .sbss          0x00811d70        0x4 ../lab1_bsp/\libucosii_bsp.a(alt_irq_vars.o)
                0x00811d70                alt_irq_active
 .sbss          0x00811d74        0x8 ../lab1_bsp/\libucosii_bsp.a(alt_tick.o)
                0x00811d74                _alt_tick_rate
                0x00811d78                _alt_nticks
 .sbss          0x00811d7c        0x4 c:/altera/12.1sp1/nios2eds/bin/gnu/h-i686-mingw32/bin/../lib/gcc/nios2-elf/4.1.2/../../../../nios2-elf/lib/mno-hw-mul\libc.a(lib_a-int_errno.o)
                0x00811d7c                errno
 .sbss          0x00811d80        0xc c:/altera/12.1sp1/nios2eds/bin/gnu/h-i686-mingw32/bin/../lib/gcc/nios2-elf/4.1.2/../../../../nios2-elf/lib/mno-hw-mul\libc.a(lib_a-mallocr.o)
                0x00811d80                __malloc_top_pad
                0x00811d84                __malloc_max_sbrked_mem
                0x00811d88                __malloc_max_total_mem
 *(.sbss2 .sbss2.* .gnu.linkonce.sb2.*)
 *(.scommon)
                0x00811d8c                PROVIDE (__sbss_end, ABSOLUTE (.))
                0x00811d8c                PROVIDE (___sbss_end, ABSOLUTE (.))
 *(.dynbss)
 *(.bss .bss.* .gnu.linkonce.b.*)
 .bss           0x00811d8c        0x0 ../lab1_bsp//obj/HAL/src/crt0.o
 .bss           0x00811d8c        0x0 obj/default/hello_ucosii.o
 .bss           0x00811d8c        0x0 ../lab1_bsp/\libucosii_bsp.a(alt_load.o)
 .bss           0x00811d8c        0x0 ../lab1_bsp/\libucosii_bsp.a(alt_main.o)
 .bss           0x00811d8c        0x0 ../lab1_bsp/\libucosii_bsp.a(alt_printf.o)
 .bss           0x00811d8c        0x0 ../lab1_bsp/\libucosii_bsp.a(alt_putchar.o)
 .bss           0x00811d8c        0x0 ../lab1_bsp/\libucosii_bsp.a(alt_env_lock.o)
 .bss           0x00811d8c        0x0 ../lab1_bsp/\libucosii_bsp.a(alt_malloc_lock.o)
 .bss           0x00811d8c        0x0 ../lab1_bsp/\libucosii_bsp.a(os_core.o)
 .bss           0x00811d8c        0x0 ../lab1_bsp/\libucosii_bsp.a(os_dbg.o)
 .bss           0x00811d8c        0x0 ../lab1_bsp/\libucosii_bsp.a(os_flag.o)
 .bss           0x00811d8c        0x0 ../lab1_bsp/\libucosii_bsp.a(os_mem.o)
 .bss           0x00811d8c        0x0 ../lab1_bsp/\libucosii_bsp.a(os_q.o)
 .bss           0x00811d8c        0x0 ../lab1_bsp/\libucosii_bsp.a(os_sem.o)
 .bss           0x00811d8c        0x0 ../lab1_bsp/\libucosii_bsp.a(os_task.o)
 .bss           0x00811d8c        0x0 ../lab1_bsp/\libucosii_bsp.a(os_time.o)
 .bss           0x00811d8c        0x0 ../lab1_bsp/\libucosii_bsp.a(alt_sys_init.o)
 .bss           0x00811d8c        0x0 ../lab1_bsp/\libucosii_bsp.a(altera_avalon_jtag_uart_fd.o)
 .bss           0x00811d8c        0x0 ../lab1_bsp/\libucosii_bsp.a(altera_avalon_jtag_uart_init.o)
 .bss           0x00811d8c        0x0 ../lab1_bsp/\libucosii_bsp.a(altera_avalon_jtag_uart_ioctl.o)
 .bss           0x00811d8c        0x0 ../lab1_bsp/\libucosii_bsp.a(altera_avalon_jtag_uart_read.o)
 .bss           0x00811d8c        0x0 ../lab1_bsp/\libucosii_bsp.a(altera_avalon_jtag_uart_write.o)
 .bss           0x00811d8c        0x0 ../lab1_bsp/\libucosii_bsp.a(altera_avalon_timer_sc.o)
 .bss           0x00811d8c        0x0 ../lab1_bsp/\libucosii_bsp.a(altera_up_avalon_character_lcd.o)
 .bss           0x00811d8c        0x0 ../lab1_bsp/\libucosii_bsp.a(alt_alarm_start.o)
 .bss           0x00811d8c        0x0 ../lab1_bsp/\libucosii_bsp.a(alt_close.o)
 .bss           0x00811d8c        0x0 ../lab1_bsp/\libucosii_bsp.a(alt_dcache_flush_all.o)
 .bss           0x00811d8c        0x0 ../lab1_bsp/\libucosii_bsp.a(alt_dev.o)
 .bss           0x00811d8c        0x0 ../lab1_bsp/\libucosii_bsp.a(alt_dev_llist_insert.o)
 .bss           0x00811d8c        0x0 ../lab1_bsp/\libucosii_bsp.a(alt_do_ctors.o)
 .bss           0x00811d8c        0x0 ../lab1_bsp/\libucosii_bsp.a(alt_do_dtors.o)
 .bss           0x00811d8c        0x0 ../lab1_bsp/\libucosii_bsp.a(alt_errno.o)
 .bss           0x00811d8c        0x0 ../lab1_bsp/\libucosii_bsp.a(alt_find_dev.o)
 .bss           0x00811d8c        0x0 ../lab1_bsp/\libucosii_bsp.a(alt_icache_flush_all.o)
 .bss           0x00811d8c        0x0 ../lab1_bsp/\libucosii_bsp.a(alt_iic.o)
 .bss           0x00811d8c        0x0 ../lab1_bsp/\libucosii_bsp.a(alt_iic_isr_register.o)
 .bss           0x00811d8c        0x0 ../lab1_bsp/\libucosii_bsp.a(alt_io_redirect.o)
 .bss           0x00811d8c        0x0 ../lab1_bsp/\libucosii_bsp.a(alt_irq_entry.o)
 .bss           0x00811d8c        0x0 ../lab1_bsp/\libucosii_bsp.a(alt_irq_handler.o)
 .bss           0x00811d8c        0x0 ../lab1_bsp/\libucosii_bsp.a(alt_irq_vars.o)
 .bss           0x00811d8c        0x0 ../lab1_bsp/\libucosii_bsp.a(alt_open.o)
 .bss           0x00811d8c        0x0 ../lab1_bsp/\libucosii_bsp.a(alt_release_fd.o)
 .bss           0x00811d8c        0x0 ../lab1_bsp/\libucosii_bsp.a(alt_tick.o)
 .bss           0x00811d8c        0x0 ../lab1_bsp/\libucosii_bsp.a(altera_nios2_qsys_irq.o)
 .bss           0x00811d8c        0x0 ../lab1_bsp/\libucosii_bsp.a(os_cpu_a.o)
 .bss           0x00811d8c        0x0 ../lab1_bsp/\libucosii_bsp.a(os_cpu_c.o)
 .bss           0x00811d8c        0x0 ../lab1_bsp/\libucosii_bsp.a(alt_exception_entry.o)
 .bss           0x00811d8c        0x0 ../lab1_bsp/\libucosii_bsp.a(alt_find_file.o)
 .bss           0x00811d8c        0x0 ../lab1_bsp/\libucosii_bsp.a(alt_get_fd.o)
 .bss           0x00811d8c        0x0 c:/altera/12.1sp1/nios2eds/bin/gnu/h-i686-mingw32/bin/../lib/gcc/nios2-elf/4.1.2/../../../../nios2-elf/lib/mno-hw-mul\libc.a(lib_a-atexit.o)
 .bss           0x00811d8c        0x0 c:/altera/12.1sp1/nios2eds/bin/gnu/h-i686-mingw32/bin/../lib/gcc/nios2-elf/4.1.2/../../../../nios2-elf/lib/mno-hw-mul\libc.a(lib_a-exit.o)
 .bss           0x00811d8c        0x0 c:/altera/12.1sp1/nios2eds/bin/gnu/h-i686-mingw32/bin/../lib/gcc/nios2-elf/4.1.2/../../../../nios2-elf/lib/mno-hw-mul\libc.a(lib_a-impure.o)
 .bss           0x00811d8c        0x0 c:/altera/12.1sp1/nios2eds/bin/gnu/h-i686-mingw32/bin/../lib/gcc/nios2-elf/4.1.2/../../../../nios2-elf/lib/mno-hw-mul\libc.a(lib_a-int_errno.o)
 .bss           0x00811d8c        0x0 c:/altera/12.1sp1/nios2eds/bin/gnu/h-i686-mingw32/bin/../lib/gcc/nios2-elf/4.1.2/../../../../nios2-elf/lib/mno-hw-mul\libc.a(lib_a-memcmp.o)
 .bss           0x00811d8c        0x0 c:/altera/12.1sp1/nios2eds/bin/gnu/h-i686-mingw32/bin/../lib/gcc/nios2-elf/4.1.2/../../../../nios2-elf/lib/mno-hw-mul\libc.a(lib_a-memcpy.o)
 .bss           0x00811d8c        0x0 c:/altera/12.1sp1/nios2eds/bin/gnu/h-i686-mingw32/bin/../lib/gcc/nios2-elf/4.1.2/../../../../nios2-elf/lib/mno-hw-mul\libc.a(lib_a-memset.o)
 .bss           0x00811d8c        0x0 c:/altera/12.1sp1/nios2eds/bin/gnu/h-i686-mingw32/bin/../lib/gcc/nios2-elf/4.1.2/../../../../nios2-elf/lib/mno-hw-mul\libc.a(lib_a-putc.o)
 .bss           0x00811d8c        0x0 c:/altera/12.1sp1/nios2eds/bin/gnu/h-i686-mingw32/bin/../lib/gcc/nios2-elf/4.1.2/../../../../nios2-elf/lib/mno-hw-mul\libc.a(lib_a-strlen.o)
 .bss           0x00811d8c        0x0 c:/altera/12.1sp1/nios2eds/bin/gnu/h-i686-mingw32/bin/../lib/gcc/nios2-elf/4.1.2/../../../../nios2-elf/lib/mno-hw-mul\libc.a(lib_a-wbuf.o)
 .bss           0x00811d8c        0x0 c:/altera/12.1sp1/nios2eds/bin/gnu/h-i686-mingw32/bin/../lib/gcc/nios2-elf/4.1.2/../../../../nios2-elf/lib/mno-hw-mul\libc.a(lib_a-wsetup.o)
 .bss           0x00811d8c        0x0 c:/altera/12.1sp1/nios2eds/bin/gnu/h-i686-mingw32/bin/../lib/gcc/nios2-elf/4.1.2/../../../../nios2-elf/lib/mno-hw-mul\libc.a(lib_a-__atexit.o)
 .bss           0x00811d8c        0x0 c:/altera/12.1sp1/nios2eds/bin/gnu/h-i686-mingw32/bin/../lib/gcc/nios2-elf/4.1.2/../../../../nios2-elf/lib/mno-hw-mul\libc.a(lib_a-__call_atexit.o)
 .bss           0x00811d8c        0x0 c:/altera/12.1sp1/nios2eds/bin/gnu/h-i686-mingw32/bin/../lib/gcc/nios2-elf/4.1.2/../../../../nios2-elf/lib/mno-hw-mul\libc.a(lib_a-fflush.o)
 .bss           0x00811d8c        0x0 c:/altera/12.1sp1/nios2eds/bin/gnu/h-i686-mingw32/bin/../lib/gcc/nios2-elf/4.1.2/../../../../nios2-elf/lib/mno-hw-mul\libc.a(lib_a-findfp.o)
 .bss           0x00811d8c        0x0 c:/altera/12.1sp1/nios2eds/bin/gnu/h-i686-mingw32/bin/../lib/gcc/nios2-elf/4.1.2/../../../../nios2-elf/lib/mno-hw-mul\libc.a(lib_a-freer.o)
 .bss           0x00811d8c        0x0 c:/altera/12.1sp1/nios2eds/bin/gnu/h-i686-mingw32/bin/../lib/gcc/nios2-elf/4.1.2/../../../../nios2-elf/lib/mno-hw-mul\libc.a(lib_a-fwalk.o)
 .bss           0x00811d8c        0x0 c:/altera/12.1sp1/nios2eds/bin/gnu/h-i686-mingw32/bin/../lib/gcc/nios2-elf/4.1.2/../../../../nios2-elf/lib/mno-hw-mul\libc.a(lib_a-makebuf.o)
 .bss           0x00811d8c       0x28 c:/altera/12.1sp1/nios2eds/bin/gnu/h-i686-mingw32/bin/../lib/gcc/nios2-elf/4.1.2/../../../../nios2-elf/lib/mno-hw-mul\libc.a(lib_a-mallocr.o)
                0x00811d8c                __malloc_current_mallinfo
 .bss           0x00811db4        0x0 c:/altera/12.1sp1/nios2eds/bin/gnu/h-i686-mingw32/bin/../lib/gcc/nios2-elf/4.1.2/../../../../nios2-elf/lib/mno-hw-mul\libc.a(lib_a-sbrkr.o)
 .bss           0x00811db4        0x0 c:/altera/12.1sp1/nios2eds/bin/gnu/h-i686-mingw32/bin/../lib/gcc/nios2-elf/4.1.2/../../../../nios2-elf/lib/mno-hw-mul\libc.a(lib_a-stdio.o)
 .bss           0x00811db4        0x0 c:/altera/12.1sp1/nios2eds/bin/gnu/h-i686-mingw32/bin/../lib/gcc/nios2-elf/4.1.2/../../../../nios2-elf/lib/mno-hw-mul\libc.a(lib_a-writer.o)
 .bss           0x00811db4        0x0 c:/altera/12.1sp1/nios2eds/bin/gnu/h-i686-mingw32/bin/../lib/gcc/nios2-elf/4.1.2/../../../../nios2-elf/lib/mno-hw-mul\libc.a(lib_a-closer.o)
 .bss           0x00811db4        0x0 c:/altera/12.1sp1/nios2eds/bin/gnu/h-i686-mingw32/bin/../lib/gcc/nios2-elf/4.1.2/../../../../nios2-elf/lib/mno-hw-mul\libc.a(lib_a-fclose.o)
 .bss           0x00811db4        0x0 c:/altera/12.1sp1/nios2eds/bin/gnu/h-i686-mingw32/bin/../lib/gcc/nios2-elf/4.1.2/../../../../nios2-elf/lib/mno-hw-mul\libc.a(lib_a-fstatr.o)
 .bss           0x00811db4        0x0 c:/altera/12.1sp1/nios2eds/bin/gnu/h-i686-mingw32/bin/../lib/gcc/nios2-elf/4.1.2/../../../../nios2-elf/lib/mno-hw-mul\libc.a(lib_a-isattyr.o)
 .bss           0x00811db4        0x0 c:/altera/12.1sp1/nios2eds/bin/gnu/h-i686-mingw32/bin/../lib/gcc/nios2-elf/4.1.2/../../../../nios2-elf/lib/mno-hw-mul\libc.a(lib_a-lseekr.o)
 .bss           0x00811db4        0x0 c:/altera/12.1sp1/nios2eds/bin/gnu/h-i686-mingw32/bin/../lib/gcc/nios2-elf/4.1.2/../../../../nios2-elf/lib/mno-hw-mul\libc.a(lib_a-readr.o)
 .bss           0x00811db4        0x0 c:/altera/12.1sp1/nios2eds/bin/gnu/h-i686-mingw32/bin/../lib/gcc/nios2-elf/4.1.2/mno-hw-mul\libgcc.a(lib2-divmod.o)
 .bss           0x00811db4        0x0 c:/altera/12.1sp1/nios2eds/bin/gnu/h-i686-mingw32/bin/../lib/gcc/nios2-elf/4.1.2/mno-hw-mul\libgcc.a(lib2-mul.o)
 .bss           0x00811db4        0x0 ../lab1_bsp/\libucosii_bsp.a(alt_exit.o)
 .bss           0x00811db4        0x0 ../lab1_bsp/\libucosii_bsp.a(alt_fstat.o)
 .bss           0x00811db4        0x0 ../lab1_bsp/\libucosii_bsp.a(alt_isatty.o)
 .bss           0x00811db4        0x0 ../lab1_bsp/\libucosii_bsp.a(alt_lseek.o)
 .bss           0x00811db4        0x0 ../lab1_bsp/\libucosii_bsp.a(alt_read.o)
 .bss           0x00811db4        0x0 ../lab1_bsp/\libucosii_bsp.a(alt_sbrk.o)
 .bss           0x00811db4        0x0 ../lab1_bsp/\libucosii_bsp.a(alt_write.o)
 *(COMMON)
 COMMON         0x00811db4     0x6000 obj/default/hello_ucosii.o
                0x00811db4                task1_stk
                0x00813db4                task2_stk
                0x00815db4                task3_stk
 COMMON         0x00817db4     0x3224 ../lab1_bsp/\libucosii_bsp.a(os_core.o)
                0x00817db4                OSFlagTbl
                0x00818124                OSMemTbl
                0x00818d54                OSTaskStatStk
                0x00819554                OSQTbl
                0x00819734                OSTaskIdleStk
                0x00819f34                OSEventTbl
                0x0081aa74                OSTCBTbl
                0x0081af84                OSTCBPrioTbl
 COMMON         0x0081afd8      0x100 ../lab1_bsp/\libucosii_bsp.a(alt_irq_handler.o)
                0x0081afd8                alt_irq
 COMMON         0x0081b0d8      0x190 c:/altera/12.1sp1/nios2eds/bin/gnu/h-i686-mingw32/bin/../lib/gcc/nios2-elf/4.1.2/../../../../nios2-elf/lib/mno-hw-mul\libc.a(lib_a-atexit.o)
                0x0081b0d8                _atexit0
                0x0081b268                . = ALIGN (0x4)
                0x0081b268                __bss_end = ABSOLUTE (.)

.sdram_0        0x0081b268        0x0
                0x0081b268                PROVIDE (_alt_partition_sdram_0_start, ABSOLUTE (.))
 *(.sdram_0. sdram_0.*)
                0x0081b268                . = ALIGN (0x4)
                0x0081b268                PROVIDE (_alt_partition_sdram_0_end, ABSOLUTE (.))
                0x0081b268                _end = ABSOLUTE (.)
                0x0081b268                end = ABSOLUTE (.)
                0x0081b268                __alt_stack_base = ABSOLUTE (.)
                0x0081b268                PROVIDE (_alt_partition_sdram_0_load_addr, LOADADDR (.sdram_0))

.sram_0         0x01080000        0x0 load address 0x0081b268
                0x01080000                PROVIDE (_alt_partition_sram_0_start, ABSOLUTE (.))
 *(.sram_0. sram_0.*)
                0x01080000                . = ALIGN (0x4)
                0x01080000                PROVIDE (_alt_partition_sram_0_end, ABSOLUTE (.))
                0x0081b268                PROVIDE (_alt_partition_sram_0_load_addr, LOADADDR (.sram_0))

.onchip_memory2_0
                0x011041bc        0x0 load address 0x0081b268
                0x011041bc                PROVIDE (_alt_partition_onchip_memory2_0_start, ABSOLUTE (.))
 *(.onchip_memory2_0. onchip_memory2_0.*)
                0x011041bc                . = ALIGN (0x4)
                0x011041bc                PROVIDE (_alt_partition_onchip_memory2_0_end, ABSOLUTE (.))
                0x0081b268                PROVIDE (_alt_partition_onchip_memory2_0_load_addr, LOADADDR (.onchip_memory2_0))

.stab
 *(.stab)

.stabstr
 *(.stabstr)

.stab.excl
 *(.stab.excl)

.stab.exclstr
 *(.stab.exclstr)

.stab.index
 *(.stab.index)

.stab.indexstr
 *(.stab.indexstr)

.comment        0x00000000       0x26
 *(.comment)
 .comment       0x00000000       0x26 obj/default/hello_ucosii.o
                                 0x27 (size before relaxing)
 .comment       0x00000000       0x27 ../lab1_bsp/\libucosii_bsp.a(alt_load.o)
 .comment       0x00000000       0x27 ../lab1_bsp/\libucosii_bsp.a(alt_main.o)
 .comment       0x00000000       0x27 ../lab1_bsp/\libucosii_bsp.a(alt_printf.o)
 .comment       0x00000000       0x27 ../lab1_bsp/\libucosii_bsp.a(alt_putchar.o)
 .comment       0x00000000       0x27 ../lab1_bsp/\libucosii_bsp.a(alt_env_lock.o)
 .comment       0x00000000       0x27 ../lab1_bsp/\libucosii_bsp.a(alt_malloc_lock.o)
 .comment       0x00000000       0x27 ../lab1_bsp/\libucosii_bsp.a(os_core.o)
 .comment       0x00000000       0x27 ../lab1_bsp/\libucosii_bsp.a(os_dbg.o)
 .comment       0x00000000       0x27 ../lab1_bsp/\libucosii_bsp.a(os_flag.o)
 .comment       0x00000000       0x27 ../lab1_bsp/\libucosii_bsp.a(os_mem.o)
 .comment       0x00000000       0x27 ../lab1_bsp/\libucosii_bsp.a(os_q.o)
 .comment       0x00000000       0x27 ../lab1_bsp/\libucosii_bsp.a(os_sem.o)
 .comment       0x00000000       0x27 ../lab1_bsp/\libucosii_bsp.a(os_task.o)
 .comment       0x00000000       0x27 ../lab1_bsp/\libucosii_bsp.a(os_time.o)
 .comment       0x00000000       0x27 ../lab1_bsp/\libucosii_bsp.a(alt_sys_init.o)
 .comment       0x00000000       0x27 ../lab1_bsp/\libucosii_bsp.a(altera_avalon_jtag_uart_fd.o)
 .comment       0x00000000       0x27 ../lab1_bsp/\libucosii_bsp.a(altera_avalon_jtag_uart_init.o)
 .comment       0x00000000       0x27 ../lab1_bsp/\libucosii_bsp.a(altera_avalon_jtag_uart_ioctl.o)
 .comment       0x00000000       0x27 ../lab1_bsp/\libucosii_bsp.a(altera_avalon_jtag_uart_read.o)
 .comment       0x00000000       0x27 ../lab1_bsp/\libucosii_bsp.a(altera_avalon_jtag_uart_write.o)
 .comment       0x00000000       0x27 ../lab1_bsp/\libucosii_bsp.a(altera_avalon_timer_sc.o)
 .comment       0x00000000       0x27 ../lab1_bsp/\libucosii_bsp.a(altera_up_avalon_character_lcd.o)
 .comment       0x00000000       0x27 ../lab1_bsp/\libucosii_bsp.a(alt_alarm_start.o)
 .comment       0x00000000       0x27 ../lab1_bsp/\libucosii_bsp.a(alt_close.o)
 .comment       0x00000000       0x27 ../lab1_bsp/\libucosii_bsp.a(alt_dcache_flush_all.o)
 .comment       0x00000000       0x27 ../lab1_bsp/\libucosii_bsp.a(alt_dev.o)
 .comment       0x00000000       0x27 ../lab1_bsp/\libucosii_bsp.a(alt_dev_llist_insert.o)
 .comment       0x00000000       0x27 ../lab1_bsp/\libucosii_bsp.a(alt_do_ctors.o)
 .comment       0x00000000       0x27 ../lab1_bsp/\libucosii_bsp.a(alt_do_dtors.o)
 .comment       0x00000000       0x27 ../lab1_bsp/\libucosii_bsp.a(alt_errno.o)
 .comment       0x00000000       0x27 ../lab1_bsp/\libucosii_bsp.a(alt_find_dev.o)
 .comment       0x00000000       0x27 ../lab1_bsp/\libucosii_bsp.a(alt_icache_flush_all.o)
 .comment       0x00000000       0x27 ../lab1_bsp/\libucosii_bsp.a(alt_iic.o)
 .comment       0x00000000       0x27 ../lab1_bsp/\libucosii_bsp.a(alt_iic_isr_register.o)
 .comment       0x00000000       0x27 ../lab1_bsp/\libucosii_bsp.a(alt_io_redirect.o)
 .comment       0x00000000       0x27 ../lab1_bsp/\libucosii_bsp.a(alt_irq_handler.o)
 .comment       0x00000000       0x27 ../lab1_bsp/\libucosii_bsp.a(alt_irq_vars.o)
 .comment       0x00000000       0x27 ../lab1_bsp/\libucosii_bsp.a(alt_open.o)
 .comment       0x00000000       0x27 ../lab1_bsp/\libucosii_bsp.a(alt_release_fd.o)
 .comment       0x00000000       0x27 ../lab1_bsp/\libucosii_bsp.a(alt_tick.o)
 .comment       0x00000000       0x27 ../lab1_bsp/\libucosii_bsp.a(altera_nios2_qsys_irq.o)
 .comment       0x00000000       0x27 ../lab1_bsp/\libucosii_bsp.a(os_cpu_c.o)
 .comment       0x00000000       0x27 ../lab1_bsp/\libucosii_bsp.a(alt_find_file.o)
 .comment       0x00000000       0x27 ../lab1_bsp/\libucosii_bsp.a(alt_get_fd.o)
 .comment       0x00000000       0x27 c:/altera/12.1sp1/nios2eds/bin/gnu/h-i686-mingw32/bin/../lib/gcc/nios2-elf/4.1.2/../../../../nios2-elf/lib/mno-hw-mul\libc.a(lib_a-atexit.o)
 .comment       0x00000000       0x27 c:/altera/12.1sp1/nios2eds/bin/gnu/h-i686-mingw32/bin/../lib/gcc/nios2-elf/4.1.2/../../../../nios2-elf/lib/mno-hw-mul\libc.a(lib_a-exit.o)
 .comment       0x00000000       0x27 c:/altera/12.1sp1/nios2eds/bin/gnu/h-i686-mingw32/bin/../lib/gcc/nios2-elf/4.1.2/../../../../nios2-elf/lib/mno-hw-mul\libc.a(lib_a-impure.o)
 .comment       0x00000000       0x27 c:/altera/12.1sp1/nios2eds/bin/gnu/h-i686-mingw32/bin/../lib/gcc/nios2-elf/4.1.2/../../../../nios2-elf/lib/mno-hw-mul\libc.a(lib_a-int_errno.o)
 .comment       0x00000000       0x27 c:/altera/12.1sp1/nios2eds/bin/gnu/h-i686-mingw32/bin/../lib/gcc/nios2-elf/4.1.2/../../../../nios2-elf/lib/mno-hw-mul\libc.a(lib_a-memcmp.o)
 .comment       0x00000000       0x27 c:/altera/12.1sp1/nios2eds/bin/gnu/h-i686-mingw32/bin/../lib/gcc/nios2-elf/4.1.2/../../../../nios2-elf/lib/mno-hw-mul\libc.a(lib_a-memcpy.o)
 .comment       0x00000000       0x27 c:/altera/12.1sp1/nios2eds/bin/gnu/h-i686-mingw32/bin/../lib/gcc/nios2-elf/4.1.2/../../../../nios2-elf/lib/mno-hw-mul\libc.a(lib_a-memset.o)
 .comment       0x00000000       0x27 c:/altera/12.1sp1/nios2eds/bin/gnu/h-i686-mingw32/bin/../lib/gcc/nios2-elf/4.1.2/../../../../nios2-elf/lib/mno-hw-mul\libc.a(lib_a-putc.o)
 .comment       0x00000000       0x27 c:/altera/12.1sp1/nios2eds/bin/gnu/h-i686-mingw32/bin/../lib/gcc/nios2-elf/4.1.2/../../../../nios2-elf/lib/mno-hw-mul\libc.a(lib_a-strlen.o)
 .comment       0x00000000       0x27 c:/altera/12.1sp1/nios2eds/bin/gnu/h-i686-mingw32/bin/../lib/gcc/nios2-elf/4.1.2/../../../../nios2-elf/lib/mno-hw-mul\libc.a(lib_a-wbuf.o)
 .comment       0x00000000       0x27 c:/altera/12.1sp1/nios2eds/bin/gnu/h-i686-mingw32/bin/../lib/gcc/nios2-elf/4.1.2/../../../../nios2-elf/lib/mno-hw-mul\libc.a(lib_a-wsetup.o)
 .comment       0x00000000       0x27 c:/altera/12.1sp1/nios2eds/bin/gnu/h-i686-mingw32/bin/../lib/gcc/nios2-elf/4.1.2/../../../../nios2-elf/lib/mno-hw-mul\libc.a(lib_a-__atexit.o)
 .comment       0x00000000       0x27 c:/altera/12.1sp1/nios2eds/bin/gnu/h-i686-mingw32/bin/../lib/gcc/nios2-elf/4.1.2/../../../../nios2-elf/lib/mno-hw-mul\libc.a(lib_a-__call_atexit.o)
 .comment       0x00000000       0x27 c:/altera/12.1sp1/nios2eds/bin/gnu/h-i686-mingw32/bin/../lib/gcc/nios2-elf/4.1.2/../../../../nios2-elf/lib/mno-hw-mul\libc.a(lib_a-fflush.o)
 .comment       0x00000000       0x27 c:/altera/12.1sp1/nios2eds/bin/gnu/h-i686-mingw32/bin/../lib/gcc/nios2-elf/4.1.2/../../../../nios2-elf/lib/mno-hw-mul\libc.a(lib_a-findfp.o)
 .comment       0x00000000       0x27 c:/altera/12.1sp1/nios2eds/bin/gnu/h-i686-mingw32/bin/../lib/gcc/nios2-elf/4.1.2/../../../../nios2-elf/lib/mno-hw-mul\libc.a(lib_a-freer.o)
 .comment       0x00000000       0x27 c:/altera/12.1sp1/nios2eds/bin/gnu/h-i686-mingw32/bin/../lib/gcc/nios2-elf/4.1.2/../../../../nios2-elf/lib/mno-hw-mul\libc.a(lib_a-fwalk.o)
 .comment       0x00000000       0x27 c:/altera/12.1sp1/nios2eds/bin/gnu/h-i686-mingw32/bin/../lib/gcc/nios2-elf/4.1.2/../../../../nios2-elf/lib/mno-hw-mul\libc.a(lib_a-makebuf.o)
 .comment       0x00000000       0x27 c:/altera/12.1sp1/nios2eds/bin/gnu/h-i686-mingw32/bin/../lib/gcc/nios2-elf/4.1.2/../../../../nios2-elf/lib/mno-hw-mul\libc.a(lib_a-mallocr.o)
 .comment       0x00000000       0x27 c:/altera/12.1sp1/nios2eds/bin/gnu/h-i686-mingw32/bin/../lib/gcc/nios2-elf/4.1.2/../../../../nios2-elf/lib/mno-hw-mul\libc.a(lib_a-sbrkr.o)
 .comment       0x00000000       0x27 c:/altera/12.1sp1/nios2eds/bin/gnu/h-i686-mingw32/bin/../lib/gcc/nios2-elf/4.1.2/../../../../nios2-elf/lib/mno-hw-mul\libc.a(lib_a-stdio.o)
 .comment       0x00000000       0x27 c:/altera/12.1sp1/nios2eds/bin/gnu/h-i686-mingw32/bin/../lib/gcc/nios2-elf/4.1.2/../../../../nios2-elf/lib/mno-hw-mul\libc.a(lib_a-writer.o)
 .comment       0x00000000       0x27 c:/altera/12.1sp1/nios2eds/bin/gnu/h-i686-mingw32/bin/../lib/gcc/nios2-elf/4.1.2/../../../../nios2-elf/lib/mno-hw-mul\libc.a(lib_a-closer.o)
 .comment       0x00000000       0x27 c:/altera/12.1sp1/nios2eds/bin/gnu/h-i686-mingw32/bin/../lib/gcc/nios2-elf/4.1.2/../../../../nios2-elf/lib/mno-hw-mul\libc.a(lib_a-fclose.o)
 .comment       0x00000000       0x27 c:/altera/12.1sp1/nios2eds/bin/gnu/h-i686-mingw32/bin/../lib/gcc/nios2-elf/4.1.2/../../../../nios2-elf/lib/mno-hw-mul\libc.a(lib_a-fstatr.o)
 .comment       0x00000000       0x27 c:/altera/12.1sp1/nios2eds/bin/gnu/h-i686-mingw32/bin/../lib/gcc/nios2-elf/4.1.2/../../../../nios2-elf/lib/mno-hw-mul\libc.a(lib_a-isattyr.o)
 .comment       0x00000000       0x27 c:/altera/12.1sp1/nios2eds/bin/gnu/h-i686-mingw32/bin/../lib/gcc/nios2-elf/4.1.2/../../../../nios2-elf/lib/mno-hw-mul\libc.a(lib_a-lseekr.o)
 .comment       0x00000000       0x27 c:/altera/12.1sp1/nios2eds/bin/gnu/h-i686-mingw32/bin/../lib/gcc/nios2-elf/4.1.2/../../../../nios2-elf/lib/mno-hw-mul\libc.a(lib_a-readr.o)
 .comment       0x00000000       0x27 c:/altera/12.1sp1/nios2eds/bin/gnu/h-i686-mingw32/bin/../lib/gcc/nios2-elf/4.1.2/mno-hw-mul\libgcc.a(lib2-divmod.o)
 .comment       0x00000000       0x27 c:/altera/12.1sp1/nios2eds/bin/gnu/h-i686-mingw32/bin/../lib/gcc/nios2-elf/4.1.2/mno-hw-mul\libgcc.a(lib2-mul.o)
 .comment       0x00000000       0x27 ../lab1_bsp/\libucosii_bsp.a(alt_exit.o)
 .comment       0x00000000       0x27 ../lab1_bsp/\libucosii_bsp.a(alt_fstat.o)
 .comment       0x00000000       0x27 ../lab1_bsp/\libucosii_bsp.a(alt_isatty.o)
 .comment       0x00000000       0x27 ../lab1_bsp/\libucosii_bsp.a(alt_lseek.o)
 .comment       0x00000000       0x27 ../lab1_bsp/\libucosii_bsp.a(alt_read.o)
 .comment       0x00000000       0x27 ../lab1_bsp/\libucosii_bsp.a(alt_sbrk.o)
 .comment       0x00000000       0x27 ../lab1_bsp/\libucosii_bsp.a(alt_write.o)

.debug
 *(.debug)

.line
 *(.line)

.debug_srcinfo
 *(.debug_srcinfo)

.debug_sfnames
 *(.debug_sfnames)

.debug_aranges  0x00000000      0xa78
 *(.debug_aranges)
 .debug_aranges
                0x00000000       0x28 ../lab1_bsp//obj/HAL/src/crt0.o
 .debug_aranges
                0x00000028       0x20 obj/default/hello_ucosii.o
 .debug_aranges
                0x00000048       0x20 ../lab1_bsp/\libucosii_bsp.a(alt_load.o)
 .debug_aranges
                0x00000068       0x20 ../lab1_bsp/\libucosii_bsp.a(alt_main.o)
 .debug_aranges
                0x00000088       0x20 ../lab1_bsp/\libucosii_bsp.a(alt_printf.o)
 .debug_aranges
                0x000000a8       0x20 ../lab1_bsp/\libucosii_bsp.a(alt_putchar.o)
 .debug_aranges
                0x000000c8       0x20 ../lab1_bsp/\libucosii_bsp.a(alt_env_lock.o)
 .debug_aranges
                0x000000e8       0x20 ../lab1_bsp/\libucosii_bsp.a(alt_malloc_lock.o)
 .debug_aranges
                0x00000108       0x20 ../lab1_bsp/\libucosii_bsp.a(os_core.o)
 .debug_aranges
                0x00000128       0x20 ../lab1_bsp/\libucosii_bsp.a(os_dbg.o)
 .debug_aranges
                0x00000148       0x20 ../lab1_bsp/\libucosii_bsp.a(os_flag.o)
 .debug_aranges
                0x00000168       0x20 ../lab1_bsp/\libucosii_bsp.a(os_mem.o)
 .debug_aranges
                0x00000188       0x20 ../lab1_bsp/\libucosii_bsp.a(os_q.o)
 .debug_aranges
                0x000001a8       0x20 ../lab1_bsp/\libucosii_bsp.a(os_sem.o)
 .debug_aranges
                0x000001c8       0x20 ../lab1_bsp/\libucosii_bsp.a(os_task.o)
 .debug_aranges
                0x000001e8       0x20 ../lab1_bsp/\libucosii_bsp.a(os_time.o)
 .debug_aranges
                0x00000208       0x20 ../lab1_bsp/\libucosii_bsp.a(alt_sys_init.o)
 .debug_aranges
                0x00000228       0x20 ../lab1_bsp/\libucosii_bsp.a(altera_avalon_jtag_uart_fd.o)
 .debug_aranges
                0x00000248       0x20 ../lab1_bsp/\libucosii_bsp.a(altera_avalon_jtag_uart_init.o)
 .debug_aranges
                0x00000268       0x20 ../lab1_bsp/\libucosii_bsp.a(altera_avalon_jtag_uart_ioctl.o)
 .debug_aranges
                0x00000288       0x20 ../lab1_bsp/\libucosii_bsp.a(altera_avalon_jtag_uart_read.o)
 .debug_aranges
                0x000002a8       0x20 ../lab1_bsp/\libucosii_bsp.a(altera_avalon_jtag_uart_write.o)
 .debug_aranges
                0x000002c8       0x20 ../lab1_bsp/\libucosii_bsp.a(altera_avalon_timer_sc.o)
 .debug_aranges
                0x000002e8       0x20 ../lab1_bsp/\libucosii_bsp.a(altera_up_avalon_character_lcd.o)
 .debug_aranges
                0x00000308       0x20 ../lab1_bsp/\libucosii_bsp.a(alt_alarm_start.o)
 .debug_aranges
                0x00000328       0x20 ../lab1_bsp/\libucosii_bsp.a(alt_close.o)
 .debug_aranges
                0x00000348       0x20 ../lab1_bsp/\libucosii_bsp.a(alt_dcache_flush_all.o)
 .debug_aranges
                0x00000368       0x20 ../lab1_bsp/\libucosii_bsp.a(alt_dev.o)
 .debug_aranges
                0x00000388       0x20 ../lab1_bsp/\libucosii_bsp.a(alt_dev_llist_insert.o)
 .debug_aranges
                0x000003a8       0x20 ../lab1_bsp/\libucosii_bsp.a(alt_do_ctors.o)
 .debug_aranges
                0x000003c8       0x20 ../lab1_bsp/\libucosii_bsp.a(alt_do_dtors.o)
 .debug_aranges
                0x000003e8       0x20 ../lab1_bsp/\libucosii_bsp.a(alt_find_dev.o)
 .debug_aranges
                0x00000408       0x20 ../lab1_bsp/\libucosii_bsp.a(alt_icache_flush_all.o)
 .debug_aranges
                0x00000428       0x20 ../lab1_bsp/\libucosii_bsp.a(alt_iic.o)
 .debug_aranges
                0x00000448       0x20 ../lab1_bsp/\libucosii_bsp.a(alt_iic_isr_register.o)
 .debug_aranges
                0x00000468       0x20 ../lab1_bsp/\libucosii_bsp.a(alt_io_redirect.o)
 .debug_aranges
                0x00000488       0x30 ../lab1_bsp/\libucosii_bsp.a(alt_irq_entry.o)
 .debug_aranges
                0x000004b8       0x28 ../lab1_bsp/\libucosii_bsp.a(alt_irq_handler.o)
 .debug_aranges
                0x000004e0       0x20 ../lab1_bsp/\libucosii_bsp.a(alt_open.o)
 .debug_aranges
                0x00000500       0x20 ../lab1_bsp/\libucosii_bsp.a(alt_release_fd.o)
 .debug_aranges
                0x00000520       0x20 ../lab1_bsp/\libucosii_bsp.a(alt_tick.o)
 .debug_aranges
                0x00000540       0x20 ../lab1_bsp/\libucosii_bsp.a(altera_nios2_qsys_irq.o)
 .debug_aranges
                0x00000560       0x20 ../lab1_bsp/\libucosii_bsp.a(os_cpu_a.o)
 .debug_aranges
                0x00000580       0x20 ../lab1_bsp/\libucosii_bsp.a(os_cpu_c.o)
 .debug_aranges
                0x000005a0       0x38 ../lab1_bsp/\libucosii_bsp.a(alt_exception_entry.o)
 .debug_aranges
                0x000005d8       0x20 ../lab1_bsp/\libucosii_bsp.a(alt_find_file.o)
 .debug_aranges
                0x000005f8       0x20 ../lab1_bsp/\libucosii_bsp.a(alt_get_fd.o)
 .debug_aranges
                0x00000618       0x20 c:/altera/12.1sp1/nios2eds/bin/gnu/h-i686-mingw32/bin/../lib/gcc/nios2-elf/4.1.2/../../../../nios2-elf/lib/mno-hw-mul\libc.a(lib_a-atexit.o)
 .debug_aranges
                0x00000638       0x20 c:/altera/12.1sp1/nios2eds/bin/gnu/h-i686-mingw32/bin/../lib/gcc/nios2-elf/4.1.2/../../../../nios2-elf/lib/mno-hw-mul\libc.a(lib_a-exit.o)
 .debug_aranges
                0x00000658       0x20 c:/altera/12.1sp1/nios2eds/bin/gnu/h-i686-mingw32/bin/../lib/gcc/nios2-elf/4.1.2/../../../../nios2-elf/lib/mno-hw-mul\libc.a(lib_a-memcmp.o)
 .debug_aranges
                0x00000678       0x20 c:/altera/12.1sp1/nios2eds/bin/gnu/h-i686-mingw32/bin/../lib/gcc/nios2-elf/4.1.2/../../../../nios2-elf/lib/mno-hw-mul\libc.a(lib_a-memcpy.o)
 .debug_aranges
                0x00000698       0x20 c:/altera/12.1sp1/nios2eds/bin/gnu/h-i686-mingw32/bin/../lib/gcc/nios2-elf/4.1.2/../../../../nios2-elf/lib/mno-hw-mul\libc.a(lib_a-memset.o)
 .debug_aranges
                0x000006b8       0x20 c:/altera/12.1sp1/nios2eds/bin/gnu/h-i686-mingw32/bin/../lib/gcc/nios2-elf/4.1.2/../../../../nios2-elf/lib/mno-hw-mul\libc.a(lib_a-putc.o)
 .debug_aranges
                0x000006d8       0x20 c:/altera/12.1sp1/nios2eds/bin/gnu/h-i686-mingw32/bin/../lib/gcc/nios2-elf/4.1.2/../../../../nios2-elf/lib/mno-hw-mul\libc.a(lib_a-strlen.o)
 .debug_aranges
                0x000006f8       0x20 c:/altera/12.1sp1/nios2eds/bin/gnu/h-i686-mingw32/bin/../lib/gcc/nios2-elf/4.1.2/../../../../nios2-elf/lib/mno-hw-mul\libc.a(lib_a-wbuf.o)
 .debug_aranges
                0x00000718       0x20 c:/altera/12.1sp1/nios2eds/bin/gnu/h-i686-mingw32/bin/../lib/gcc/nios2-elf/4.1.2/../../../../nios2-elf/lib/mno-hw-mul\libc.a(lib_a-wsetup.o)
 .debug_aranges
                0x00000738       0x20 c:/altera/12.1sp1/nios2eds/bin/gnu/h-i686-mingw32/bin/../lib/gcc/nios2-elf/4.1.2/../../../../nios2-elf/lib/mno-hw-mul\libc.a(lib_a-__atexit.o)
 .debug_aranges
                0x00000758       0x20 c:/altera/12.1sp1/nios2eds/bin/gnu/h-i686-mingw32/bin/../lib/gcc/nios2-elf/4.1.2/../../../../nios2-elf/lib/mno-hw-mul\libc.a(lib_a-__call_atexit.o)
 .debug_aranges
                0x00000778       0x20 c:/altera/12.1sp1/nios2eds/bin/gnu/h-i686-mingw32/bin/../lib/gcc/nios2-elf/4.1.2/../../../../nios2-elf/lib/mno-hw-mul\libc.a(lib_a-fflush.o)
 .debug_aranges
                0x00000798       0x20 c:/altera/12.1sp1/nios2eds/bin/gnu/h-i686-mingw32/bin/../lib/gcc/nios2-elf/4.1.2/../../../../nios2-elf/lib/mno-hw-mul\libc.a(lib_a-findfp.o)
 .debug_aranges
                0x000007b8       0x20 c:/altera/12.1sp1/nios2eds/bin/gnu/h-i686-mingw32/bin/../lib/gcc/nios2-elf/4.1.2/../../../../nios2-elf/lib/mno-hw-mul\libc.a(lib_a-freer.o)
 .debug_aranges
                0x000007d8       0x20 c:/altera/12.1sp1/nios2eds/bin/gnu/h-i686-mingw32/bin/../lib/gcc/nios2-elf/4.1.2/../../../../nios2-elf/lib/mno-hw-mul\libc.a(lib_a-fwalk.o)
 .debug_aranges
                0x000007f8       0x20 c:/altera/12.1sp1/nios2eds/bin/gnu/h-i686-mingw32/bin/../lib/gcc/nios2-elf/4.1.2/../../../../nios2-elf/lib/mno-hw-mul\libc.a(lib_a-makebuf.o)
 .debug_aranges
                0x00000818       0x20 c:/altera/12.1sp1/nios2eds/bin/gnu/h-i686-mingw32/bin/../lib/gcc/nios2-elf/4.1.2/../../../../nios2-elf/lib/mno-hw-mul\libc.a(lib_a-mallocr.o)
 .debug_aranges
                0x00000838       0x20 c:/altera/12.1sp1/nios2eds/bin/gnu/h-i686-mingw32/bin/../lib/gcc/nios2-elf/4.1.2/../../../../nios2-elf/lib/mno-hw-mul\libc.a(lib_a-sbrkr.o)
 .debug_aranges
                0x00000858       0x20 c:/altera/12.1sp1/nios2eds/bin/gnu/h-i686-mingw32/bin/../lib/gcc/nios2-elf/4.1.2/../../../../nios2-elf/lib/mno-hw-mul\libc.a(lib_a-stdio.o)
 .debug_aranges
                0x00000878       0x20 c:/altera/12.1sp1/nios2eds/bin/gnu/h-i686-mingw32/bin/../lib/gcc/nios2-elf/4.1.2/../../../../nios2-elf/lib/mno-hw-mul\libc.a(lib_a-writer.o)
 .debug_aranges
                0x00000898       0x20 c:/altera/12.1sp1/nios2eds/bin/gnu/h-i686-mingw32/bin/../lib/gcc/nios2-elf/4.1.2/../../../../nios2-elf/lib/mno-hw-mul\libc.a(lib_a-closer.o)
 .debug_aranges
                0x000008b8       0x20 c:/altera/12.1sp1/nios2eds/bin/gnu/h-i686-mingw32/bin/../lib/gcc/nios2-elf/4.1.2/../../../../nios2-elf/lib/mno-hw-mul\libc.a(lib_a-fclose.o)
 .debug_aranges
                0x000008d8       0x20 c:/altera/12.1sp1/nios2eds/bin/gnu/h-i686-mingw32/bin/../lib/gcc/nios2-elf/4.1.2/../../../../nios2-elf/lib/mno-hw-mul\libc.a(lib_a-fstatr.o)
 .debug_aranges
                0x000008f8       0x20 c:/altera/12.1sp1/nios2eds/bin/gnu/h-i686-mingw32/bin/../lib/gcc/nios2-elf/4.1.2/../../../../nios2-elf/lib/mno-hw-mul\libc.a(lib_a-isattyr.o)
 .debug_aranges
                0x00000918       0x20 c:/altera/12.1sp1/nios2eds/bin/gnu/h-i686-mingw32/bin/../lib/gcc/nios2-elf/4.1.2/../../../../nios2-elf/lib/mno-hw-mul\libc.a(lib_a-lseekr.o)
 .debug_aranges
                0x00000938       0x20 c:/altera/12.1sp1/nios2eds/bin/gnu/h-i686-mingw32/bin/../lib/gcc/nios2-elf/4.1.2/../../../../nios2-elf/lib/mno-hw-mul\libc.a(lib_a-readr.o)
 .debug_aranges
                0x00000958       0x20 c:/altera/12.1sp1/nios2eds/bin/gnu/h-i686-mingw32/bin/../lib/gcc/nios2-elf/4.1.2/mno-hw-mul\libgcc.a(lib2-divmod.o)
 .debug_aranges
                0x00000978       0x20 c:/altera/12.1sp1/nios2eds/bin/gnu/h-i686-mingw32/bin/../lib/gcc/nios2-elf/4.1.2/mno-hw-mul\libgcc.a(lib2-mul.o)
 .debug_aranges
                0x00000998       0x20 ../lab1_bsp/\libucosii_bsp.a(alt_exit.o)
 .debug_aranges
                0x000009b8       0x20 ../lab1_bsp/\libucosii_bsp.a(alt_fstat.o)
 .debug_aranges
                0x000009d8       0x20 ../lab1_bsp/\libucosii_bsp.a(alt_isatty.o)
 .debug_aranges
                0x000009f8       0x20 ../lab1_bsp/\libucosii_bsp.a(alt_lseek.o)
 .debug_aranges
                0x00000a18       0x20 ../lab1_bsp/\libucosii_bsp.a(alt_read.o)
 .debug_aranges
                0x00000a38       0x20 ../lab1_bsp/\libucosii_bsp.a(alt_sbrk.o)
 .debug_aranges
                0x00000a58       0x20 ../lab1_bsp/\libucosii_bsp.a(alt_write.o)

.debug_pubnames
                0x00000000     0x1c71
 *(.debug_pubnames)
 .debug_pubnames
                0x00000000       0x88 obj/default/hello_ucosii.o
 .debug_pubnames
                0x00000088       0x1f ../lab1_bsp/\libucosii_bsp.a(alt_load.o)
 .debug_pubnames
                0x000000a7       0x46 ../lab1_bsp/\libucosii_bsp.a(alt_main.o)
 .debug_pubnames
                0x000000ed       0x21 ../lab1_bsp/\libucosii_bsp.a(alt_printf.o)
 .debug_pubnames
                0x0000010e       0x22 ../lab1_bsp/\libucosii_bsp.a(alt_putchar.o)
 .debug_pubnames
                0x00000130       0x41 ../lab1_bsp/\libucosii_bsp.a(alt_env_lock.o)
 .debug_pubnames
                0x00000171       0x48 ../lab1_bsp/\libucosii_bsp.a(alt_malloc_lock.o)
 .debug_pubnames
                0x000001b9      0x3f8 ../lab1_bsp/\libucosii_bsp.a(os_core.o)
 .debug_pubnames
                0x000005b1      0x3c5 ../lab1_bsp/\libucosii_bsp.a(os_dbg.o)
 .debug_pubnames
                0x00000976       0xd0 ../lab1_bsp/\libucosii_bsp.a(os_flag.o)
 .debug_pubnames
                0x00000a46       0x7c ../lab1_bsp/\libucosii_bsp.a(os_mem.o)
 .debug_pubnames
                0x00000ac2       0xa9 ../lab1_bsp/\libucosii_bsp.a(os_q.o)
 .debug_pubnames
                0x00000b6b       0x8a ../lab1_bsp/\libucosii_bsp.a(os_sem.o)
 .debug_pubnames
                0x00000bf5       0xe5 ../lab1_bsp/\libucosii_bsp.a(os_task.o)
 .debug_pubnames
                0x00000cda       0x62 ../lab1_bsp/\libucosii_bsp.a(os_time.o)
 .debug_pubnames
                0x00000d3c       0x34 ../lab1_bsp/\libucosii_bsp.a(alt_sys_init.o)
 .debug_pubnames
                0x00000d70       0xa5 ../lab1_bsp/\libucosii_bsp.a(altera_avalon_jtag_uart_fd.o)
 .debug_pubnames
                0x00000e15       0x55 ../lab1_bsp/\libucosii_bsp.a(altera_avalon_jtag_uart_init.o)
 .debug_pubnames
                0x00000e6a       0x34 ../lab1_bsp/\libucosii_bsp.a(altera_avalon_jtag_uart_ioctl.o)
 .debug_pubnames
                0x00000e9e       0x33 ../lab1_bsp/\libucosii_bsp.a(altera_avalon_jtag_uart_read.o)
 .debug_pubnames
                0x00000ed1       0x34 ../lab1_bsp/\libucosii_bsp.a(altera_avalon_jtag_uart_write.o)
 .debug_pubnames
                0x00000f05       0x2f ../lab1_bsp/\libucosii_bsp.a(altera_avalon_timer_sc.o)
 .debug_pubnames
                0x00000f34      0x1cd ../lab1_bsp/\libucosii_bsp.a(altera_up_avalon_character_lcd.o)
 .debug_pubnames
                0x00001101       0x26 ../lab1_bsp/\libucosii_bsp.a(alt_alarm_start.o)
 .debug_pubnames
                0x00001127       0x1c ../lab1_bsp/\libucosii_bsp.a(alt_close.o)
 .debug_pubnames
                0x00001143       0x2b ../lab1_bsp/\libucosii_bsp.a(alt_dcache_flush_all.o)
 .debug_pubnames
                0x0000116e       0x78 ../lab1_bsp/\libucosii_bsp.a(alt_dev.o)
 .debug_pubnames
                0x000011e6       0x2b ../lab1_bsp/\libucosii_bsp.a(alt_dev_llist_insert.o)
 .debug_pubnames
                0x00001211       0x20 ../lab1_bsp/\libucosii_bsp.a(alt_do_ctors.o)
 .debug_pubnames
                0x00001231       0x20 ../lab1_bsp/\libucosii_bsp.a(alt_do_dtors.o)
 .debug_pubnames
                0x00001251       0x20 ../lab1_bsp/\libucosii_bsp.a(alt_errno.o)
 .debug_pubnames
                0x00001271       0x23 ../lab1_bsp/\libucosii_bsp.a(alt_find_dev.o)
 .debug_pubnames
                0x00001294       0x2b ../lab1_bsp/\libucosii_bsp.a(alt_icache_flush_all.o)
 .debug_pubnames
                0x000012bf       0x6e ../lab1_bsp/\libucosii_bsp.a(alt_iic.o)
 .debug_pubnames
                0x0000132d       0x2b ../lab1_bsp/\libucosii_bsp.a(alt_iic_isr_register.o)
 .debug_pubnames
                0x00001358       0x26 ../lab1_bsp/\libucosii_bsp.a(alt_io_redirect.o)
 .debug_pubnames
                0x0000137e       0x32 ../lab1_bsp/\libucosii_bsp.a(alt_irq_handler.o)
 .debug_pubnames
                0x000013b0       0x3b ../lab1_bsp/\libucosii_bsp.a(alt_irq_vars.o)
 .debug_pubnames
                0x000013eb       0x1b ../lab1_bsp/\libucosii_bsp.a(alt_open.o)
 .debug_pubnames
                0x00001406       0x25 ../lab1_bsp/\libucosii_bsp.a(alt_release_fd.o)
 .debug_pubnames
                0x0000142b       0x68 ../lab1_bsp/\libucosii_bsp.a(alt_tick.o)
 .debug_pubnames
                0x00001493       0x31 ../lab1_bsp/\libucosii_bsp.a(altera_nios2_qsys_irq.o)
 .debug_pubnames
                0x000014c4       0xcd ../lab1_bsp/\libucosii_bsp.a(os_cpu_c.o)
 .debug_pubnames
                0x00001591       0x24 ../lab1_bsp/\libucosii_bsp.a(alt_find_file.o)
 .debug_pubnames
                0x000015b5       0x21 ../lab1_bsp/\libucosii_bsp.a(alt_get_fd.o)
 .debug_pubnames
                0x000015d6       0x2a c:/altera/12.1sp1/nios2eds/bin/gnu/h-i686-mingw32/bin/../lib/gcc/nios2-elf/4.1.2/../../../../nios2-elf/lib/mno-hw-mul\libc.a(lib_a-atexit.o)
 .debug_pubnames
                0x00001600       0x1b c:/altera/12.1sp1/nios2eds/bin/gnu/h-i686-mingw32/bin/../lib/gcc/nios2-elf/4.1.2/../../../../nios2-elf/lib/mno-hw-mul\libc.a(lib_a-exit.o)
 .debug_pubnames
                0x0000161b       0x39 c:/altera/12.1sp1/nios2eds/bin/gnu/h-i686-mingw32/bin/../lib/gcc/nios2-elf/4.1.2/../../../../nios2-elf/lib/mno-hw-mul\libc.a(lib_a-impure.o)
 .debug_pubnames
                0x00001654       0x1c c:/altera/12.1sp1/nios2eds/bin/gnu/h-i686-mingw32/bin/../lib/gcc/nios2-elf/4.1.2/../../../../nios2-elf/lib/mno-hw-mul\libc.a(lib_a-int_errno.o)
 .debug_pubnames
                0x00001670       0x1d c:/altera/12.1sp1/nios2eds/bin/gnu/h-i686-mingw32/bin/../lib/gcc/nios2-elf/4.1.2/../../../../nios2-elf/lib/mno-hw-mul\libc.a(lib_a-memcmp.o)
 .debug_pubnames
                0x0000168d       0x1d c:/altera/12.1sp1/nios2eds/bin/gnu/h-i686-mingw32/bin/../lib/gcc/nios2-elf/4.1.2/../../../../nios2-elf/lib/mno-hw-mul\libc.a(lib_a-memcpy.o)
 .debug_pubnames
                0x000016aa       0x1d c:/altera/12.1sp1/nios2eds/bin/gnu/h-i686-mingw32/bin/../lib/gcc/nios2-elf/4.1.2/../../../../nios2-elf/lib/mno-hw-mul\libc.a(lib_a-memset.o)
 .debug_pubnames
                0x000016c7       0x27 c:/altera/12.1sp1/nios2eds/bin/gnu/h-i686-mingw32/bin/../lib/gcc/nios2-elf/4.1.2/../../../../nios2-elf/lib/mno-hw-mul\libc.a(lib_a-putc.o)
 .debug_pubnames
                0x000016ee       0x1d c:/altera/12.1sp1/nios2eds/bin/gnu/h-i686-mingw32/bin/../lib/gcc/nios2-elf/4.1.2/../../../../nios2-elf/lib/mno-hw-mul\libc.a(lib_a-strlen.o)
 .debug_pubnames
                0x0000170b       0x2c c:/altera/12.1sp1/nios2eds/bin/gnu/h-i686-mingw32/bin/../lib/gcc/nios2-elf/4.1.2/../../../../nios2-elf/lib/mno-hw-mul\libc.a(lib_a-wbuf.o)
 .debug_pubnames
                0x00001737       0x22 c:/altera/12.1sp1/nios2eds/bin/gnu/h-i686-mingw32/bin/../lib/gcc/nios2-elf/4.1.2/../../../../nios2-elf/lib/mno-hw-mul\libc.a(lib_a-wsetup.o)
 .debug_pubnames
                0x00001759       0x2a c:/altera/12.1sp1/nios2eds/bin/gnu/h-i686-mingw32/bin/../lib/gcc/nios2-elf/4.1.2/../../../../nios2-elf/lib/mno-hw-mul\libc.a(lib_a-__atexit.o)
 .debug_pubnames
                0x00001783       0x27 c:/altera/12.1sp1/nios2eds/bin/gnu/h-i686-mingw32/bin/../lib/gcc/nios2-elf/4.1.2/../../../../nios2-elf/lib/mno-hw-mul\libc.a(lib_a-__call_atexit.o)
 .debug_pubnames
                0x000017aa       0x2b c:/altera/12.1sp1/nios2eds/bin/gnu/h-i686-mingw32/bin/../lib/gcc/nios2-elf/4.1.2/../../../../nios2-elf/lib/mno-hw-mul\libc.a(lib_a-fflush.o)
 .debug_pubnames
                0x000017d5       0xdb c:/altera/12.1sp1/nios2eds/bin/gnu/h-i686-mingw32/bin/../lib/gcc/nios2-elf/4.1.2/../../../../nios2-elf/lib/mno-hw-mul\libc.a(lib_a-findfp.o)
 .debug_pubnames
                0x000018b0       0x31 c:/altera/12.1sp1/nios2eds/bin/gnu/h-i686-mingw32/bin/../lib/gcc/nios2-elf/4.1.2/../../../../nios2-elf/lib/mno-hw-mul\libc.a(lib_a-freer.o)
 .debug_pubnames
                0x000018e1       0x2e c:/altera/12.1sp1/nios2eds/bin/gnu/h-i686-mingw32/bin/../lib/gcc/nios2-elf/4.1.2/../../../../nios2-elf/lib/mno-hw-mul\libc.a(lib_a-fwalk.o)
 .debug_pubnames
                0x0000190f       0x23 c:/altera/12.1sp1/nios2eds/bin/gnu/h-i686-mingw32/bin/../lib/gcc/nios2-elf/4.1.2/../../../../nios2-elf/lib/mno-hw-mul\libc.a(lib_a-makebuf.o)
 .debug_pubnames
                0x00001932       0xce c:/altera/12.1sp1/nios2eds/bin/gnu/h-i686-mingw32/bin/../lib/gcc/nios2-elf/4.1.2/../../../../nios2-elf/lib/mno-hw-mul\libc.a(lib_a-mallocr.o)
 .debug_pubnames
                0x00001a00       0x1e c:/altera/12.1sp1/nios2eds/bin/gnu/h-i686-mingw32/bin/../lib/gcc/nios2-elf/4.1.2/../../../../nios2-elf/lib/mno-hw-mul\libc.a(lib_a-sbrkr.o)
 .debug_pubnames
                0x00001a1e       0x44 c:/altera/12.1sp1/nios2eds/bin/gnu/h-i686-mingw32/bin/../lib/gcc/nios2-elf/4.1.2/../../../../nios2-elf/lib/mno-hw-mul\libc.a(lib_a-stdio.o)
 .debug_pubnames
                0x00001a62       0x1f c:/altera/12.1sp1/nios2eds/bin/gnu/h-i686-mingw32/bin/../lib/gcc/nios2-elf/4.1.2/../../../../nios2-elf/lib/mno-hw-mul\libc.a(lib_a-writer.o)
 .debug_pubnames
                0x00001a81       0x1f c:/altera/12.1sp1/nios2eds/bin/gnu/h-i686-mingw32/bin/../lib/gcc/nios2-elf/4.1.2/../../../../nios2-elf/lib/mno-hw-mul\libc.a(lib_a-closer.o)
 .debug_pubnames
                0x00001aa0       0x2b c:/altera/12.1sp1/nios2eds/bin/gnu/h-i686-mingw32/bin/../lib/gcc/nios2-elf/4.1.2/../../../../nios2-elf/lib/mno-hw-mul\libc.a(lib_a-fclose.o)
 .debug_pubnames
                0x00001acb       0x1f c:/altera/12.1sp1/nios2eds/bin/gnu/h-i686-mingw32/bin/../lib/gcc/nios2-elf/4.1.2/../../../../nios2-elf/lib/mno-hw-mul\libc.a(lib_a-fstatr.o)
 .debug_pubnames
                0x00001aea       0x20 c:/altera/12.1sp1/nios2eds/bin/gnu/h-i686-mingw32/bin/../lib/gcc/nios2-elf/4.1.2/../../../../nios2-elf/lib/mno-hw-mul\libc.a(lib_a-isattyr.o)
 .debug_pubnames
                0x00001b0a       0x1f c:/altera/12.1sp1/nios2eds/bin/gnu/h-i686-mingw32/bin/../lib/gcc/nios2-elf/4.1.2/../../../../nios2-elf/lib/mno-hw-mul\libc.a(lib_a-lseekr.o)
 .debug_pubnames
                0x00001b29       0x1e c:/altera/12.1sp1/nios2eds/bin/gnu/h-i686-mingw32/bin/../lib/gcc/nios2-elf/4.1.2/../../../../nios2-elf/lib/mno-hw-mul\libc.a(lib_a-readr.o)
 .debug_pubnames
                0x00001b47       0x48 c:/altera/12.1sp1/nios2eds/bin/gnu/h-i686-mingw32/bin/../lib/gcc/nios2-elf/4.1.2/mno-hw-mul\libgcc.a(lib2-divmod.o)
 .debug_pubnames
                0x00001b8f       0x1f c:/altera/12.1sp1/nios2eds/bin/gnu/h-i686-mingw32/bin/../lib/gcc/nios2-elf/4.1.2/mno-hw-mul\libgcc.a(lib2-mul.o)
 .debug_pubnames
                0x00001bae       0x1c ../lab1_bsp/\libucosii_bsp.a(alt_exit.o)
 .debug_pubnames
                0x00001bca       0x1c ../lab1_bsp/\libucosii_bsp.a(alt_fstat.o)
 .debug_pubnames
                0x00001be6       0x1d ../lab1_bsp/\libucosii_bsp.a(alt_isatty.o)
 .debug_pubnames
                0x00001c03       0x1c ../lab1_bsp/\libucosii_bsp.a(alt_lseek.o)
 .debug_pubnames
                0x00001c1f       0x1b ../lab1_bsp/\libucosii_bsp.a(alt_read.o)
 .debug_pubnames
                0x00001c3a       0x1b ../lab1_bsp/\libucosii_bsp.a(alt_sbrk.o)
 .debug_pubnames
                0x00001c55       0x1c ../lab1_bsp/\libucosii_bsp.a(alt_write.o)

.debug_info     0x00000000    0x26ff8
 *(.debug_info .gnu.linkonce.wi.*)
 .debug_info    0x00000000       0x87 ../lab1_bsp//obj/HAL/src/crt0.o
 .debug_info    0x00000087      0x6de obj/default/hello_ucosii.o
 .debug_info    0x00000765      0x299 ../lab1_bsp/\libucosii_bsp.a(alt_load.o)
 .debug_info    0x000009fe      0x3e9 ../lab1_bsp/\libucosii_bsp.a(alt_main.o)
 .debug_info    0x00000de7      0x1b4 ../lab1_bsp/\libucosii_bsp.a(alt_printf.o)
 .debug_info    0x00000f9b      0xc08 ../lab1_bsp/\libucosii_bsp.a(alt_putchar.o)